[WARNING STA-0503] report_checks -group_count is deprecated. Use -group_path_count instead.
Startpoint: cpu/decoder_trigger$_DFF_P_ (rising edge-triggered flip-flop)
Endpoint: cpu/count_instr[62]$_SDFFE_PN0P_ (rising edge-triggered flip-flop)
Path Group: unconstrained
Path Type: max
Corner: slow

Fanout     Cap    Slew   Delay    Time   Description
-----------------------------------------------------------------------------
                  4.32    0.00    0.00 ^ cpu/decoder_trigger$_DFF_P_/CLK (sky130_fd_sc_hd__dfxtp_1)
    35    0.15    4.74    6.51    6.51 ^ cpu/decoder_trigger$_DFF_P_/Q (sky130_fd_sc_hd__dfxtp_1)
                                         _3425_ (net)
                  4.74    0.00    6.51 ^ _8620_/D (sky130_fd_sc_hd__and4_1)
     4    0.01    0.37    2.50    9.01 ^ _8620_/X (sky130_fd_sc_hd__and4_1)
                                         _4149_ (net)
                  0.37    0.00    9.01 ^ _8621_/D (sky130_fd_sc_hd__and4_1)
     5    0.01    0.40    0.90    9.90 ^ _8621_/X (sky130_fd_sc_hd__and4_1)
                                         _4150_ (net)
                  0.40    0.00    9.90 ^ _8622_/D (sky130_fd_sc_hd__and4_1)
     5    0.01    0.43    0.93   10.84 ^ _8622_/X (sky130_fd_sc_hd__and4_1)
                                         _4151_ (net)
                  0.43    0.00   10.84 ^ _8623_/D (sky130_fd_sc_hd__and4_1)
     5    0.01    0.45    0.96   11.80 ^ _8623_/X (sky130_fd_sc_hd__and4_1)
                                         _4152_ (net)
                  0.45    0.00   11.80 ^ _8624_/D (sky130_fd_sc_hd__and4_1)
     5    0.01    0.44    0.96   12.76 ^ _8624_/X (sky130_fd_sc_hd__and4_1)
                                         _4153_ (net)
                  0.44    0.00   12.76 ^ _8625_/D (sky130_fd_sc_hd__and4_1)
     4    0.01    0.36    0.89   13.65 ^ _8625_/X (sky130_fd_sc_hd__and4_1)
                                         _4154_ (net)
                  0.36    0.00   13.65 ^ _8626_/D (sky130_fd_sc_hd__and4_1)
     5    0.01    0.40    0.89   14.54 ^ _8626_/X (sky130_fd_sc_hd__and4_1)
                                         _4155_ (net)
                  0.40    0.00   14.54 ^ _8627_/D (sky130_fd_sc_hd__and4_1)
     5    0.01    0.39    0.90   15.44 ^ _8627_/X (sky130_fd_sc_hd__and4_1)
                                         _4156_ (net)
                  0.39    0.00   15.44 ^ _8628_/D (sky130_fd_sc_hd__and4_1)
     5    0.01    0.43    0.93   16.37 ^ _8628_/X (sky130_fd_sc_hd__and4_1)
                                         _4157_ (net)
                  0.43    0.00   16.37 ^ _8629_/D (sky130_fd_sc_hd__and4_1)
     5    0.01    0.42    0.94   17.31 ^ _8629_/X (sky130_fd_sc_hd__and4_1)
                                         _4158_ (net)
                  0.42    0.00   17.31 ^ _8630_/D (sky130_fd_sc_hd__and4_1)
     5    0.01    0.45    0.96   18.26 ^ _8630_/X (sky130_fd_sc_hd__and4_1)
                                         _4159_ (net)
                  0.45    0.00   18.26 ^ _8631_/D (sky130_fd_sc_hd__and4_1)
     5    0.01    0.43    0.96   19.22 ^ _8631_/X (sky130_fd_sc_hd__and4_1)
                                         _4160_ (net)
                  0.43    0.00   19.22 ^ _8632_/D (sky130_fd_sc_hd__and4_1)
     5    0.01    0.49    1.00   20.22 ^ _8632_/X (sky130_fd_sc_hd__and4_1)
                                         _4161_ (net)
                  0.49    0.00   20.22 ^ _8633_/D (sky130_fd_sc_hd__nand4_1)
     2    0.01    0.31    0.54   20.76 v _8633_/Y (sky130_fd_sc_hd__nand4_1)
                                         _4162_ (net)
                  0.31    0.00   20.76 v _8634_/D (sky130_fd_sc_hd__nor4_2)
     5    0.01    1.56    1.44   22.20 ^ _8634_/Y (sky130_fd_sc_hd__nor4_2)
                                         _4163_ (net)
                  1.56    0.00   22.20 ^ _8635_/D (sky130_fd_sc_hd__nand4_1)
     5    0.01    0.49    1.11   23.32 v _8635_/Y (sky130_fd_sc_hd__nand4_1)
                                         _4164_ (net)
                  0.49    0.00   23.32 v _8636_/D (sky130_fd_sc_hd__nor4_1)
     4    0.01    1.91    1.83   25.15 ^ _8636_/Y (sky130_fd_sc_hd__nor4_1)
                                         _4165_ (net)
                  1.91    0.00   25.15 ^ _8637_/C (sky130_fd_sc_hd__and3_1)
     5    0.01    0.37    1.41   26.56 ^ _8637_/X (sky130_fd_sc_hd__and3_1)
                                         _4166_ (net)
                  0.37    0.00   26.56 ^ _8638_/D (sky130_fd_sc_hd__and4_1)
     6    0.01    0.52    0.99   27.55 ^ _8638_/X (sky130_fd_sc_hd__and4_1)
                                         _4167_ (net)
                  0.52    0.00   27.55 ^ _8639_/D (sky130_fd_sc_hd__and4_1)
     6    0.01    0.51    1.05   28.60 ^ _8639_/X (sky130_fd_sc_hd__and4_1)
                                         _4168_ (net)
                  0.51    0.00   28.60 ^ _8640_/D (sky130_fd_sc_hd__and4_1)
     4    0.01    0.39    0.95   29.55 ^ _8640_/X (sky130_fd_sc_hd__and4_1)
                                         _4169_ (net)
                  0.39    0.00   29.55 ^ _8641_/B (sky130_fd_sc_hd__and2_0)
     3    0.01    0.39    0.67   30.21 ^ _8641_/X (sky130_fd_sc_hd__and2_0)
                                         _4170_ (net)
                  0.39    0.00   30.21 ^ _8642_/A2 (sky130_fd_sc_hd__o21ai_0)
     1    0.00    0.14    0.31   30.52 v _8642_/Y (sky130_fd_sc_hd__o21ai_0)
                                         _4171_ (net)
                  0.14    0.00   30.52 v _8643_/B1 (sky130_fd_sc_hd__a21oi_1)
     1    0.00    0.30    0.39   30.91 ^ _8643_/Y (sky130_fd_sc_hd__a21oi_1)
                                         _0293_ (net)
                  0.30    0.00   30.91 ^ cpu/count_instr[62]$_SDFFE_PN0P_/D (sky130_fd_sc_hd__dfxtp_1)
                                 30.91   data arrival time
-----------------------------------------------------------------------------
(Path is unconstrained)


Startpoint: cpu/decoder_trigger$_DFF_P_ (rising edge-triggered flip-flop)
Endpoint: cpu/count_instr[63]$_SDFFE_PN0P_ (rising edge-triggered flip-flop)
Path Group: unconstrained
Path Type: max
Corner: slow

Fanout     Cap    Slew   Delay    Time   Description
-----------------------------------------------------------------------------
                  4.32    0.00    0.00 ^ cpu/decoder_trigger$_DFF_P_/CLK (sky130_fd_sc_hd__dfxtp_1)
    35    0.15    4.74    6.51    6.51 ^ cpu/decoder_trigger$_DFF_P_/Q (sky130_fd_sc_hd__dfxtp_1)
                                         _3425_ (net)
                  4.74    0.00    6.51 ^ _8620_/D (sky130_fd_sc_hd__and4_1)
     4    0.01    0.37    2.50    9.01 ^ _8620_/X (sky130_fd_sc_hd__and4_1)
                                         _4149_ (net)
                  0.37    0.00    9.01 ^ _8621_/D (sky130_fd_sc_hd__and4_1)
     5    0.01    0.40    0.90    9.90 ^ _8621_/X (sky130_fd_sc_hd__and4_1)
                                         _4150_ (net)
                  0.40    0.00    9.90 ^ _8622_/D (sky130_fd_sc_hd__and4_1)
     5    0.01    0.43    0.93   10.84 ^ _8622_/X (sky130_fd_sc_hd__and4_1)
                                         _4151_ (net)
                  0.43    0.00   10.84 ^ _8623_/D (sky130_fd_sc_hd__and4_1)
     5    0.01    0.45    0.96   11.80 ^ _8623_/X (sky130_fd_sc_hd__and4_1)
                                         _4152_ (net)
                  0.45    0.00   11.80 ^ _8624_/D (sky130_fd_sc_hd__and4_1)
     5    0.01    0.44    0.96   12.76 ^ _8624_/X (sky130_fd_sc_hd__and4_1)
                                         _4153_ (net)
                  0.44    0.00   12.76 ^ _8625_/D (sky130_fd_sc_hd__and4_1)
     4    0.01    0.36    0.89   13.65 ^ _8625_/X (sky130_fd_sc_hd__and4_1)
                                         _4154_ (net)
                  0.36    0.00   13.65 ^ _8626_/D (sky130_fd_sc_hd__and4_1)
     5    0.01    0.40    0.89   14.54 ^ _8626_/X (sky130_fd_sc_hd__and4_1)
                                         _4155_ (net)
                  0.40    0.00   14.54 ^ _8627_/D (sky130_fd_sc_hd__and4_1)
     5    0.01    0.39    0.90   15.44 ^ _8627_/X (sky130_fd_sc_hd__and4_1)
                                         _4156_ (net)
                  0.39    0.00   15.44 ^ _8628_/D (sky130_fd_sc_hd__and4_1)
     5    0.01    0.43    0.93   16.37 ^ _8628_/X (sky130_fd_sc_hd__and4_1)
                                         _4157_ (net)
                  0.43    0.00   16.37 ^ _8629_/D (sky130_fd_sc_hd__and4_1)
     5    0.01    0.42    0.94   17.31 ^ _8629_/X (sky130_fd_sc_hd__and4_1)
                                         _4158_ (net)
                  0.42    0.00   17.31 ^ _8630_/D (sky130_fd_sc_hd__and4_1)
     5    0.01    0.45    0.96   18.26 ^ _8630_/X (sky130_fd_sc_hd__and4_1)
                                         _4159_ (net)
                  0.45    0.00   18.26 ^ _8631_/D (sky130_fd_sc_hd__and4_1)
     5    0.01    0.43    0.96   19.22 ^ _8631_/X (sky130_fd_sc_hd__and4_1)
                                         _4160_ (net)
                  0.43    0.00   19.22 ^ _8632_/D (sky130_fd_sc_hd__and4_1)
     5    0.01    0.49    1.00   20.22 ^ _8632_/X (sky130_fd_sc_hd__and4_1)
                                         _4161_ (net)
                  0.49    0.00   20.22 ^ _8633_/D (sky130_fd_sc_hd__nand4_1)
     2    0.01    0.31    0.54   20.76 v _8633_/Y (sky130_fd_sc_hd__nand4_1)
                                         _4162_ (net)
                  0.31    0.00   20.76 v _8634_/D (sky130_fd_sc_hd__nor4_2)
     5    0.01    1.56    1.44   22.20 ^ _8634_/Y (sky130_fd_sc_hd__nor4_2)
                                         _4163_ (net)
                  1.56    0.00   22.20 ^ _8635_/D (sky130_fd_sc_hd__nand4_1)
     5    0.01    0.49    1.11   23.32 v _8635_/Y (sky130_fd_sc_hd__nand4_1)
                                         _4164_ (net)
                  0.49    0.00   23.32 v _8636_/D (sky130_fd_sc_hd__nor4_1)
     4    0.01    1.91    1.83   25.15 ^ _8636_/Y (sky130_fd_sc_hd__nor4_1)
                                         _4165_ (net)
                  1.91    0.00   25.15 ^ _8637_/C (sky130_fd_sc_hd__and3_1)
     5    0.01    0.37    1.41   26.56 ^ _8637_/X (sky130_fd_sc_hd__and3_1)
                                         _4166_ (net)
                  0.37    0.00   26.56 ^ _8638_/D (sky130_fd_sc_hd__and4_1)
     6    0.01    0.52    0.99   27.55 ^ _8638_/X (sky130_fd_sc_hd__and4_1)
                                         _4167_ (net)
                  0.52    0.00   27.55 ^ _8639_/D (sky130_fd_sc_hd__and4_1)
     6    0.01    0.51    1.05   28.60 ^ _8639_/X (sky130_fd_sc_hd__and4_1)
                                         _4168_ (net)
                  0.51    0.00   28.60 ^ _8640_/D (sky130_fd_sc_hd__and4_1)
     4    0.01    0.39    0.95   29.55 ^ _8640_/X (sky130_fd_sc_hd__and4_1)
                                         _4169_ (net)
                  0.39    0.00   29.55 ^ _8824_/C (sky130_fd_sc_hd__nand3_1)
     1    0.00    0.16    0.37   29.91 v _8824_/Y (sky130_fd_sc_hd__nand3_1)
                                         _4287_ (net)
                  0.16    0.00   29.91 v _8825_/B (sky130_fd_sc_hd__xor2_1)
     1    0.00    0.09    0.62   30.53 v _8825_/X (sky130_fd_sc_hd__xor2_1)
                                         _4288_ (net)
                  0.09    0.00   30.53 v _8826_/B (sky130_fd_sc_hd__nor2_1)
     1    0.00    0.25    0.27   30.80 ^ _8826_/Y (sky130_fd_sc_hd__nor2_1)
                                         _0359_ (net)
                  0.25    0.00   30.80 ^ cpu/count_instr[63]$_SDFFE_PN0P_/D (sky130_fd_sc_hd__dfxtp_1)
                                 30.80   data arrival time
-----------------------------------------------------------------------------
(Path is unconstrained)


Startpoint: cpu/decoder_trigger$_DFF_P_ (rising edge-triggered flip-flop)
Endpoint: cpu/count_instr[61]$_SDFFE_PN0P_ (rising edge-triggered flip-flop)
Path Group: unconstrained
Path Type: max
Corner: slow

Fanout     Cap    Slew   Delay    Time   Description
-----------------------------------------------------------------------------
                  4.32    0.00    0.00 ^ cpu/decoder_trigger$_DFF_P_/CLK (sky130_fd_sc_hd__dfxtp_1)
    35    0.15    4.74    6.51    6.51 ^ cpu/decoder_trigger$_DFF_P_/Q (sky130_fd_sc_hd__dfxtp_1)
                                         _3425_ (net)
                  4.74    0.00    6.51 ^ _8620_/D (sky130_fd_sc_hd__and4_1)
     4    0.01    0.37    2.50    9.01 ^ _8620_/X (sky130_fd_sc_hd__and4_1)
                                         _4149_ (net)
                  0.37    0.00    9.01 ^ _8621_/D (sky130_fd_sc_hd__and4_1)
     5    0.01    0.40    0.90    9.90 ^ _8621_/X (sky130_fd_sc_hd__and4_1)
                                         _4150_ (net)
                  0.40    0.00    9.90 ^ _8622_/D (sky130_fd_sc_hd__and4_1)
     5    0.01    0.43    0.93   10.84 ^ _8622_/X (sky130_fd_sc_hd__and4_1)
                                         _4151_ (net)
                  0.43    0.00   10.84 ^ _8623_/D (sky130_fd_sc_hd__and4_1)
     5    0.01    0.45    0.96   11.80 ^ _8623_/X (sky130_fd_sc_hd__and4_1)
                                         _4152_ (net)
                  0.45    0.00   11.80 ^ _8624_/D (sky130_fd_sc_hd__and4_1)
     5    0.01    0.44    0.96   12.76 ^ _8624_/X (sky130_fd_sc_hd__and4_1)
                                         _4153_ (net)
                  0.44    0.00   12.76 ^ _8625_/D (sky130_fd_sc_hd__and4_1)
     4    0.01    0.36    0.89   13.65 ^ _8625_/X (sky130_fd_sc_hd__and4_1)
                                         _4154_ (net)
                  0.36    0.00   13.65 ^ _8626_/D (sky130_fd_sc_hd__and4_1)
     5    0.01    0.40    0.89   14.54 ^ _8626_/X (sky130_fd_sc_hd__and4_1)
                                         _4155_ (net)
                  0.40    0.00   14.54 ^ _8627_/D (sky130_fd_sc_hd__and4_1)
     5    0.01    0.39    0.90   15.44 ^ _8627_/X (sky130_fd_sc_hd__and4_1)
                                         _4156_ (net)
                  0.39    0.00   15.44 ^ _8628_/D (sky130_fd_sc_hd__and4_1)
     5    0.01    0.43    0.93   16.37 ^ _8628_/X (sky130_fd_sc_hd__and4_1)
                                         _4157_ (net)
                  0.43    0.00   16.37 ^ _8629_/D (sky130_fd_sc_hd__and4_1)
     5    0.01    0.42    0.94   17.31 ^ _8629_/X (sky130_fd_sc_hd__and4_1)
                                         _4158_ (net)
                  0.42    0.00   17.31 ^ _8630_/D (sky130_fd_sc_hd__and4_1)
     5    0.01    0.45    0.96   18.26 ^ _8630_/X (sky130_fd_sc_hd__and4_1)
                                         _4159_ (net)
                  0.45    0.00   18.26 ^ _8631_/D (sky130_fd_sc_hd__and4_1)
     5    0.01    0.43    0.96   19.22 ^ _8631_/X (sky130_fd_sc_hd__and4_1)
                                         _4160_ (net)
                  0.43    0.00   19.22 ^ _8632_/D (sky130_fd_sc_hd__and4_1)
     5    0.01    0.49    1.00   20.22 ^ _8632_/X (sky130_fd_sc_hd__and4_1)
                                         _4161_ (net)
                  0.49    0.00   20.22 ^ _8633_/D (sky130_fd_sc_hd__nand4_1)
     2    0.01    0.31    0.54   20.76 v _8633_/Y (sky130_fd_sc_hd__nand4_1)
                                         _4162_ (net)
                  0.31    0.00   20.76 v _8634_/D (sky130_fd_sc_hd__nor4_2)
     5    0.01    1.56    1.44   22.20 ^ _8634_/Y (sky130_fd_sc_hd__nor4_2)
                                         _4163_ (net)
                  1.56    0.00   22.20 ^ _8635_/D (sky130_fd_sc_hd__nand4_1)
     5    0.01    0.49    1.11   23.32 v _8635_/Y (sky130_fd_sc_hd__nand4_1)
                                         _4164_ (net)
                  0.49    0.00   23.32 v _8636_/D (sky130_fd_sc_hd__nor4_1)
     4    0.01    1.91    1.83   25.15 ^ _8636_/Y (sky130_fd_sc_hd__nor4_1)
                                         _4165_ (net)
                  1.91    0.00   25.15 ^ _8637_/C (sky130_fd_sc_hd__and3_1)
     5    0.01    0.37    1.41   26.56 ^ _8637_/X (sky130_fd_sc_hd__and3_1)
                                         _4166_ (net)
                  0.37    0.00   26.56 ^ _8638_/D (sky130_fd_sc_hd__and4_1)
     6    0.01    0.52    0.99   27.55 ^ _8638_/X (sky130_fd_sc_hd__and4_1)
                                         _4167_ (net)
                  0.52    0.00   27.55 ^ _8639_/D (sky130_fd_sc_hd__and4_1)
     6    0.01    0.51    1.05   28.60 ^ _8639_/X (sky130_fd_sc_hd__and4_1)
                                         _4168_ (net)
                  0.51    0.00   28.60 ^ _8640_/D (sky130_fd_sc_hd__and4_1)
     4    0.01    0.39    0.95   29.55 ^ _8640_/X (sky130_fd_sc_hd__and4_1)
                                         _4169_ (net)
                  0.39    0.00   29.55 ^ _8641_/B (sky130_fd_sc_hd__and2_0)
     3    0.01    0.39    0.67   30.21 ^ _8641_/X (sky130_fd_sc_hd__and2_0)
                                         _4170_ (net)
                  0.39    0.00   30.21 ^ _8645_/A (sky130_fd_sc_hd__nor2_1)
     1    0.00    0.08    0.24   30.45 v _8645_/Y (sky130_fd_sc_hd__nor2_1)
                                         _0294_ (net)
                  0.08    0.00   30.45 v cpu/count_instr[61]$_SDFFE_PN0P_/D (sky130_fd_sc_hd__dfxtp_1)
                                 30.45   data arrival time
-----------------------------------------------------------------------------
(Path is unconstrained)


Startpoint: cpu/latched_stalu$_SDFFE_PN0P_ (rising edge-triggered flip-flop)
Endpoint: cpu/reg_next_pc[31]$_SDFFE_PN0P_ (rising edge-triggered flip-flop)
Path Group: unconstrained
Path Type: max
Corner: slow

Fanout     Cap    Slew   Delay    Time   Description
-----------------------------------------------------------------------------
                  4.32    0.00    0.00 ^ cpu/latched_stalu$_SDFFE_PN0P_/CLK (sky130_fd_sc_hd__dfxtp_1)
     3    0.01    0.46    3.36    3.36 ^ cpu/latched_stalu$_SDFFE_PN0P_/Q (sky130_fd_sc_hd__dfxtp_1)
                                         _2675_ (net)
                  0.46    0.00    3.36 ^ place238/A (sky130_fd_sc_hd__buf_4)
    31    0.20    2.10    1.96    5.32 ^ place238/X (sky130_fd_sc_hd__buf_4)
                                         net238 (net)
                  2.10    0.00    5.32 ^ _6985_/S (sky130_fd_sc_hd__mux2_4)
     3    0.01    0.16    1.99    7.32 v _6985_/X (sky130_fd_sc_hd__mux2_4)
                                         _2798_ (net)
                  0.16    0.00    7.32 v _7966_/A1 (sky130_fd_sc_hd__mux2_2)
     2    0.01    0.19    1.39    8.71 v _7966_/X (sky130_fd_sc_hd__mux2_2)
                                         _3636_ (net)
                  0.19    0.00    8.71 v _7968_/B (sky130_fd_sc_hd__maj3_2)
     3    0.01    0.22    1.60   10.31 v _7968_/X (sky130_fd_sc_hd__maj3_2)
                                         _3638_ (net)
                  0.22    0.00   10.31 v _7971_/A2 (sky130_fd_sc_hd__a211oi_2)
     2    0.01    0.98    1.25   11.56 ^ _7971_/Y (sky130_fd_sc_hd__a211oi_2)
                                         _3641_ (net)
                  0.98    0.00   11.56 ^ _7974_/A3 (sky130_fd_sc_hd__o311ai_1)
     3    0.01    0.32    0.74   12.29 v _7974_/Y (sky130_fd_sc_hd__o311ai_1)
                                         _3644_ (net)
                  0.32    0.00   12.29 v _7977_/A3 (sky130_fd_sc_hd__a311oi_1)
     3    0.01    2.39    2.40   14.69 ^ _7977_/Y (sky130_fd_sc_hd__a311oi_1)
                                         _3647_ (net)
                  2.39    0.00   14.69 ^ _7980_/A3 (sky130_fd_sc_hd__o311ai_1)
     4    0.01    0.51    1.41   16.11 v _7980_/Y (sky130_fd_sc_hd__o311ai_1)
                                         _3650_ (net)
                  0.51    0.00   16.11 v _7983_/A3 (sky130_fd_sc_hd__a311oi_2)
     3    0.01    0.99    1.53   17.64 ^ _7983_/Y (sky130_fd_sc_hd__a311oi_2)
                                         _3653_ (net)
                  0.99    0.00   17.64 ^ _7986_/A3 (sky130_fd_sc_hd__o311ai_1)
     3    0.01    0.28    0.72   18.36 v _7986_/Y (sky130_fd_sc_hd__o311ai_1)
                                         _3656_ (net)
                  0.28    0.00   18.36 v _7988_/A3 (sky130_fd_sc_hd__a31oi_1)
     2    0.01    1.03    1.12   19.48 ^ _7988_/Y (sky130_fd_sc_hd__a31oi_1)
                                         _3658_ (net)
                  1.03    0.00   19.48 ^ _7990_/A2 (sky130_fd_sc_hd__o21bai_1)
     3    0.01    0.19    0.62   20.10 v _7990_/Y (sky130_fd_sc_hd__o21bai_1)
                                         _3660_ (net)
                  0.19    0.00   20.10 v _7993_/A2 (sky130_fd_sc_hd__a211o_1)
     3    0.01    0.16    1.36   21.46 v _7993_/X (sky130_fd_sc_hd__a211o_1)
                                         _3663_ (net)
                  0.16    0.00   21.46 v _7995_/A3 (sky130_fd_sc_hd__a31oi_1)
     3    0.01    1.25    1.20   22.66 ^ _7995_/Y (sky130_fd_sc_hd__a31oi_1)
                                         _3665_ (net)
                  1.25    0.00   22.66 ^ _8000_/A2 (sky130_fd_sc_hd__a211o_1)
     4    0.01    0.34    1.01   23.67 ^ _8000_/X (sky130_fd_sc_hd__a211o_1)
                                         _3670_ (net)
                  0.34    0.00   23.67 ^ _8001_/B (sky130_fd_sc_hd__nor2_1)
     2    0.01    0.15    0.24   23.91 v _8001_/Y (sky130_fd_sc_hd__nor2_1)
                                         _3671_ (net)
                  0.15    0.00   23.91 v _8003_/A2 (sky130_fd_sc_hd__a21o_1)
     2    0.00    0.10    0.71   24.62 v _8003_/X (sky130_fd_sc_hd__a21o_1)
                                         _3673_ (net)
                  0.10    0.00   24.62 v _8004_/B (sky130_fd_sc_hd__and2_1)
     4    0.01    0.16    0.69   25.31 v _8004_/X (sky130_fd_sc_hd__and2_1)
                                         _3674_ (net)
                  0.16    0.00   25.31 v _8006_/A3 (sky130_fd_sc_hd__a31o_1)
     2    0.01    0.14    0.96   26.27 v _8006_/X (sky130_fd_sc_hd__a31o_1)
                                         _3676_ (net)
                  0.14    0.00   26.27 v _8008_/A (sky130_fd_sc_hd__nand2_1)
     2    0.00    0.20    0.25   26.52 ^ _8008_/Y (sky130_fd_sc_hd__nand2_1)
                                         _3678_ (net)
                  0.20    0.00   26.52 ^ _8009_/B1 (sky130_fd_sc_hd__o21ai_1)
     2    0.01    0.33    0.32   26.84 v _8009_/Y (sky130_fd_sc_hd__o21ai_1)
                                         _3679_ (net)
                  0.33    0.00   26.84 v _8807_/C (sky130_fd_sc_hd__maj3_2)
     2    0.00    0.19    1.52   28.36 v _8807_/X (sky130_fd_sc_hd__maj3_2)
                                         _4273_ (net)
                  0.19    0.00   28.36 v _8811_/A1 (sky130_fd_sc_hd__o21a_1)
     1    0.00    0.09    0.79   29.15 v _8811_/X (sky130_fd_sc_hd__o21a_1)
                                         _4277_ (net)
                  0.09    0.00   29.15 v _8815_/A2 (sky130_fd_sc_hd__a21oi_1)
     1    0.00    0.34    0.47   29.62 ^ _8815_/Y (sky130_fd_sc_hd__a21oi_1)
                                         _4281_ (net)
                  0.34    0.00   29.62 ^ _8819_/A1 (sky130_fd_sc_hd__o21ai_0)
     1    0.00    0.10    0.30   29.92 v _8819_/Y (sky130_fd_sc_hd__o21ai_0)
                                         _0356_ (net)
                  0.10    0.00   29.92 v cpu/reg_next_pc[31]$_SDFFE_PN0P_/D (sky130_fd_sc_hd__dfxtp_1)
                                 29.92   data arrival time
-----------------------------------------------------------------------------
(Path is unconstrained)


Startpoint: cpu/decoder_trigger$_DFF_P_ (rising edge-triggered flip-flop)
Endpoint: cpu/count_instr[60]$_SDFFE_PN0P_ (rising edge-triggered flip-flop)
Path Group: unconstrained
Path Type: max
Corner: slow

Fanout     Cap    Slew   Delay    Time   Description
-----------------------------------------------------------------------------
                  4.32    0.00    0.00 ^ cpu/decoder_trigger$_DFF_P_/CLK (sky130_fd_sc_hd__dfxtp_1)
    35    0.15    4.74    6.51    6.51 ^ cpu/decoder_trigger$_DFF_P_/Q (sky130_fd_sc_hd__dfxtp_1)
                                         _3425_ (net)
                  4.74    0.00    6.51 ^ _8620_/D (sky130_fd_sc_hd__and4_1)
     4    0.01    0.37    2.50    9.01 ^ _8620_/X (sky130_fd_sc_hd__and4_1)
                                         _4149_ (net)
                  0.37    0.00    9.01 ^ _8621_/D (sky130_fd_sc_hd__and4_1)
     5    0.01    0.40    0.90    9.90 ^ _8621_/X (sky130_fd_sc_hd__and4_1)
                                         _4150_ (net)
                  0.40    0.00    9.90 ^ _8622_/D (sky130_fd_sc_hd__and4_1)
     5    0.01    0.43    0.93   10.84 ^ _8622_/X (sky130_fd_sc_hd__and4_1)
                                         _4151_ (net)
                  0.43    0.00   10.84 ^ _8623_/D (sky130_fd_sc_hd__and4_1)
     5    0.01    0.45    0.96   11.80 ^ _8623_/X (sky130_fd_sc_hd__and4_1)
                                         _4152_ (net)
                  0.45    0.00   11.80 ^ _8624_/D (sky130_fd_sc_hd__and4_1)
     5    0.01    0.44    0.96   12.76 ^ _8624_/X (sky130_fd_sc_hd__and4_1)
                                         _4153_ (net)
                  0.44    0.00   12.76 ^ _8625_/D (sky130_fd_sc_hd__and4_1)
     4    0.01    0.36    0.89   13.65 ^ _8625_/X (sky130_fd_sc_hd__and4_1)
                                         _4154_ (net)
                  0.36    0.00   13.65 ^ _8626_/D (sky130_fd_sc_hd__and4_1)
     5    0.01    0.40    0.89   14.54 ^ _8626_/X (sky130_fd_sc_hd__and4_1)
                                         _4155_ (net)
                  0.40    0.00   14.54 ^ _8627_/D (sky130_fd_sc_hd__and4_1)
     5    0.01    0.39    0.90   15.44 ^ _8627_/X (sky130_fd_sc_hd__and4_1)
                                         _4156_ (net)
                  0.39    0.00   15.44 ^ _8628_/D (sky130_fd_sc_hd__and4_1)
     5    0.01    0.43    0.93   16.37 ^ _8628_/X (sky130_fd_sc_hd__and4_1)
                                         _4157_ (net)
                  0.43    0.00   16.37 ^ _8629_/D (sky130_fd_sc_hd__and4_1)
     5    0.01    0.42    0.94   17.31 ^ _8629_/X (sky130_fd_sc_hd__and4_1)
                                         _4158_ (net)
                  0.42    0.00   17.31 ^ _8630_/D (sky130_fd_sc_hd__and4_1)
     5    0.01    0.45    0.96   18.26 ^ _8630_/X (sky130_fd_sc_hd__and4_1)
                                         _4159_ (net)
                  0.45    0.00   18.26 ^ _8631_/D (sky130_fd_sc_hd__and4_1)
     5    0.01    0.43    0.96   19.22 ^ _8631_/X (sky130_fd_sc_hd__and4_1)
                                         _4160_ (net)
                  0.43    0.00   19.22 ^ _8632_/D (sky130_fd_sc_hd__and4_1)
     5    0.01    0.49    1.00   20.22 ^ _8632_/X (sky130_fd_sc_hd__and4_1)
                                         _4161_ (net)
                  0.49    0.00   20.22 ^ _8633_/D (sky130_fd_sc_hd__nand4_1)
     2    0.01    0.31    0.54   20.76 v _8633_/Y (sky130_fd_sc_hd__nand4_1)
                                         _4162_ (net)
                  0.31    0.00   20.76 v _8634_/D (sky130_fd_sc_hd__nor4_2)
     5    0.01    1.56    1.44   22.20 ^ _8634_/Y (sky130_fd_sc_hd__nor4_2)
                                         _4163_ (net)
                  1.56    0.00   22.20 ^ _8635_/D (sky130_fd_sc_hd__nand4_1)
     5    0.01    0.49    1.11   23.32 v _8635_/Y (sky130_fd_sc_hd__nand4_1)
                                         _4164_ (net)
                  0.49    0.00   23.32 v _8636_/D (sky130_fd_sc_hd__nor4_1)
     4    0.01    1.91    1.83   25.15 ^ _8636_/Y (sky130_fd_sc_hd__nor4_1)
                                         _4165_ (net)
                  1.91    0.00   25.15 ^ _8637_/C (sky130_fd_sc_hd__and3_1)
     5    0.01    0.37    1.41   26.56 ^ _8637_/X (sky130_fd_sc_hd__and3_1)
                                         _4166_ (net)
                  0.37    0.00   26.56 ^ _8638_/D (sky130_fd_sc_hd__and4_1)
     6    0.01    0.52    0.99   27.55 ^ _8638_/X (sky130_fd_sc_hd__and4_1)
                                         _4167_ (net)
                  0.52    0.00   27.55 ^ _8639_/D (sky130_fd_sc_hd__and4_1)
     6    0.01    0.51    1.05   28.60 ^ _8639_/X (sky130_fd_sc_hd__and4_1)
                                         _4168_ (net)
                  0.51    0.00   28.60 ^ _8646_/C (sky130_fd_sc_hd__and3_1)
     2    0.00    0.20    0.69   29.29 ^ _8646_/X (sky130_fd_sc_hd__and3_1)
                                         _4173_ (net)
                  0.20    0.00   29.29 ^ _8647_/A2 (sky130_fd_sc_hd__o21ai_0)
     1    0.00    0.14    0.21   29.50 v _8647_/Y (sky130_fd_sc_hd__o21ai_0)
                                         _4174_ (net)
                  0.14    0.00   29.50 v _8648_/B (sky130_fd_sc_hd__nor2_1)
     1    0.00    0.23    0.30   29.80 ^ _8648_/Y (sky130_fd_sc_hd__nor2_1)
                                         _0295_ (net)
                  0.23    0.00   29.80 ^ cpu/count_instr[60]$_SDFFE_PN0P_/D (sky130_fd_sc_hd__dfxtp_1)
                                 29.80   data arrival time
-----------------------------------------------------------------------------
(Path is unconstrained)


Startpoint: cpu/latched_stalu$_SDFFE_PN0P_ (rising edge-triggered flip-flop)
Endpoint: cpu/reg_next_pc[30]$_SDFFE_PN0P_ (rising edge-triggered flip-flop)
Path Group: unconstrained
Path Type: max
Corner: slow

Fanout     Cap    Slew   Delay    Time   Description
-----------------------------------------------------------------------------
                  4.32    0.00    0.00 ^ cpu/latched_stalu$_SDFFE_PN0P_/CLK (sky130_fd_sc_hd__dfxtp_1)
     3    0.01    0.46    3.36    3.36 ^ cpu/latched_stalu$_SDFFE_PN0P_/Q (sky130_fd_sc_hd__dfxtp_1)
                                         _2675_ (net)
                  0.46    0.00    3.36 ^ place238/A (sky130_fd_sc_hd__buf_4)
    31    0.20    2.10    1.96    5.32 ^ place238/X (sky130_fd_sc_hd__buf_4)
                                         net238 (net)
                  2.10    0.00    5.32 ^ _6975_/S (sky130_fd_sc_hd__mux2_2)
     2    0.01    0.19    2.39    7.71 v _6975_/X (sky130_fd_sc_hd__mux2_2)
                                         _2791_ (net)
                  0.19    0.00    7.71 v _7887_/A1 (sky130_fd_sc_hd__mux2i_1)
     5    0.02    1.78    1.63    9.34 ^ _7887_/Y (sky130_fd_sc_hd__mux2i_1)
                                         _3562_ (net)
                  1.78    0.00    9.34 ^ _7962_/B (sky130_fd_sc_hd__xnor2_1)
     2    0.00    0.61    1.06   10.40 ^ _7962_/Y (sky130_fd_sc_hd__xnor2_1)
                                         _3632_ (net)
                  0.61    0.00   10.40 ^ _7963_/A (sky130_fd_sc_hd__inv_1)
     2    0.01    0.13    0.37   10.77 v _7963_/Y (sky130_fd_sc_hd__inv_1)
                                         _3633_ (net)
                  0.13    0.00   10.77 v _7974_/A1 (sky130_fd_sc_hd__o311ai_1)
     3    0.01    1.97    2.04   12.81 ^ _7974_/Y (sky130_fd_sc_hd__o311ai_1)
                                         _3644_ (net)
                  1.97    0.00   12.81 ^ _7977_/A3 (sky130_fd_sc_hd__a311oi_1)
     3    0.01    0.46    1.28   14.08 v _7977_/Y (sky130_fd_sc_hd__a311oi_1)
                                         _3647_ (net)
                  0.46    0.00   14.08 v _7980_/A3 (sky130_fd_sc_hd__o311ai_1)
     4    0.02    2.75    2.70   16.79 ^ _7980_/Y (sky130_fd_sc_hd__o311ai_1)
                                         _3650_ (net)
                  2.75    0.00   16.79 ^ _7983_/A3 (sky130_fd_sc_hd__a311oi_2)
     3    0.01    0.31    1.34   18.13 v _7983_/Y (sky130_fd_sc_hd__a311oi_2)
                                         _3653_ (net)
                  0.31    0.00   18.13 v _7986_/A3 (sky130_fd_sc_hd__o311ai_1)
     3    0.01    1.78    1.84   19.97 ^ _7986_/Y (sky130_fd_sc_hd__o311ai_1)
                                         _3656_ (net)
                  1.78    0.00   19.97 ^ _7988_/A3 (sky130_fd_sc_hd__a31oi_1)
     2    0.01    0.34    1.07   21.04 v _7988_/Y (sky130_fd_sc_hd__a31oi_1)
                                         _3658_ (net)
                  0.34    0.00   21.04 v _7990_/A2 (sky130_fd_sc_hd__o21bai_1)
     3    0.01    0.71    0.86   21.90 ^ _7990_/Y (sky130_fd_sc_hd__o21bai_1)
                                         _3660_ (net)
                  0.71    0.00   21.90 ^ _7993_/A2 (sky130_fd_sc_hd__a211o_1)
     3    0.01    0.22    0.68   22.58 ^ _7993_/X (sky130_fd_sc_hd__a211o_1)
                                         _3663_ (net)
                  0.22    0.00   22.58 ^ _7995_/A3 (sky130_fd_sc_hd__a31oi_1)
     3    0.01    0.34    0.41   23.00 v _7995_/Y (sky130_fd_sc_hd__a31oi_1)
                                         _3665_ (net)
                  0.34    0.00   23.00 v _8000_/A2 (sky130_fd_sc_hd__a211o_1)
     4    0.01    0.20    1.50   24.50 v _8000_/X (sky130_fd_sc_hd__a211o_1)
                                         _3670_ (net)
                  0.20    0.00   24.50 v _8001_/B (sky130_fd_sc_hd__nor2_1)
     2    0.01    0.48    0.53   25.03 ^ _8001_/Y (sky130_fd_sc_hd__nor2_1)
                                         _3671_ (net)
                  0.48    0.00   25.03 ^ _8003_/A2 (sky130_fd_sc_hd__a21o_1)
     2    0.00    0.16    0.52   25.55 ^ _8003_/X (sky130_fd_sc_hd__a21o_1)
                                         _3673_ (net)
                  0.16    0.00   25.55 ^ _8004_/B (sky130_fd_sc_hd__and2_1)
     4    0.01    0.44    0.60   26.16 ^ _8004_/X (sky130_fd_sc_hd__and2_1)
                                         _3674_ (net)
                  0.44    0.00   26.16 ^ _8006_/A3 (sky130_fd_sc_hd__a31o_1)
     2    0.01    0.34    0.71   26.87 ^ _8006_/X (sky130_fd_sc_hd__a31o_1)
                                         _3676_ (net)
                  0.34    0.00   26.87 ^ _8008_/A (sky130_fd_sc_hd__nand2_1)
     2    0.00    0.13    0.27   27.14 v _8008_/Y (sky130_fd_sc_hd__nand2_1)
                                         _3678_ (net)
                  0.13    0.00   27.14 v _8009_/B1 (sky130_fd_sc_hd__o21ai_1)
     2    0.01    1.12    0.64   27.78 ^ _8009_/Y (sky130_fd_sc_hd__o21ai_1)
                                         _3679_ (net)
                  1.12    0.00   27.78 ^ _8011_/A (sky130_fd_sc_hd__xnor2_1)
     1    0.00    0.46    0.78   28.56 ^ _8011_/Y (sky130_fd_sc_hd__xnor2_1)
                                         _3681_ (net)
                  0.46    0.00   28.56 ^ _8031_/A2 (sky130_fd_sc_hd__o22ai_1)
     1    0.00    0.30    0.33   28.89 v _8031_/Y (sky130_fd_sc_hd__o22ai_1)
                                         _3701_ (net)
                  0.30    0.00   28.89 v _8033_/A2 (sky130_fd_sc_hd__o21ai_0)
     1    0.00    0.37    0.57   29.47 ^ _8033_/Y (sky130_fd_sc_hd__o21ai_0)
                                         _0151_ (net)
                  0.37    0.00   29.47 ^ cpu/reg_next_pc[30]$_SDFFE_PN0P_/D (sky130_fd_sc_hd__dfxtp_1)
                                 29.47   data arrival time
-----------------------------------------------------------------------------
(Path is unconstrained)


Startpoint: cpu/decoder_trigger$_DFF_P_ (rising edge-triggered flip-flop)
Endpoint: cpu/count_instr[59]$_SDFFE_PN0P_ (rising edge-triggered flip-flop)
Path Group: unconstrained
Path Type: max
Corner: slow

Fanout     Cap    Slew   Delay    Time   Description
-----------------------------------------------------------------------------
                  4.32    0.00    0.00 ^ cpu/decoder_trigger$_DFF_P_/CLK (sky130_fd_sc_hd__dfxtp_1)
    35    0.15    4.74    6.51    6.51 ^ cpu/decoder_trigger$_DFF_P_/Q (sky130_fd_sc_hd__dfxtp_1)
                                         _3425_ (net)
                  4.74    0.00    6.51 ^ _8620_/D (sky130_fd_sc_hd__and4_1)
     4    0.01    0.37    2.50    9.01 ^ _8620_/X (sky130_fd_sc_hd__and4_1)
                                         _4149_ (net)
                  0.37    0.00    9.01 ^ _8621_/D (sky130_fd_sc_hd__and4_1)
     5    0.01    0.40    0.90    9.90 ^ _8621_/X (sky130_fd_sc_hd__and4_1)
                                         _4150_ (net)
                  0.40    0.00    9.90 ^ _8622_/D (sky130_fd_sc_hd__and4_1)
     5    0.01    0.43    0.93   10.84 ^ _8622_/X (sky130_fd_sc_hd__and4_1)
                                         _4151_ (net)
                  0.43    0.00   10.84 ^ _8623_/D (sky130_fd_sc_hd__and4_1)
     5    0.01    0.45    0.96   11.80 ^ _8623_/X (sky130_fd_sc_hd__and4_1)
                                         _4152_ (net)
                  0.45    0.00   11.80 ^ _8624_/D (sky130_fd_sc_hd__and4_1)
     5    0.01    0.44    0.96   12.76 ^ _8624_/X (sky130_fd_sc_hd__and4_1)
                                         _4153_ (net)
                  0.44    0.00   12.76 ^ _8625_/D (sky130_fd_sc_hd__and4_1)
     4    0.01    0.36    0.89   13.65 ^ _8625_/X (sky130_fd_sc_hd__and4_1)
                                         _4154_ (net)
                  0.36    0.00   13.65 ^ _8626_/D (sky130_fd_sc_hd__and4_1)
     5    0.01    0.40    0.89   14.54 ^ _8626_/X (sky130_fd_sc_hd__and4_1)
                                         _4155_ (net)
                  0.40    0.00   14.54 ^ _8627_/D (sky130_fd_sc_hd__and4_1)
     5    0.01    0.39    0.90   15.44 ^ _8627_/X (sky130_fd_sc_hd__and4_1)
                                         _4156_ (net)
                  0.39    0.00   15.44 ^ _8628_/D (sky130_fd_sc_hd__and4_1)
     5    0.01    0.43    0.93   16.37 ^ _8628_/X (sky130_fd_sc_hd__and4_1)
                                         _4157_ (net)
                  0.43    0.00   16.37 ^ _8629_/D (sky130_fd_sc_hd__and4_1)
     5    0.01    0.42    0.94   17.31 ^ _8629_/X (sky130_fd_sc_hd__and4_1)
                                         _4158_ (net)
                  0.42    0.00   17.31 ^ _8630_/D (sky130_fd_sc_hd__and4_1)
     5    0.01    0.45    0.96   18.26 ^ _8630_/X (sky130_fd_sc_hd__and4_1)
                                         _4159_ (net)
                  0.45    0.00   18.26 ^ _8631_/D (sky130_fd_sc_hd__and4_1)
     5    0.01    0.43    0.96   19.22 ^ _8631_/X (sky130_fd_sc_hd__and4_1)
                                         _4160_ (net)
                  0.43    0.00   19.22 ^ _8632_/D (sky130_fd_sc_hd__and4_1)
     5    0.01    0.49    1.00   20.22 ^ _8632_/X (sky130_fd_sc_hd__and4_1)
                                         _4161_ (net)
                  0.49    0.00   20.22 ^ _8633_/D (sky130_fd_sc_hd__nand4_1)
     2    0.01    0.31    0.54   20.76 v _8633_/Y (sky130_fd_sc_hd__nand4_1)
                                         _4162_ (net)
                  0.31    0.00   20.76 v _8634_/D (sky130_fd_sc_hd__nor4_2)
     5    0.01    1.56    1.44   22.20 ^ _8634_/Y (sky130_fd_sc_hd__nor4_2)
                                         _4163_ (net)
                  1.56    0.00   22.20 ^ _8635_/D (sky130_fd_sc_hd__nand4_1)
     5    0.01    0.49    1.11   23.32 v _8635_/Y (sky130_fd_sc_hd__nand4_1)
                                         _4164_ (net)
                  0.49    0.00   23.32 v _8636_/D (sky130_fd_sc_hd__nor4_1)
     4    0.01    1.91    1.83   25.15 ^ _8636_/Y (sky130_fd_sc_hd__nor4_1)
                                         _4165_ (net)
                  1.91    0.00   25.15 ^ _8637_/C (sky130_fd_sc_hd__and3_1)
     5    0.01    0.37    1.41   26.56 ^ _8637_/X (sky130_fd_sc_hd__and3_1)
                                         _4166_ (net)
                  0.37    0.00   26.56 ^ _8638_/D (sky130_fd_sc_hd__and4_1)
     6    0.01    0.52    0.99   27.55 ^ _8638_/X (sky130_fd_sc_hd__and4_1)
                                         _4167_ (net)
                  0.52    0.00   27.55 ^ _8639_/D (sky130_fd_sc_hd__and4_1)
     6    0.01    0.51    1.05   28.60 ^ _8639_/X (sky130_fd_sc_hd__and4_1)
                                         _4168_ (net)
                  0.51    0.00   28.60 ^ _8649_/A2 (sky130_fd_sc_hd__a21oi_1)
     1    0.00    0.10    0.34   28.94 v _8649_/Y (sky130_fd_sc_hd__a21oi_1)
                                         _4175_ (net)
                  0.10    0.00   28.94 v _8650_/C (sky130_fd_sc_hd__nor3_1)
     1    0.00    0.50    0.50   29.44 ^ _8650_/Y (sky130_fd_sc_hd__nor3_1)
                                         _0296_ (net)
                  0.50    0.00   29.44 ^ cpu/count_instr[59]$_SDFFE_PN0P_/D (sky130_fd_sc_hd__dfxtp_1)
                                 29.44   data arrival time
-----------------------------------------------------------------------------
(Path is unconstrained)


Startpoint: cpu/decoder_trigger$_DFF_P_ (rising edge-triggered flip-flop)
Endpoint: cpu/count_instr[58]$_SDFFE_PN0P_ (rising edge-triggered flip-flop)
Path Group: unconstrained
Path Type: max
Corner: slow

Fanout     Cap    Slew   Delay    Time   Description
-----------------------------------------------------------------------------
                  4.32    0.00    0.00 ^ cpu/decoder_trigger$_DFF_P_/CLK (sky130_fd_sc_hd__dfxtp_1)
    35    0.15    4.74    6.51    6.51 ^ cpu/decoder_trigger$_DFF_P_/Q (sky130_fd_sc_hd__dfxtp_1)
                                         _3425_ (net)
                  4.74    0.00    6.51 ^ _8620_/D (sky130_fd_sc_hd__and4_1)
     4    0.01    0.37    2.50    9.01 ^ _8620_/X (sky130_fd_sc_hd__and4_1)
                                         _4149_ (net)
                  0.37    0.00    9.01 ^ _8621_/D (sky130_fd_sc_hd__and4_1)
     5    0.01    0.40    0.90    9.90 ^ _8621_/X (sky130_fd_sc_hd__and4_1)
                                         _4150_ (net)
                  0.40    0.00    9.90 ^ _8622_/D (sky130_fd_sc_hd__and4_1)
     5    0.01    0.43    0.93   10.84 ^ _8622_/X (sky130_fd_sc_hd__and4_1)
                                         _4151_ (net)
                  0.43    0.00   10.84 ^ _8623_/D (sky130_fd_sc_hd__and4_1)
     5    0.01    0.45    0.96   11.80 ^ _8623_/X (sky130_fd_sc_hd__and4_1)
                                         _4152_ (net)
                  0.45    0.00   11.80 ^ _8624_/D (sky130_fd_sc_hd__and4_1)
     5    0.01    0.44    0.96   12.76 ^ _8624_/X (sky130_fd_sc_hd__and4_1)
                                         _4153_ (net)
                  0.44    0.00   12.76 ^ _8625_/D (sky130_fd_sc_hd__and4_1)
     4    0.01    0.36    0.89   13.65 ^ _8625_/X (sky130_fd_sc_hd__and4_1)
                                         _4154_ (net)
                  0.36    0.00   13.65 ^ _8626_/D (sky130_fd_sc_hd__and4_1)
     5    0.01    0.40    0.89   14.54 ^ _8626_/X (sky130_fd_sc_hd__and4_1)
                                         _4155_ (net)
                  0.40    0.00   14.54 ^ _8627_/D (sky130_fd_sc_hd__and4_1)
     5    0.01    0.39    0.90   15.44 ^ _8627_/X (sky130_fd_sc_hd__and4_1)
                                         _4156_ (net)
                  0.39    0.00   15.44 ^ _8628_/D (sky130_fd_sc_hd__and4_1)
     5    0.01    0.43    0.93   16.37 ^ _8628_/X (sky130_fd_sc_hd__and4_1)
                                         _4157_ (net)
                  0.43    0.00   16.37 ^ _8629_/D (sky130_fd_sc_hd__and4_1)
     5    0.01    0.42    0.94   17.31 ^ _8629_/X (sky130_fd_sc_hd__and4_1)
                                         _4158_ (net)
                  0.42    0.00   17.31 ^ _8630_/D (sky130_fd_sc_hd__and4_1)
     5    0.01    0.45    0.96   18.26 ^ _8630_/X (sky130_fd_sc_hd__and4_1)
                                         _4159_ (net)
                  0.45    0.00   18.26 ^ _8631_/D (sky130_fd_sc_hd__and4_1)
     5    0.01    0.43    0.96   19.22 ^ _8631_/X (sky130_fd_sc_hd__and4_1)
                                         _4160_ (net)
                  0.43    0.00   19.22 ^ _8632_/D (sky130_fd_sc_hd__and4_1)
     5    0.01    0.49    1.00   20.22 ^ _8632_/X (sky130_fd_sc_hd__and4_1)
                                         _4161_ (net)
                  0.49    0.00   20.22 ^ _8633_/D (sky130_fd_sc_hd__nand4_1)
     2    0.01    0.31    0.54   20.76 v _8633_/Y (sky130_fd_sc_hd__nand4_1)
                                         _4162_ (net)
                  0.31    0.00   20.76 v _8634_/D (sky130_fd_sc_hd__nor4_2)
     5    0.01    1.56    1.44   22.20 ^ _8634_/Y (sky130_fd_sc_hd__nor4_2)
                                         _4163_ (net)
                  1.56    0.00   22.20 ^ _8635_/D (sky130_fd_sc_hd__nand4_1)
     5    0.01    0.49    1.11   23.32 v _8635_/Y (sky130_fd_sc_hd__nand4_1)
                                         _4164_ (net)
                  0.49    0.00   23.32 v _8636_/D (sky130_fd_sc_hd__nor4_1)
     4    0.01    1.91    1.83   25.15 ^ _8636_/Y (sky130_fd_sc_hd__nor4_1)
                                         _4165_ (net)
                  1.91    0.00   25.15 ^ _8637_/C (sky130_fd_sc_hd__and3_1)
     5    0.01    0.37    1.41   26.56 ^ _8637_/X (sky130_fd_sc_hd__and3_1)
                                         _4166_ (net)
                  0.37    0.00   26.56 ^ _8638_/D (sky130_fd_sc_hd__and4_1)
     6    0.01    0.52    0.99   27.55 ^ _8638_/X (sky130_fd_sc_hd__and4_1)
                                         _4167_ (net)
                  0.52    0.00   27.55 ^ _8639_/D (sky130_fd_sc_hd__and4_1)
     6    0.01    0.51    1.05   28.60 ^ _8639_/X (sky130_fd_sc_hd__and4_1)
                                         _4168_ (net)
                  0.51    0.00   28.60 ^ _8654_/A2 (sky130_fd_sc_hd__o21ai_0)
     1    0.00    0.14    0.36   28.96 v _8654_/Y (sky130_fd_sc_hd__o21ai_0)
                                         _4178_ (net)
                  0.14    0.00   28.96 v _8655_/B1 (sky130_fd_sc_hd__a21oi_1)
     1    0.00    0.31    0.40   29.36 ^ _8655_/Y (sky130_fd_sc_hd__a21oi_1)
                                         _0298_ (net)
                  0.31    0.00   29.36 ^ cpu/count_instr[58]$_SDFFE_PN0P_/D (sky130_fd_sc_hd__dfxtp_1)
                                 29.36   data arrival time
-----------------------------------------------------------------------------
(Path is unconstrained)


Startpoint: cpu/latched_stalu$_SDFFE_PN0P_ (rising edge-triggered flip-flop)
Endpoint: cpu/reg_next_pc[28]$_SDFFE_PN0P_ (rising edge-triggered flip-flop)
Path Group: unconstrained
Path Type: max
Corner: slow

Fanout     Cap    Slew   Delay    Time   Description
-----------------------------------------------------------------------------
                  4.32    0.00    0.00 ^ cpu/latched_stalu$_SDFFE_PN0P_/CLK (sky130_fd_sc_hd__dfxtp_1)
     3    0.01    0.46    3.36    3.36 ^ cpu/latched_stalu$_SDFFE_PN0P_/Q (sky130_fd_sc_hd__dfxtp_1)
                                         _2675_ (net)
                  0.46    0.00    3.36 ^ place238/A (sky130_fd_sc_hd__buf_4)
    31    0.20    2.10    1.96    5.32 ^ place238/X (sky130_fd_sc_hd__buf_4)
                                         net238 (net)
                  2.10    0.00    5.32 ^ _6975_/S (sky130_fd_sc_hd__mux2_2)
     2    0.01    0.19    2.39    7.71 v _6975_/X (sky130_fd_sc_hd__mux2_2)
                                         _2791_ (net)
                  0.19    0.00    7.71 v _7887_/A1 (sky130_fd_sc_hd__mux2i_1)
     5    0.02    1.78    1.63    9.34 ^ _7887_/Y (sky130_fd_sc_hd__mux2i_1)
                                         _3562_ (net)
                  1.78    0.00    9.34 ^ _7962_/B (sky130_fd_sc_hd__xnor2_1)
     2    0.00    0.61    1.06   10.40 ^ _7962_/Y (sky130_fd_sc_hd__xnor2_1)
                                         _3632_ (net)
                  0.61    0.00   10.40 ^ _7963_/A (sky130_fd_sc_hd__inv_1)
     2    0.01    0.13    0.37   10.77 v _7963_/Y (sky130_fd_sc_hd__inv_1)
                                         _3633_ (net)
                  0.13    0.00   10.77 v _7974_/A1 (sky130_fd_sc_hd__o311ai_1)
     3    0.01    1.97    2.04   12.81 ^ _7974_/Y (sky130_fd_sc_hd__o311ai_1)
                                         _3644_ (net)
                  1.97    0.00   12.81 ^ _7977_/A3 (sky130_fd_sc_hd__a311oi_1)
     3    0.01    0.46    1.28   14.08 v _7977_/Y (sky130_fd_sc_hd__a311oi_1)
                                         _3647_ (net)
                  0.46    0.00   14.08 v _7980_/A3 (sky130_fd_sc_hd__o311ai_1)
     4    0.02    2.75    2.70   16.79 ^ _7980_/Y (sky130_fd_sc_hd__o311ai_1)
                                         _3650_ (net)
                  2.75    0.00   16.79 ^ _7983_/A3 (sky130_fd_sc_hd__a311oi_2)
     3    0.01    0.31    1.34   18.13 v _7983_/Y (sky130_fd_sc_hd__a311oi_2)
                                         _3653_ (net)
                  0.31    0.00   18.13 v _7986_/A3 (sky130_fd_sc_hd__o311ai_1)
     3    0.01    1.78    1.84   19.97 ^ _7986_/Y (sky130_fd_sc_hd__o311ai_1)
                                         _3656_ (net)
                  1.78    0.00   19.97 ^ _7988_/A3 (sky130_fd_sc_hd__a31oi_1)
     2    0.01    0.34    1.07   21.04 v _7988_/Y (sky130_fd_sc_hd__a31oi_1)
                                         _3658_ (net)
                  0.34    0.00   21.04 v _7990_/A2 (sky130_fd_sc_hd__o21bai_1)
     3    0.01    0.71    0.86   21.90 ^ _7990_/Y (sky130_fd_sc_hd__o21bai_1)
                                         _3660_ (net)
                  0.71    0.00   21.90 ^ _7993_/A2 (sky130_fd_sc_hd__a211o_1)
     3    0.01    0.22    0.68   22.58 ^ _7993_/X (sky130_fd_sc_hd__a211o_1)
                                         _3663_ (net)
                  0.22    0.00   22.58 ^ _7995_/A3 (sky130_fd_sc_hd__a31oi_1)
     3    0.01    0.34    0.41   23.00 v _7995_/Y (sky130_fd_sc_hd__a31oi_1)
                                         _3665_ (net)
                  0.34    0.00   23.00 v _8000_/A2 (sky130_fd_sc_hd__a211o_1)
     4    0.01    0.20    1.50   24.50 v _8000_/X (sky130_fd_sc_hd__a211o_1)
                                         _3670_ (net)
                  0.20    0.00   24.50 v _8001_/B (sky130_fd_sc_hd__nor2_1)
     2    0.01    0.48    0.53   25.03 ^ _8001_/Y (sky130_fd_sc_hd__nor2_1)
                                         _3671_ (net)
                  0.48    0.00   25.03 ^ _8003_/A2 (sky130_fd_sc_hd__a21o_1)
     2    0.00    0.16    0.52   25.55 ^ _8003_/X (sky130_fd_sc_hd__a21o_1)
                                         _3673_ (net)
                  0.16    0.00   25.55 ^ _8004_/B (sky130_fd_sc_hd__and2_1)
     4    0.01    0.44    0.60   26.16 ^ _8004_/X (sky130_fd_sc_hd__and2_1)
                                         _3674_ (net)
                  0.44    0.00   26.16 ^ _8054_/A2 (sky130_fd_sc_hd__a21oi_1)
     2    0.00    0.16    0.34   26.50 v _8054_/Y (sky130_fd_sc_hd__a21oi_1)
                                         _3722_ (net)
                  0.16    0.00   26.50 v _8055_/B (sky130_fd_sc_hd__nor2_1)
     3    0.01    0.59    0.59   27.09 ^ _8055_/Y (sky130_fd_sc_hd__nor2_1)
                                         _3723_ (net)
                  0.59    0.00   27.09 ^ _8056_/C (sky130_fd_sc_hd__nor3_1)
     1    0.00    0.13    0.32   27.41 v _8056_/Y (sky130_fd_sc_hd__nor3_1)
                                         _3724_ (net)
                  0.13    0.00   27.41 v _8060_/A1 (sky130_fd_sc_hd__o221ai_1)
     1    0.00    0.60    0.76   28.17 ^ _8060_/Y (sky130_fd_sc_hd__o221ai_1)
                                         _3728_ (net)
                  0.60    0.00   28.17 ^ _8061_/B1 (sky130_fd_sc_hd__o21ai_0)
     1    0.00    0.35    0.42   28.59 v _8061_/Y (sky130_fd_sc_hd__o21ai_0)
                                         _3729_ (net)
                  0.35    0.00   28.59 v _8062_/B (sky130_fd_sc_hd__nand2_1)
     1    0.00    0.12    0.34   28.93 ^ _8062_/Y (sky130_fd_sc_hd__nand2_1)
                                         _0153_ (net)
                  0.12    0.00   28.93 ^ cpu/reg_next_pc[28]$_SDFFE_PN0P_/D (sky130_fd_sc_hd__dfxtp_1)
                                 28.93   data arrival time
-----------------------------------------------------------------------------
(Path is unconstrained)


Startpoint: cpu/decoder_trigger$_DFF_P_ (rising edge-triggered flip-flop)
Endpoint: cpu/count_instr[57]$_SDFFE_PN0P_ (rising edge-triggered flip-flop)
Path Group: unconstrained
Path Type: max
Corner: slow

Fanout     Cap    Slew   Delay    Time   Description
-----------------------------------------------------------------------------
                  4.32    0.00    0.00 ^ cpu/decoder_trigger$_DFF_P_/CLK (sky130_fd_sc_hd__dfxtp_1)
    35    0.15    4.74    6.51    6.51 ^ cpu/decoder_trigger$_DFF_P_/Q (sky130_fd_sc_hd__dfxtp_1)
                                         _3425_ (net)
                  4.74    0.00    6.51 ^ _8620_/D (sky130_fd_sc_hd__and4_1)
     4    0.01    0.37    2.50    9.01 ^ _8620_/X (sky130_fd_sc_hd__and4_1)
                                         _4149_ (net)
                  0.37    0.00    9.01 ^ _8621_/D (sky130_fd_sc_hd__and4_1)
     5    0.01    0.40    0.90    9.90 ^ _8621_/X (sky130_fd_sc_hd__and4_1)
                                         _4150_ (net)
                  0.40    0.00    9.90 ^ _8622_/D (sky130_fd_sc_hd__and4_1)
     5    0.01    0.43    0.93   10.84 ^ _8622_/X (sky130_fd_sc_hd__and4_1)
                                         _4151_ (net)
                  0.43    0.00   10.84 ^ _8623_/D (sky130_fd_sc_hd__and4_1)
     5    0.01    0.45    0.96   11.80 ^ _8623_/X (sky130_fd_sc_hd__and4_1)
                                         _4152_ (net)
                  0.45    0.00   11.80 ^ _8624_/D (sky130_fd_sc_hd__and4_1)
     5    0.01    0.44    0.96   12.76 ^ _8624_/X (sky130_fd_sc_hd__and4_1)
                                         _4153_ (net)
                  0.44    0.00   12.76 ^ _8625_/D (sky130_fd_sc_hd__and4_1)
     4    0.01    0.36    0.89   13.65 ^ _8625_/X (sky130_fd_sc_hd__and4_1)
                                         _4154_ (net)
                  0.36    0.00   13.65 ^ _8626_/D (sky130_fd_sc_hd__and4_1)
     5    0.01    0.40    0.89   14.54 ^ _8626_/X (sky130_fd_sc_hd__and4_1)
                                         _4155_ (net)
                  0.40    0.00   14.54 ^ _8627_/D (sky130_fd_sc_hd__and4_1)
     5    0.01    0.39    0.90   15.44 ^ _8627_/X (sky130_fd_sc_hd__and4_1)
                                         _4156_ (net)
                  0.39    0.00   15.44 ^ _8628_/D (sky130_fd_sc_hd__and4_1)
     5    0.01    0.43    0.93   16.37 ^ _8628_/X (sky130_fd_sc_hd__and4_1)
                                         _4157_ (net)
                  0.43    0.00   16.37 ^ _8629_/D (sky130_fd_sc_hd__and4_1)
     5    0.01    0.42    0.94   17.31 ^ _8629_/X (sky130_fd_sc_hd__and4_1)
                                         _4158_ (net)
                  0.42    0.00   17.31 ^ _8630_/D (sky130_fd_sc_hd__and4_1)
     5    0.01    0.45    0.96   18.26 ^ _8630_/X (sky130_fd_sc_hd__and4_1)
                                         _4159_ (net)
                  0.45    0.00   18.26 ^ _8631_/D (sky130_fd_sc_hd__and4_1)
     5    0.01    0.43    0.96   19.22 ^ _8631_/X (sky130_fd_sc_hd__and4_1)
                                         _4160_ (net)
                  0.43    0.00   19.22 ^ _8632_/D (sky130_fd_sc_hd__and4_1)
     5    0.01    0.49    1.00   20.22 ^ _8632_/X (sky130_fd_sc_hd__and4_1)
                                         _4161_ (net)
                  0.49    0.00   20.22 ^ _8633_/D (sky130_fd_sc_hd__nand4_1)
     2    0.01    0.31    0.54   20.76 v _8633_/Y (sky130_fd_sc_hd__nand4_1)
                                         _4162_ (net)
                  0.31    0.00   20.76 v _8634_/D (sky130_fd_sc_hd__nor4_2)
     5    0.01    1.56    1.44   22.20 ^ _8634_/Y (sky130_fd_sc_hd__nor4_2)
                                         _4163_ (net)
                  1.56    0.00   22.20 ^ _8635_/D (sky130_fd_sc_hd__nand4_1)
     5    0.01    0.49    1.11   23.32 v _8635_/Y (sky130_fd_sc_hd__nand4_1)
                                         _4164_ (net)
                  0.49    0.00   23.32 v _8636_/D (sky130_fd_sc_hd__nor4_1)
     4    0.01    1.91    1.83   25.15 ^ _8636_/Y (sky130_fd_sc_hd__nor4_1)
                                         _4165_ (net)
                  1.91    0.00   25.15 ^ _8637_/C (sky130_fd_sc_hd__and3_1)
     5    0.01    0.37    1.41   26.56 ^ _8637_/X (sky130_fd_sc_hd__and3_1)
                                         _4166_ (net)
                  0.37    0.00   26.56 ^ _8638_/D (sky130_fd_sc_hd__and4_1)
     6    0.01    0.52    0.99   27.55 ^ _8638_/X (sky130_fd_sc_hd__and4_1)
                                         _4167_ (net)
                  0.52    0.00   27.55 ^ _8639_/D (sky130_fd_sc_hd__and4_1)
     6    0.01    0.51    1.05   28.60 ^ _8639_/X (sky130_fd_sc_hd__and4_1)
                                         _4168_ (net)
                  0.51    0.00   28.60 ^ _8658_/A (sky130_fd_sc_hd__nor2_1)
     1    0.00    0.08    0.28   28.88 v _8658_/Y (sky130_fd_sc_hd__nor2_1)
                                         _0299_ (net)
                  0.08    0.00   28.88 v cpu/count_instr[57]$_SDFFE_PN0P_/D (sky130_fd_sc_hd__dfxtp_1)
                                 28.88   data arrival time
-----------------------------------------------------------------------------
(Path is unconstrained)


