max slew

Pin                                    Limit    Slew   Slack
------------------------------------------------------------
_7338_/S0                               1.50    3.56   -2.06 (VIOLATED)
_7357_/S0                               1.50    3.56   -2.06 (VIOLATED)
_7359_/S0                               1.50    3.56   -2.06 (VIOLATED)
_7361_/S0                               1.50    3.56   -2.06 (VIOLATED)
_7363_/S0                               1.50    3.56   -2.06 (VIOLATED)
_7367_/S0                               1.50    3.56   -2.06 (VIOLATED)
_7369_/S0                               1.50    3.56   -2.06 (VIOLATED)
_7372_/S0                               1.50    3.56   -2.06 (VIOLATED)
_7374_/S0                               1.50    3.56   -2.06 (VIOLATED)
_7389_/S0                               1.50    3.56   -2.06 (VIOLATED)
_7391_/S0                               1.50    3.56   -2.06 (VIOLATED)
_7393_/S0                               1.50    3.56   -2.06 (VIOLATED)
_7401_/S0                               1.50    3.56   -2.06 (VIOLATED)
_7403_/S0                               1.50    3.56   -2.06 (VIOLATED)
_7405_/S0                               1.50    3.56   -2.06 (VIOLATED)
_7407_/S0                               1.50    3.56   -2.06 (VIOLATED)
_7418_/S0                               1.50    3.56   -2.06 (VIOLATED)
_7419_/S0                               1.50    3.56   -2.06 (VIOLATED)
_7420_/S0                               1.50    3.56   -2.06 (VIOLATED)
_7421_/S0                               1.50    3.56   -2.06 (VIOLATED)
_7424_/S0                               1.50    3.56   -2.06 (VIOLATED)
_7425_/S0                               1.50    3.56   -2.06 (VIOLATED)
_7426_/S0                               1.50    3.56   -2.06 (VIOLATED)
_7427_/S0                               1.50    3.56   -2.06 (VIOLATED)
_7438_/S0                               1.50    3.56   -2.06 (VIOLATED)
_7439_/S0                               1.50    3.56   -2.06 (VIOLATED)
_7440_/S0                               1.50    3.56   -2.06 (VIOLATED)
_7441_/S0                               1.50    3.56   -2.06 (VIOLATED)
_7443_/S0                               1.50    3.56   -2.06 (VIOLATED)
_7445_/S0                               1.50    3.56   -2.06 (VIOLATED)
_7447_/S0                               1.50    3.56   -2.06 (VIOLATED)
_7450_/B1                               1.50    3.56   -2.06 (VIOLATED)
_7452_/A                                1.50    3.56   -2.06 (VIOLATED)
_7463_/S0                               1.50    3.56   -2.06 (VIOLATED)
_7465_/S0                               1.50    3.56   -2.06 (VIOLATED)
_7467_/S0                               1.50    3.56   -2.06 (VIOLATED)
_7469_/S0                               1.50    3.56   -2.06 (VIOLATED)
_7472_/S0                               1.50    3.56   -2.06 (VIOLATED)
_7473_/S0                               1.50    3.56   -2.06 (VIOLATED)
_7475_/S0                               1.50    3.56   -2.06 (VIOLATED)
_7477_/S0                               1.50    3.56   -2.06 (VIOLATED)
_7489_/B1                               1.50    3.56   -2.06 (VIOLATED)
_7491_/A                                1.50    3.56   -2.06 (VIOLATED)
_7494_/S0                               1.50    3.56   -2.06 (VIOLATED)
_7496_/S0                               1.50    3.56   -2.06 (VIOLATED)
_7498_/S0                               1.50    3.56   -2.06 (VIOLATED)
_7502_/S0                               1.50    3.56   -2.06 (VIOLATED)
_7503_/S0                               1.50    3.56   -2.06 (VIOLATED)
_7504_/S0                               1.50    3.56   -2.06 (VIOLATED)
_7505_/S0                               1.50    3.56   -2.06 (VIOLATED)
_7521_/S0                               1.50    3.56   -2.06 (VIOLATED)
_7523_/S0                               1.50    3.56   -2.06 (VIOLATED)
_7525_/S0                               1.50    3.56   -2.06 (VIOLATED)
_7527_/S0                               1.50    3.56   -2.06 (VIOLATED)
_7530_/S0                               1.50    3.56   -2.06 (VIOLATED)
_7532_/S0                               1.50    3.56   -2.06 (VIOLATED)
_7534_/S0                               1.50    3.56   -2.06 (VIOLATED)
_7536_/S0                               1.50    3.56   -2.06 (VIOLATED)
_7545_/S0                               1.50    3.56   -2.06 (VIOLATED)
_7546_/S0                               1.50    3.56   -2.06 (VIOLATED)
_7548_/S0                               1.50    3.56   -2.06 (VIOLATED)
_7550_/S0                               1.50    3.56   -2.06 (VIOLATED)
_7553_/S0                               1.50    3.56   -2.06 (VIOLATED)
_7554_/S0                               1.50    3.56   -2.06 (VIOLATED)
_7556_/S0                               1.50    3.56   -2.06 (VIOLATED)
_7558_/S0                               1.50    3.56   -2.06 (VIOLATED)
_7584_/A1                               1.50    3.56   -2.06 (VIOLATED)
_7586_/B1                               1.50    3.56   -2.06 (VIOLATED)
_7591_/B1                               1.50    3.56   -2.06 (VIOLATED)
_7593_/B2                               1.50    3.56   -2.06 (VIOLATED)
place964/X                              1.51    3.56   -2.05 (VIOLATED)
_5223_/S0                               1.50    3.25   -1.75 (VIOLATED)
_5290_/S0                               1.50    3.25   -1.75 (VIOLATED)
_5293_/S0                               1.50    3.25   -1.75 (VIOLATED)
_5294_/S0                               1.50    3.25   -1.75 (VIOLATED)
_5297_/S0                               1.50    3.25   -1.75 (VIOLATED)
_5306_/S0                               1.50    3.25   -1.75 (VIOLATED)
_5311_/S0                               1.50    3.25   -1.75 (VIOLATED)
_5321_/A1                               1.50    3.25   -1.75 (VIOLATED)
_5322_/A1                               1.50    3.25   -1.75 (VIOLATED)
_5323_/S0                               1.50    3.25   -1.75 (VIOLATED)
_5335_/S0                               1.50    3.25   -1.75 (VIOLATED)
_5337_/S0                               1.50    3.25   -1.75 (VIOLATED)
_5339_/S0                               1.50    3.25   -1.75 (VIOLATED)
_5340_/S0                               1.50    3.25   -1.75 (VIOLATED)
_5345_/S0                               1.50    3.25   -1.75 (VIOLATED)
_5347_/S0                               1.50    3.25   -1.75 (VIOLATED)
_5348_/S0                               1.50    3.25   -1.75 (VIOLATED)
_5351_/S0                               1.50    3.25   -1.75 (VIOLATED)
_5357_/S0                               1.50    3.25   -1.75 (VIOLATED)
_5358_/S0                               1.50    3.25   -1.75 (VIOLATED)
_5359_/S0                               1.50    3.25   -1.75 (VIOLATED)
_5360_/S0                               1.50    3.25   -1.75 (VIOLATED)
_5365_/S0                               1.50    3.25   -1.75 (VIOLATED)
_5370_/S0                               1.50    3.25   -1.75 (VIOLATED)
_5376_/S0                               1.50    3.25   -1.75 (VIOLATED)
_5381_/S0                               1.50    3.25   -1.75 (VIOLATED)
_5388_/S0                               1.50    3.25   -1.75 (VIOLATED)
_5390_/S0                               1.50    3.25   -1.75 (VIOLATED)
_5393_/S0                               1.50    3.25   -1.75 (VIOLATED)
_5396_/S0                               1.50    3.25   -1.75 (VIOLATED)
_5400_/S0                               1.50    3.25   -1.75 (VIOLATED)
_5401_/S0                               1.50    3.25   -1.75 (VIOLATED)
_5402_/S0                               1.50    3.25   -1.75 (VIOLATED)
_5403_/S0                               1.50    3.25   -1.75 (VIOLATED)
_5413_/S0                               1.50    3.25   -1.75 (VIOLATED)
_5415_/S0                               1.50    3.25   -1.75 (VIOLATED)
_5416_/S0                               1.50    3.25   -1.75 (VIOLATED)
_5417_/S0                               1.50    3.25   -1.75 (VIOLATED)
_5420_/S0                               1.50    3.25   -1.75 (VIOLATED)
_5423_/B1                               1.50    3.25   -1.75 (VIOLATED)
_5424_/A1                               1.50    3.25   -1.75 (VIOLATED)
_5427_/S0                               1.50    3.25   -1.75 (VIOLATED)
_5428_/S0                               1.50    3.25   -1.75 (VIOLATED)
_5436_/S0                               1.50    3.25   -1.75 (VIOLATED)
_5437_/S0                               1.50    3.25   -1.75 (VIOLATED)
_5438_/S0                               1.50    3.25   -1.75 (VIOLATED)
_5439_/S0                               1.50    3.25   -1.75 (VIOLATED)
_5442_/S0                               1.50    3.25   -1.75 (VIOLATED)
_5444_/S0                               1.50    3.25   -1.75 (VIOLATED)
_5447_/S0                               1.50    3.25   -1.75 (VIOLATED)
_5449_/S0                               1.50    3.25   -1.75 (VIOLATED)
_5455_/S0                               1.50    3.25   -1.75 (VIOLATED)
_5456_/S0                               1.50    3.25   -1.75 (VIOLATED)
_5457_/S0                               1.50    3.25   -1.75 (VIOLATED)
_5458_/S0                               1.50    3.25   -1.75 (VIOLATED)
_5461_/S0                               1.50    3.25   -1.75 (VIOLATED)
_5463_/S0                               1.50    3.25   -1.75 (VIOLATED)
_5466_/S0                               1.50    3.25   -1.75 (VIOLATED)
_5468_/S0                               1.50    3.25   -1.75 (VIOLATED)
_5474_/S0                               1.50    3.25   -1.75 (VIOLATED)
_5475_/S0                               1.50    3.25   -1.75 (VIOLATED)
_5476_/S0                               1.50    3.25   -1.75 (VIOLATED)
_5477_/S0                               1.50    3.25   -1.75 (VIOLATED)
_5480_/S0                               1.50    3.25   -1.75 (VIOLATED)
_5482_/S0                               1.50    3.25   -1.75 (VIOLATED)
_5486_/A1                               1.50    3.25   -1.75 (VIOLATED)
_5487_/A1                               1.50    3.25   -1.75 (VIOLATED)
_5495_/S0                               1.50    3.25   -1.75 (VIOLATED)
_5497_/S0                               1.50    3.25   -1.75 (VIOLATED)
_5499_/S0                               1.50    3.25   -1.75 (VIOLATED)
_5501_/S0                               1.50    3.25   -1.75 (VIOLATED)
_5505_/S0                               1.50    3.25   -1.75 (VIOLATED)
_5507_/S0                               1.50    3.25   -1.75 (VIOLATED)
_5509_/S0                               1.50    3.25   -1.75 (VIOLATED)
_5511_/S0                               1.50    3.25   -1.75 (VIOLATED)
_5516_/S0                               1.50    3.25   -1.75 (VIOLATED)
_5517_/S0                               1.50    3.25   -1.75 (VIOLATED)
_5518_/S0                               1.50    3.25   -1.75 (VIOLATED)
_5519_/S0                               1.50    3.25   -1.75 (VIOLATED)
_5522_/S0                               1.50    3.25   -1.75 (VIOLATED)
_5523_/S0                               1.50    3.25   -1.75 (VIOLATED)
_5524_/S0                               1.50    3.25   -1.75 (VIOLATED)
_5525_/S0                               1.50    3.25   -1.75 (VIOLATED)
_5530_/S0                               1.50    3.25   -1.75 (VIOLATED)
_5532_/S0                               1.50    3.25   -1.75 (VIOLATED)
_5534_/S0                               1.50    3.25   -1.75 (VIOLATED)
_5536_/S0                               1.50    3.25   -1.75 (VIOLATED)
_5544_/S0                               1.50    3.25   -1.75 (VIOLATED)
_5552_/S0                               1.50    3.25   -1.75 (VIOLATED)
_5553_/S0                               1.50    3.25   -1.75 (VIOLATED)
_5555_/S0                               1.50    3.25   -1.75 (VIOLATED)
_5557_/S0                               1.50    3.25   -1.75 (VIOLATED)
_5560_/S0                               1.50    3.25   -1.75 (VIOLATED)
_5561_/S0                               1.50    3.25   -1.75 (VIOLATED)
_5565_/B1                               1.50    3.25   -1.75 (VIOLATED)
_5568_/A1                               1.50    3.25   -1.75 (VIOLATED)
_5569_/S0                               1.50    3.25   -1.75 (VIOLATED)
_5649_/S0                               1.50    3.25   -1.75 (VIOLATED)
_5650_/S0                               1.50    3.25   -1.75 (VIOLATED)
_5651_/S0                               1.50    3.25   -1.75 (VIOLATED)
_5652_/S0                               1.50    3.25   -1.75 (VIOLATED)
_5674_/S0                               1.50    3.25   -1.75 (VIOLATED)
_5676_/S0                               1.50    3.25   -1.75 (VIOLATED)
_5679_/S0                               1.50    3.25   -1.75 (VIOLATED)
_5681_/S0                               1.50    3.25   -1.75 (VIOLATED)
_5685_/S0                               1.50    3.25   -1.75 (VIOLATED)
_5686_/S0                               1.50    3.25   -1.75 (VIOLATED)
_5687_/S0                               1.50    3.25   -1.75 (VIOLATED)
_5688_/S0                               1.50    3.25   -1.75 (VIOLATED)
_7792_/S0                               1.50    3.25   -1.75 (VIOLATED)
_7793_/S0                               1.50    3.25   -1.75 (VIOLATED)
_7795_/S0                               1.50    3.25   -1.75 (VIOLATED)
_7797_/S0                               1.50    3.25   -1.75 (VIOLATED)
_7800_/S0                               1.50    3.25   -1.75 (VIOLATED)
_7801_/S0                               1.50    3.25   -1.75 (VIOLATED)
_7802_/S0                               1.50    3.25   -1.75 (VIOLATED)
_7803_/S0                               1.50    3.25   -1.75 (VIOLATED)
place956/X                              1.51    3.25   -1.74 (VIOLATED)
_5262_/S0                               1.50    3.18   -1.68 (VIOLATED)
_5264_/S0                               1.50    3.18   -1.68 (VIOLATED)
_5266_/S0                               1.50    3.18   -1.68 (VIOLATED)
_5268_/S0                               1.50    3.18   -1.68 (VIOLATED)
_5271_/S0                               1.50    3.18   -1.68 (VIOLATED)
_5273_/S0                               1.50    3.18   -1.68 (VIOLATED)
_5275_/S0                               1.50    3.18   -1.68 (VIOLATED)
_5277_/S0                               1.50    3.18   -1.68 (VIOLATED)
_5488_/S0                               1.50    3.18   -1.68 (VIOLATED)
_5540_/S0                               1.50    3.18   -1.68 (VIOLATED)
_5542_/S0                               1.50    3.18   -1.68 (VIOLATED)
_5546_/S0                               1.50    3.18   -1.68 (VIOLATED)
_5573_/S0                               1.50    3.18   -1.68 (VIOLATED)
_5574_/S0                               1.50    3.18   -1.68 (VIOLATED)
_5575_/S0                               1.50    3.18   -1.68 (VIOLATED)
_5576_/S0                               1.50    3.18   -1.68 (VIOLATED)
_5579_/S0                               1.50    3.18   -1.68 (VIOLATED)
_5581_/S0                               1.50    3.18   -1.68 (VIOLATED)
_5584_/S0                               1.50    3.18   -1.68 (VIOLATED)
_5586_/S0                               1.50    3.18   -1.68 (VIOLATED)
_5593_/S0                               1.50    3.18   -1.68 (VIOLATED)
_5595_/S0                               1.50    3.18   -1.68 (VIOLATED)
_5597_/S0                               1.50    3.18   -1.68 (VIOLATED)
_5599_/S0                               1.50    3.18   -1.68 (VIOLATED)
_5603_/S0                               1.50    3.18   -1.68 (VIOLATED)
_5604_/S0                               1.50    3.18   -1.68 (VIOLATED)
_5605_/S0                               1.50    3.18   -1.68 (VIOLATED)
_5606_/S0                               1.50    3.18   -1.68 (VIOLATED)
_5610_/S0                               1.50    3.18   -1.68 (VIOLATED)
_5612_/S0                               1.50    3.18   -1.68 (VIOLATED)
_5615_/S0                               1.50    3.18   -1.68 (VIOLATED)
_5617_/S0                               1.50    3.18   -1.68 (VIOLATED)
_5621_/S0                               1.50    3.18   -1.68 (VIOLATED)
_5622_/S0                               1.50    3.18   -1.68 (VIOLATED)
_5623_/S0                               1.50    3.18   -1.68 (VIOLATED)
_5624_/S0                               1.50    3.18   -1.68 (VIOLATED)
_5629_/S0                               1.50    3.18   -1.68 (VIOLATED)
_5630_/S0                               1.50    3.18   -1.68 (VIOLATED)
_5631_/S0                               1.50    3.18   -1.68 (VIOLATED)
_5632_/S0                               1.50    3.18   -1.68 (VIOLATED)
_5635_/S0                               1.50    3.18   -1.68 (VIOLATED)
_5636_/S0                               1.50    3.18   -1.68 (VIOLATED)
_5637_/S0                               1.50    3.18   -1.68 (VIOLATED)
_5638_/S0                               1.50    3.18   -1.68 (VIOLATED)
_5643_/S0                               1.50    3.18   -1.68 (VIOLATED)
_5644_/S0                               1.50    3.18   -1.68 (VIOLATED)
_5645_/S0                               1.50    3.18   -1.68 (VIOLATED)
_5646_/S0                               1.50    3.18   -1.68 (VIOLATED)
_5657_/S0                               1.50    3.18   -1.68 (VIOLATED)
_5659_/S0                               1.50    3.18   -1.68 (VIOLATED)
_5661_/S0                               1.50    3.18   -1.68 (VIOLATED)
_5663_/S0                               1.50    3.18   -1.68 (VIOLATED)
_5667_/S0                               1.50    3.18   -1.68 (VIOLATED)
_5668_/S0                               1.50    3.18   -1.68 (VIOLATED)
_5669_/S0                               1.50    3.18   -1.68 (VIOLATED)
_5670_/S0                               1.50    3.18   -1.68 (VIOLATED)
_5694_/S0                               1.50    3.18   -1.68 (VIOLATED)
_5696_/S0                               1.50    3.18   -1.68 (VIOLATED)
_5698_/S0                               1.50    3.18   -1.68 (VIOLATED)
_5700_/S0                               1.50    3.18   -1.68 (VIOLATED)
_5705_/A1                               1.50    3.18   -1.68 (VIOLATED)
_5706_/A1                               1.50    3.18   -1.68 (VIOLATED)
_5709_/C1                               1.50    3.18   -1.68 (VIOLATED)
_5710_/A1                               1.50    3.18   -1.68 (VIOLATED)
_5712_/S0                               1.50    3.18   -1.68 (VIOLATED)
_5713_/S0                               1.50    3.18   -1.68 (VIOLATED)
_5720_/S0                               1.50    3.18   -1.68 (VIOLATED)
_5721_/S0                               1.50    3.18   -1.68 (VIOLATED)
_5722_/S0                               1.50    3.18   -1.68 (VIOLATED)
_5723_/S0                               1.50    3.18   -1.68 (VIOLATED)
_5726_/S0                               1.50    3.18   -1.68 (VIOLATED)
_5727_/S0                               1.50    3.18   -1.68 (VIOLATED)
_5728_/S0                               1.50    3.18   -1.68 (VIOLATED)
_5729_/S0                               1.50    3.18   -1.68 (VIOLATED)
_5734_/S0                               1.50    3.18   -1.68 (VIOLATED)
_5736_/S0                               1.50    3.18   -1.68 (VIOLATED)
_5739_/S0                               1.50    3.18   -1.68 (VIOLATED)
_5741_/S0                               1.50    3.18   -1.68 (VIOLATED)
_5745_/S0                               1.50    3.18   -1.68 (VIOLATED)
_5746_/S0                               1.50    3.18   -1.68 (VIOLATED)
_5747_/S0                               1.50    3.18   -1.68 (VIOLATED)
_5748_/S0                               1.50    3.18   -1.68 (VIOLATED)
_5753_/S0                               1.50    3.18   -1.68 (VIOLATED)
_5754_/S0                               1.50    3.18   -1.68 (VIOLATED)
_5755_/S0                               1.50    3.18   -1.68 (VIOLATED)
_5756_/S0                               1.50    3.18   -1.68 (VIOLATED)
_5759_/S0                               1.50    3.18   -1.68 (VIOLATED)
_5761_/S0                               1.50    3.18   -1.68 (VIOLATED)
_5765_/A1                               1.50    3.18   -1.68 (VIOLATED)
_5766_/A1                               1.50    3.18   -1.68 (VIOLATED)
_5767_/S0                               1.50    3.18   -1.68 (VIOLATED)
_5773_/S0                               1.50    3.18   -1.68 (VIOLATED)
_5774_/S0                               1.50    3.18   -1.68 (VIOLATED)
_5775_/S0                               1.50    3.18   -1.68 (VIOLATED)
_5776_/S0                               1.50    3.18   -1.68 (VIOLATED)
_5779_/S0                               1.50    3.18   -1.68 (VIOLATED)
_5781_/S0                               1.50    3.18   -1.68 (VIOLATED)
_5783_/S0                               1.50    3.18   -1.68 (VIOLATED)
_5785_/S0                               1.50    3.18   -1.68 (VIOLATED)
_5792_/S0                               1.50    3.18   -1.68 (VIOLATED)
_5794_/S0                               1.50    3.18   -1.68 (VIOLATED)
_5797_/S0                               1.50    3.18   -1.68 (VIOLATED)
_5799_/S0                               1.50    3.18   -1.68 (VIOLATED)
_5802_/S0                               1.50    3.18   -1.68 (VIOLATED)
_5805_/B1                               1.50    3.18   -1.68 (VIOLATED)
_5806_/A1                               1.50    3.18   -1.68 (VIOLATED)
_5808_/S0                               1.50    3.18   -1.68 (VIOLATED)
_5809_/S0                               1.50    3.18   -1.68 (VIOLATED)
place957/X                              1.51    3.18   -1.68 (VIOLATED)
_5146_/S0                               1.50    2.56   -1.06 (VIOLATED)
_5151_/S0                               1.50    2.56   -1.06 (VIOLATED)
_5160_/S0                               1.50    2.56   -1.06 (VIOLATED)
_5163_/S0                               1.50    2.56   -1.06 (VIOLATED)
_5167_/S0                               1.50    2.56   -1.06 (VIOLATED)
_5170_/S0                               1.50    2.56   -1.06 (VIOLATED)
_5176_/S0                               1.50    2.56   -1.06 (VIOLATED)
_5178_/S0                               1.50    2.56   -1.06 (VIOLATED)
_5200_/S0                               1.50    2.56   -1.06 (VIOLATED)
_5202_/S0                               1.50    2.56   -1.06 (VIOLATED)
_5206_/S0                               1.50    2.56   -1.06 (VIOLATED)
_5215_/A1                               1.50    2.56   -1.06 (VIOLATED)
_5216_/A1                               1.50    2.56   -1.06 (VIOLATED)
_5220_/S0                               1.50    2.56   -1.06 (VIOLATED)
_5225_/S0                               1.50    2.56   -1.06 (VIOLATED)
_5227_/S0                               1.50    2.56   -1.06 (VIOLATED)
_5239_/S0                               1.50    2.56   -1.06 (VIOLATED)
_5240_/S0                               1.50    2.56   -1.06 (VIOLATED)
_5242_/S0                               1.50    2.56   -1.06 (VIOLATED)
_5245_/S0                               1.50    2.56   -1.06 (VIOLATED)
_5248_/S0                               1.50    2.56   -1.06 (VIOLATED)
_5249_/S0                               1.50    2.56   -1.06 (VIOLATED)
_5251_/S0                               1.50    2.56   -1.06 (VIOLATED)
_5253_/S0                               1.50    2.56   -1.06 (VIOLATED)
_5817_/S0                               1.50    2.56   -1.06 (VIOLATED)
_5818_/S0                               1.50    2.56   -1.06 (VIOLATED)
_5819_/S0                               1.50    2.56   -1.06 (VIOLATED)
_5820_/S0                               1.50    2.56   -1.06 (VIOLATED)
_5822_/S0                               1.50    2.56   -1.06 (VIOLATED)
_5823_/S0                               1.50    2.56   -1.06 (VIOLATED)
_5828_/B1                               1.50    2.56   -1.06 (VIOLATED)
_5831_/A1                               1.50    2.56   -1.06 (VIOLATED)
_5832_/S0                               1.50    2.56   -1.06 (VIOLATED)
_5837_/S0                               1.50    2.56   -1.06 (VIOLATED)
_5839_/S0                               1.50    2.56   -1.06 (VIOLATED)
_5841_/S0                               1.50    2.56   -1.06 (VIOLATED)
_5842_/S0                               1.50    2.56   -1.06 (VIOLATED)
_5845_/S0                               1.50    2.56   -1.06 (VIOLATED)
_5847_/S0                               1.50    2.56   -1.06 (VIOLATED)
_5849_/S0                               1.50    2.56   -1.06 (VIOLATED)
_5850_/S0                               1.50    2.56   -1.06 (VIOLATED)
place955/X                              1.51    2.56   -1.05 (VIOLATED)
_8377_/C                                1.50    2.12   -0.62 (VIOLATED)
_8378_/B                                1.50    2.12   -0.62 (VIOLATED)
_8487_/C                                1.50    2.12   -0.62 (VIOLATED)
_8761_/C                                1.50    2.12   -0.62 (VIOLATED)
_8781_/B                                1.50    2.12   -0.62 (VIOLATED)
_8786_/C                                1.50    2.12   -0.62 (VIOLATED)
rv32_soc/decoded_imm[0]$_DFFE_PP_/DE    1.50    2.12   -0.62 (VIOLATED)
rv32_soc/decoded_imm[10]$_SDFFCE_PN0P_/DE    1.50    2.12   -0.62 (VIOLATED)
rv32_soc/decoded_imm[11]$_SDFFCE_PN0P_/DE    1.50    2.12   -0.62 (VIOLATED)
rv32_soc/decoded_imm[12]$_SDFFCE_PN0P_/DE    1.50    2.12   -0.62 (VIOLATED)
rv32_soc/decoded_imm[13]$_SDFFCE_PN0P_/DE    1.50    2.12   -0.62 (VIOLATED)
rv32_soc/decoded_imm[14]$_SDFFCE_PN0P_/DE    1.50    2.12   -0.62 (VIOLATED)
rv32_soc/decoded_imm[15]$_SDFFCE_PN0P_/DE    1.50    2.12   -0.62 (VIOLATED)
rv32_soc/decoded_imm[16]$_SDFFCE_PN0P_/DE    1.50    2.12   -0.62 (VIOLATED)
rv32_soc/decoded_imm[17]$_SDFFCE_PN0P_/DE    1.50    2.12   -0.62 (VIOLATED)
rv32_soc/decoded_imm[18]$_SDFFCE_PN0P_/DE    1.50    2.12   -0.62 (VIOLATED)
rv32_soc/decoded_imm[19]$_SDFFCE_PN0P_/DE    1.50    2.12   -0.62 (VIOLATED)
rv32_soc/decoded_imm[1]$_SDFFCE_PN0P_/DE    1.50    2.12   -0.62 (VIOLATED)
rv32_soc/decoded_imm[20]$_SDFFCE_PN0P_/DE    1.50    2.12   -0.62 (VIOLATED)
rv32_soc/decoded_imm[21]$_SDFFCE_PN0P_/DE    1.50    2.12   -0.62 (VIOLATED)
rv32_soc/decoded_imm[22]$_SDFFCE_PN0P_/DE    1.50    2.12   -0.62 (VIOLATED)
rv32_soc/decoded_imm[23]$_SDFFCE_PN0P_/DE    1.50    2.12   -0.62 (VIOLATED)
rv32_soc/decoded_imm[24]$_SDFFCE_PN0P_/DE    1.50    2.12   -0.62 (VIOLATED)
rv32_soc/decoded_imm[25]$_SDFFCE_PN0P_/DE    1.50    2.12   -0.62 (VIOLATED)
rv32_soc/decoded_imm[26]$_SDFFCE_PN0P_/DE    1.50    2.12   -0.62 (VIOLATED)
rv32_soc/decoded_imm[27]$_SDFFCE_PN0P_/DE    1.50    2.12   -0.62 (VIOLATED)
rv32_soc/decoded_imm[28]$_SDFFCE_PN0P_/DE    1.50    2.12   -0.62 (VIOLATED)
rv32_soc/decoded_imm[29]$_SDFFCE_PN0P_/DE    1.50    2.12   -0.62 (VIOLATED)
rv32_soc/decoded_imm[2]$_SDFFCE_PN0P_/DE    1.50    2.12   -0.62 (VIOLATED)
rv32_soc/decoded_imm[30]$_SDFFCE_PN0P_/DE    1.50    2.12   -0.62 (VIOLATED)
rv32_soc/decoded_imm[31]$_SDFFCE_PN0P_/DE    1.50    2.12   -0.62 (VIOLATED)
rv32_soc/decoded_imm[3]$_SDFFCE_PN0P_/DE    1.50    2.12   -0.62 (VIOLATED)
rv32_soc/decoded_imm[4]$_SDFFCE_PN0P_/DE    1.50    2.12   -0.62 (VIOLATED)
rv32_soc/decoded_imm[5]$_SDFFCE_PN0P_/DE    1.50    2.12   -0.62 (VIOLATED)
rv32_soc/decoded_imm[6]$_SDFFCE_PN0P_/DE    1.50    2.12   -0.62 (VIOLATED)
rv32_soc/decoded_imm[7]$_SDFFCE_PN0P_/DE    1.50    2.12   -0.62 (VIOLATED)
rv32_soc/decoded_imm[8]$_SDFFCE_PN0P_/DE    1.50    2.12   -0.62 (VIOLATED)
rv32_soc/decoded_imm[9]$_SDFFCE_PN0P_/DE    1.50    2.12   -0.62 (VIOLATED)
rv32_soc/instr_lb$_DFFE_PP_/DE          1.50    2.12   -0.62 (VIOLATED)
rv32_soc/instr_lbu$_DFFE_PP_/DE         1.50    2.12   -0.62 (VIOLATED)
rv32_soc/instr_lh$_DFFE_PP_/DE          1.50    2.12   -0.62 (VIOLATED)
rv32_soc/instr_lhu$_DFFE_PP_/DE         1.50    2.12   -0.62 (VIOLATED)
rv32_soc/instr_lw$_DFFE_PP_/DE          1.50    2.12   -0.62 (VIOLATED)
rv32_soc/instr_rdcycle$_DFFE_PP_/DE     1.50    2.12   -0.62 (VIOLATED)
rv32_soc/instr_rdcycleh$_DFFE_PP_/DE    1.50    2.12   -0.62 (VIOLATED)
rv32_soc/instr_rdinstr$_DFFE_PP_/DE     1.50    2.12   -0.62 (VIOLATED)
rv32_soc/instr_rdinstrh$_DFFE_PP_/DE    1.50    2.12   -0.62 (VIOLATED)
rv32_soc/instr_sb$_DFFE_PP_/DE          1.50    2.12   -0.62 (VIOLATED)
rv32_soc/instr_sh$_DFFE_PP_/DE          1.50    2.12   -0.62 (VIOLATED)
rv32_soc/instr_slli$_DFFE_PP_/DE        1.50    2.12   -0.62 (VIOLATED)
rv32_soc/instr_srai$_DFFE_PP_/DE        1.50    2.12   -0.62 (VIOLATED)
rv32_soc/instr_srli$_DFFE_PP_/DE        1.50    2.12   -0.62 (VIOLATED)
rv32_soc/instr_sw$_DFFE_PP_/DE          1.50    2.12   -0.62 (VIOLATED)
rv32_soc/is_jalr_addi_slti_sltiu_xori_ori_andi$_DFFE_PP_/DE    1.50    2.12   -0.62 (VIOLATED)
rv32_soc/is_sll_srl_sra$_DFFE_PP_/DE    1.50    2.12   -0.62 (VIOLATED)
rv32_soc/is_slli_srli_srai$_DFFE_PP_/DE    1.50    2.12   -0.62 (VIOLATED)
place849/X                              1.51    2.12   -0.62 (VIOLATED)
_8283_/A2                               1.50    1.77   -0.27 (VIOLATED)
_8286_/A2                               1.50    1.77   -0.27 (VIOLATED)
_8289_/A2                               1.50    1.77   -0.27 (VIOLATED)
_8293_/A2                               1.50    1.77   -0.27 (VIOLATED)
_8296_/A2                               1.50    1.77   -0.27 (VIOLATED)
_8300_/A2                               1.50    1.77   -0.27 (VIOLATED)
_8303_/A2                               1.50    1.77   -0.27 (VIOLATED)
_8306_/A2                               1.50    1.77   -0.27 (VIOLATED)
_8309_/A2                               1.50    1.77   -0.27 (VIOLATED)
_8313_/A2                               1.50    1.77   -0.27 (VIOLATED)
_8316_/B                                1.50    1.77   -0.27 (VIOLATED)
_8321_/A2                               1.50    1.77   -0.27 (VIOLATED)
_8324_/A2                               1.50    1.77   -0.27 (VIOLATED)
_8327_/A2                               1.50    1.77   -0.27 (VIOLATED)
_8330_/A2                               1.50    1.77   -0.27 (VIOLATED)
_8333_/A2                               1.50    1.77   -0.27 (VIOLATED)
_8335_/B                                1.50    1.77   -0.27 (VIOLATED)
_8339_/A2                               1.50    1.77   -0.27 (VIOLATED)
_8341_/B                                1.50    1.77   -0.27 (VIOLATED)
_8345_/A2                               1.50    1.77   -0.27 (VIOLATED)
_8347_/A2                               1.50    1.77   -0.27 (VIOLATED)
_8350_/A2                               1.50    1.77   -0.27 (VIOLATED)
_8353_/A2                               1.50    1.77   -0.27 (VIOLATED)
_8356_/A2                               1.50    1.77   -0.27 (VIOLATED)
_8359_/A2                               1.50    1.77   -0.27 (VIOLATED)
_8361_/B                                1.50    1.77   -0.27 (VIOLATED)
_8364_/B                                1.50    1.77   -0.27 (VIOLATED)
_8369_/A2                               1.50    1.77   -0.27 (VIOLATED)
_8371_/B                                1.50    1.77   -0.27 (VIOLATED)
_8375_/A2                               1.50    1.77   -0.27 (VIOLATED)
_8484_/B                                1.50    1.77   -0.27 (VIOLATED)
_8491_/B                                1.50    1.77   -0.27 (VIOLATED)
_8501_/B                                1.50    1.77   -0.27 (VIOLATED)
_8515_/B                                1.50    1.77   -0.27 (VIOLATED)
_8531_/B                                1.50    1.77   -0.27 (VIOLATED)
_8533_/B                                1.50    1.77   -0.27 (VIOLATED)
_8539_/B                                1.50    1.77   -0.27 (VIOLATED)
_8558_/B                                1.50    1.77   -0.27 (VIOLATED)
_8560_/B                                1.50    1.77   -0.27 (VIOLATED)
_8570_/B                                1.50    1.77   -0.27 (VIOLATED)
_8585_/A2                               1.50    1.77   -0.27 (VIOLATED)
_8586_/B                                1.50    1.77   -0.27 (VIOLATED)
_8602_/B                                1.50    1.77   -0.27 (VIOLATED)
_8610_/B                                1.50    1.77   -0.27 (VIOLATED)
_8620_/B                                1.50    1.77   -0.27 (VIOLATED)
_8627_/B                                1.50    1.77   -0.27 (VIOLATED)
_8638_/A2                               1.50    1.77   -0.27 (VIOLATED)
_8639_/B                                1.50    1.77   -0.27 (VIOLATED)
_8653_/A2                               1.50    1.77   -0.27 (VIOLATED)
_8654_/B                                1.50    1.77   -0.27 (VIOLATED)
_8672_/B                                1.50    1.77   -0.27 (VIOLATED)
_8681_/B                                1.50    1.77   -0.27 (VIOLATED)
_8683_/B                                1.50    1.77   -0.27 (VIOLATED)
_8699_/B                                1.50    1.77   -0.27 (VIOLATED)
_8709_/A2                               1.50    1.77   -0.27 (VIOLATED)
_8716_/A2                               1.50    1.77   -0.27 (VIOLATED)
_8725_/A2                               1.50    1.77   -0.27 (VIOLATED)
_8730_/A2                               1.50    1.77   -0.27 (VIOLATED)
_8737_/B                                1.50    1.77   -0.27 (VIOLATED)
_8741_/B                                1.50    1.77   -0.27 (VIOLATED)
_8775_/C                                1.50    1.77   -0.27 (VIOLATED)
_8809_/B                                1.50    1.77   -0.27 (VIOLATED)
_8814_/A2                               1.50    1.77   -0.27 (VIOLATED)
place757/X                              1.51    1.77   -0.26 (VIOLATED)
_4958_/B                                1.50    1.75   -0.25 (VIOLATED)
_4959_/A1                               1.50    1.75   -0.25 (VIOLATED)
_4962_/B                                1.50    1.75   -0.25 (VIOLATED)
_4963_/A1                               1.50    1.75   -0.25 (VIOLATED)
_4966_/B                                1.50    1.75   -0.25 (VIOLATED)
_4967_/A1                               1.50    1.75   -0.25 (VIOLATED)
_4970_/B                                1.50    1.75   -0.25 (VIOLATED)
_4971_/A1                               1.50    1.75   -0.25 (VIOLATED)
_4974_/B                                1.50    1.75   -0.25 (VIOLATED)
_4975_/A1                               1.50    1.75   -0.25 (VIOLATED)
_4978_/B                                1.50    1.75   -0.25 (VIOLATED)
_4979_/A1                               1.50    1.75   -0.25 (VIOLATED)
_4982_/B                                1.50    1.75   -0.25 (VIOLATED)
_4983_/A1                               1.50    1.75   -0.25 (VIOLATED)
_4986_/B                                1.50    1.75   -0.25 (VIOLATED)
_4987_/A1                               1.50    1.75   -0.25 (VIOLATED)
_4990_/B                                1.50    1.75   -0.25 (VIOLATED)
_4991_/A1                               1.50    1.75   -0.25 (VIOLATED)
_4994_/B                                1.50    1.75   -0.25 (VIOLATED)
_4995_/A1                               1.50    1.75   -0.25 (VIOLATED)
_5001_/B                                1.50    1.75   -0.25 (VIOLATED)
_5002_/A1                               1.50    1.75   -0.25 (VIOLATED)
_5005_/B                                1.50    1.75   -0.25 (VIOLATED)
_5006_/A1                               1.50    1.75   -0.25 (VIOLATED)
_5009_/B                                1.50    1.75   -0.25 (VIOLATED)
_5010_/A1                               1.50    1.75   -0.25 (VIOLATED)
_5013_/B                                1.50    1.75   -0.25 (VIOLATED)
_5014_/A1                               1.50    1.75   -0.25 (VIOLATED)
_5017_/B                                1.50    1.75   -0.25 (VIOLATED)
_5018_/A1                               1.50    1.75   -0.25 (VIOLATED)
_5021_/B                                1.50    1.75   -0.25 (VIOLATED)
_5022_/A1                               1.50    1.75   -0.25 (VIOLATED)
_5025_/B                                1.50    1.75   -0.25 (VIOLATED)
_5026_/A1                               1.50    1.75   -0.25 (VIOLATED)
_5029_/B                                1.50    1.75   -0.25 (VIOLATED)
_5030_/A1                               1.50    1.75   -0.25 (VIOLATED)
_5033_/B                                1.50    1.75   -0.25 (VIOLATED)
_5034_/A1                               1.50    1.75   -0.25 (VIOLATED)
_5037_/B                                1.50    1.75   -0.25 (VIOLATED)
_5038_/A1                               1.50    1.75   -0.25 (VIOLATED)
_5044_/B                                1.50    1.75   -0.25 (VIOLATED)
_5045_/A1                               1.50    1.75   -0.25 (VIOLATED)
_5048_/B                                1.50    1.75   -0.25 (VIOLATED)
_5049_/A1                               1.50    1.75   -0.25 (VIOLATED)
_5052_/B                                1.50    1.75   -0.25 (VIOLATED)
_5053_/A1                               1.50    1.75   -0.25 (VIOLATED)
_5056_/B                                1.50    1.75   -0.25 (VIOLATED)
_5057_/A1                               1.50    1.75   -0.25 (VIOLATED)
_5060_/B                                1.50    1.75   -0.25 (VIOLATED)
_5061_/A1                               1.50    1.75   -0.25 (VIOLATED)
_5064_/B                                1.50    1.75   -0.25 (VIOLATED)
_5065_/A1                               1.50    1.75   -0.25 (VIOLATED)
_5068_/B                                1.50    1.75   -0.25 (VIOLATED)
_5069_/A1                               1.50    1.75   -0.25 (VIOLATED)
_5072_/B                                1.50    1.75   -0.25 (VIOLATED)
_5073_/A1                               1.50    1.75   -0.25 (VIOLATED)
_5076_/B                                1.50    1.75   -0.25 (VIOLATED)
_5077_/A1                               1.50    1.75   -0.25 (VIOLATED)
_6478_/A2                               1.50    1.75   -0.25 (VIOLATED)
_7863_/C                                1.50    1.75   -0.25 (VIOLATED)
_7873_/B                                1.50    1.75   -0.25 (VIOLATED)
_7874_/A1                               1.50    1.75   -0.25 (VIOLATED)
place835/X                              1.51    1.75   -0.24 (VIOLATED)
_7685_/A                                1.50    1.65   -0.15 (VIOLATED)
_7723_/D                                1.50    1.65   -0.15 (VIOLATED)
_7852_/C                                1.50    1.65   -0.15 (VIOLATED)
_7856_/A_N                              1.50    1.65   -0.15 (VIOLATED)
_8382_/A                                1.50    1.65   -0.15 (VIOLATED)
_8497_/A                                1.50    1.65   -0.15 (VIOLATED)
_8498_/A1                               1.50    1.65   -0.15 (VIOLATED)
_8508_/A                                1.50    1.65   -0.15 (VIOLATED)
_8512_/B2                               1.50    1.65   -0.15 (VIOLATED)
_8516_/B1                               1.50    1.65   -0.15 (VIOLATED)
_8519_/B2                               1.50    1.65   -0.15 (VIOLATED)
_8528_/A1                               1.50    1.65   -0.15 (VIOLATED)
_8529_/A1                               1.50    1.65   -0.15 (VIOLATED)
_8535_/B1                               1.50    1.65   -0.15 (VIOLATED)
_8536_/A1                               1.50    1.65   -0.15 (VIOLATED)
_8545_/A                                1.50    1.65   -0.15 (VIOLATED)
_8547_/B2                               1.50    1.65   -0.15 (VIOLATED)
_8556_/A1                               1.50    1.65   -0.15 (VIOLATED)
_8557_/A1                               1.50    1.65   -0.15 (VIOLATED)
_8564_/A                                1.50    1.65   -0.15 (VIOLATED)
_8567_/B2                               1.50    1.65   -0.15 (VIOLATED)
_8573_/A                                1.50    1.65   -0.15 (VIOLATED)
_8574_/A1                               1.50    1.65   -0.15 (VIOLATED)
_8579_/A                                1.50    1.65   -0.15 (VIOLATED)
_8591_/A1                               1.50    1.65   -0.15 (VIOLATED)
_8608_/A1                               1.50    1.65   -0.15 (VIOLATED)
_8609_/A1                               1.50    1.65   -0.15 (VIOLATED)
_8625_/A1                               1.50    1.65   -0.15 (VIOLATED)
_8626_/A1                               1.50    1.65   -0.15 (VIOLATED)
_8641_/A1                               1.50    1.65   -0.15 (VIOLATED)
_8643_/C_N                              1.50    1.65   -0.15 (VIOLATED)
_8659_/A                                1.50    1.65   -0.15 (VIOLATED)
_8661_/A1                               1.50    1.65   -0.15 (VIOLATED)
_8675_/B1                               1.50    1.65   -0.15 (VIOLATED)
_8679_/A1                               1.50    1.65   -0.15 (VIOLATED)
_8686_/A1                               1.50    1.65   -0.15 (VIOLATED)
_8690_/B1                               1.50    1.65   -0.15 (VIOLATED)
_8697_/A1                               1.50    1.65   -0.15 (VIOLATED)
_8698_/A1                               1.50    1.65   -0.15 (VIOLATED)
_8722_/A                                1.50    1.65   -0.15 (VIOLATED)
_8723_/A1                               1.50    1.65   -0.15 (VIOLATED)
_8739_/A1                               1.50    1.65   -0.15 (VIOLATED)
_8805_/A1                               1.50    1.65   -0.15 (VIOLATED)
_8806_/A1                               1.50    1.65   -0.15 (VIOLATED)
_8824_/A                                1.50    1.65   -0.15 (VIOLATED)
_8843_/A1                               1.50    1.65   -0.15 (VIOLATED)
_8845_/A1                               1.50    1.65   -0.15 (VIOLATED)
_8847_/A1                               1.50    1.65   -0.15 (VIOLATED)
_8849_/A1                               1.50    1.65   -0.15 (VIOLATED)
_8851_/A1                               1.50    1.65   -0.15 (VIOLATED)
_8853_/A1                               1.50    1.65   -0.15 (VIOLATED)
_8855_/A1                               1.50    1.65   -0.15 (VIOLATED)
_8857_/A1                               1.50    1.65   -0.15 (VIOLATED)
_8860_/B2                               1.50    1.65   -0.15 (VIOLATED)
_8864_/A1                               1.50    1.65   -0.15 (VIOLATED)
_8865_/A1                               1.50    1.65   -0.15 (VIOLATED)
_8866_/A1                               1.50    1.65   -0.15 (VIOLATED)
_8867_/A1                               1.50    1.65   -0.15 (VIOLATED)
_8868_/A1                               1.50    1.65   -0.15 (VIOLATED)
_8869_/A1                               1.50    1.65   -0.15 (VIOLATED)
_8871_/A                                1.50    1.65   -0.15 (VIOLATED)
_8875_/A                                1.50    1.65   -0.15 (VIOLATED)
_8879_/A1                               1.50    1.65   -0.15 (VIOLATED)
_8882_/A1                               1.50    1.65   -0.15 (VIOLATED)
place870/X                              1.51    1.65   -0.14 (VIOLATED)
_4995_/Y                                1.49    1.54   -0.05 (VIOLATED)
_6333_/A                                1.50    1.54   -0.04 (VIOLATED)
_6334_/A1                               1.50    1.54   -0.04 (VIOLATED)
_6338_/A                                1.50    1.54   -0.04 (VIOLATED)
_6339_/A1                               1.50    1.54   -0.04 (VIOLATED)
_6342_/A                                1.50    1.54   -0.04 (VIOLATED)
_6343_/A1                               1.50    1.54   -0.04 (VIOLATED)
_6347_/A                                1.50    1.54   -0.04 (VIOLATED)
_6348_/A1                               1.50    1.54   -0.04 (VIOLATED)
_6351_/A                                1.50    1.54   -0.04 (VIOLATED)
_6352_/A1                               1.50    1.54   -0.04 (VIOLATED)
_6356_/A                                1.50    1.54   -0.04 (VIOLATED)
_6357_/A1                               1.50    1.54   -0.04 (VIOLATED)
_6360_/A                                1.50    1.54   -0.04 (VIOLATED)
_6361_/A1                               1.50    1.54   -0.04 (VIOLATED)
_6365_/A                                1.50    1.54   -0.04 (VIOLATED)
_6366_/A1                               1.50    1.54   -0.04 (VIOLATED)
_6371_/A                                1.50    1.54   -0.04 (VIOLATED)
_6372_/A1                               1.50    1.54   -0.04 (VIOLATED)
_6375_/A                                1.50    1.54   -0.04 (VIOLATED)
_6376_/A1                               1.50    1.54   -0.04 (VIOLATED)
_6380_/A                                1.50    1.54   -0.04 (VIOLATED)
_6381_/A1                               1.50    1.54   -0.04 (VIOLATED)
_6384_/A                                1.50    1.54   -0.04 (VIOLATED)
_6385_/A1                               1.50    1.54   -0.04 (VIOLATED)
_6388_/A                                1.50    1.54   -0.04 (VIOLATED)
_6389_/A1                               1.50    1.54   -0.04 (VIOLATED)
_6392_/A                                1.50    1.54   -0.04 (VIOLATED)
_6393_/A1                               1.50    1.54   -0.04 (VIOLATED)
_6396_/A                                1.50    1.54   -0.04 (VIOLATED)
_6397_/A1                               1.50    1.54   -0.04 (VIOLATED)
_6400_/A                                1.50    1.54   -0.04 (VIOLATED)
_6401_/A1                               1.50    1.54   -0.04 (VIOLATED)
_6404_/A                                1.50    1.54   -0.04 (VIOLATED)
_6405_/A1                               1.50    1.54   -0.04 (VIOLATED)
_6408_/A                                1.50    1.54   -0.04 (VIOLATED)
_6409_/A1                               1.50    1.54   -0.04 (VIOLATED)
_6412_/A                                1.50    1.54   -0.04 (VIOLATED)
_6413_/A1                               1.50    1.54   -0.04 (VIOLATED)
_6418_/A                                1.50    1.54   -0.04 (VIOLATED)
_6419_/A1                               1.50    1.54   -0.04 (VIOLATED)
_6422_/A                                1.50    1.54   -0.04 (VIOLATED)
_6423_/A1                               1.50    1.54   -0.04 (VIOLATED)
_6426_/A                                1.50    1.54   -0.04 (VIOLATED)
_6427_/A1                               1.50    1.54   -0.04 (VIOLATED)
_6431_/A                                1.50    1.54   -0.04 (VIOLATED)
_6432_/A1                               1.50    1.54   -0.04 (VIOLATED)
_6435_/A                                1.50    1.54   -0.04 (VIOLATED)
_6436_/A1                               1.50    1.54   -0.04 (VIOLATED)
_6440_/A                                1.50    1.54   -0.04 (VIOLATED)
_6441_/A1                               1.50    1.54   -0.04 (VIOLATED)
_6445_/A                                1.50    1.54   -0.04 (VIOLATED)
_6446_/A1                               1.50    1.54   -0.04 (VIOLATED)
_6450_/A                                1.50    1.54   -0.04 (VIOLATED)
_6451_/A1                               1.50    1.54   -0.04 (VIOLATED)
_6454_/A                                1.50    1.54   -0.04 (VIOLATED)
_6455_/A1                               1.50    1.54   -0.04 (VIOLATED)
_6457_/A                                1.50    1.54   -0.04 (VIOLATED)
_6458_/A2                               1.50    1.54   -0.04 (VIOLATED)
_6460_/B                                1.50    1.54   -0.04 (VIOLATED)
_6461_/A1                               1.50    1.54   -0.04 (VIOLATED)
_6463_/A                                1.50    1.54   -0.04 (VIOLATED)
_7825_/A                                1.50    1.54   -0.04 (VIOLATED)
_7826_/A1                               1.50    1.54   -0.04 (VIOLATED)
place796/X                              1.51    1.54   -0.04 (VIOLATED)

max capacitance

Pin                                    Limit     Cap   Slack
------------------------------------------------------------
place956/X                              0.30    0.65   -0.35 (VIOLATED)
place957/X                              0.28    0.59   -0.31 (VIOLATED)
place964/X                              0.16    0.37   -0.22 (VIOLATED)
place955/X                              0.13    0.22   -0.09 (VIOLATED)
place849/X                              0.13    0.19   -0.06 (VIOLATED)
place757/X                              0.13    0.15   -0.02 (VIOLATED)
place835/X                              0.13    0.15   -0.02 (VIOLATED)
place870/X                              0.13    0.14   -0.01 (VIOLATED)
place796/X                              0.13    0.13   -0.00 (VIOLATED)
_4995_/Y                                0.07    0.07   -0.00 (VIOLATED)

