[WARNING STA-0503] report_checks -group_count is deprecated. Use -group_path_count instead.
Startpoint: mem_valid$_SDFFCE_PN0P_
            (rising edge-triggered flip-flop clocked by clk)
Endpoint: mem_ready$_DFF_P_ (rising edge-triggered flip-flop clocked by clk)
Path Group: clk
Path Type: min
Corner: fast

Fanout     Cap    Slew   Delay    Time   Description
-----------------------------------------------------------------------------
                          0.00    0.00   clock clk (rise edge)
                          0.58    0.58   clock network delay (propagated)
                  0.06    0.00    0.58 ^ mem_valid$_SDFFCE_PN0P_/CLK (sky130_fd_sc_hd__edfxtp_1)
     2    0.00    0.05    0.23    0.81 ^ mem_valid$_SDFFCE_PN0P_/Q (sky130_fd_sc_hd__edfxtp_1)
                                         mem_valid (net)
                  0.05    0.00    0.81 ^ mem_ready$_DFF_P_/D (sky130_fd_sc_hd__dfxtp_1)
                                  0.81   data arrival time

                          0.00    0.00   clock clk (rise edge)
                          0.58    0.58   clock network delay (propagated)
                          0.00    0.58   clock reconvergence pessimism
                                  0.58 ^ mem_ready$_DFF_P_/CLK (sky130_fd_sc_hd__dfxtp_1)
                         -0.02    0.56   library hold time
                                  0.56   data required time
-----------------------------------------------------------------------------
                                  0.56   data required time
                                 -0.81   data arrival time
-----------------------------------------------------------------------------
                                  0.25   slack (MET)


Startpoint: rv32_soc/reg_next_pc[18]$_SDFFE_PN0P_
            (rising edge-triggered flip-flop clocked by clk)
Endpoint: rv32_soc/reg_next_pc[18]$_SDFFE_PN0P_
          (rising edge-triggered flip-flop clocked by clk)
Path Group: clk
Path Type: min
Corner: fast

Fanout     Cap    Slew   Delay    Time   Description
-----------------------------------------------------------------------------
                          0.00    0.00   clock clk (rise edge)
                          0.57    0.57   clock network delay (propagated)
                  0.06    0.00    0.57 ^ rv32_soc/reg_next_pc[18]$_SDFFE_PN0P_/CLK (sky130_fd_sc_hd__dfxtp_1)
     2    0.01    0.04    0.21    0.78 ^ rv32_soc/reg_next_pc[18]$_SDFFE_PN0P_/Q (sky130_fd_sc_hd__dfxtp_1)
                                         rv32_soc/reg_next_pc[18] (net)
                  0.04    0.00    0.78 ^ _8602_/A (sky130_fd_sc_hd__nand2_1)
     1    0.00    0.02    0.03    0.81 v _8602_/Y (sky130_fd_sc_hd__nand2_1)
                                         _4093_ (net)
                  0.02    0.00    0.81 v _8603_/B1 (sky130_fd_sc_hd__o21ai_0)
     1    0.00    0.03    0.03    0.84 ^ _8603_/Y (sky130_fd_sc_hd__o21ai_0)
                                         _0309_ (net)
                  0.03    0.00    0.84 ^ rv32_soc/reg_next_pc[18]$_SDFFE_PN0P_/D (sky130_fd_sc_hd__dfxtp_1)
                                  0.84   data arrival time

                          0.00    0.00   clock clk (rise edge)
                          0.57    0.57   clock network delay (propagated)
                          0.00    0.57   clock reconvergence pessimism
                                  0.57 ^ rv32_soc/reg_next_pc[18]$_SDFFE_PN0P_/CLK (sky130_fd_sc_hd__dfxtp_1)
                         -0.02    0.56   library hold time
                                  0.56   data required time
-----------------------------------------------------------------------------
                                  0.56   data required time
                                 -0.84   data arrival time
-----------------------------------------------------------------------------
                                  0.29   slack (MET)


Startpoint: rv32_soc/reg_next_pc[21]$_SDFFE_PN0P_
            (rising edge-triggered flip-flop clocked by clk)
Endpoint: rv32_soc/reg_next_pc[21]$_SDFFE_PN0P_
          (rising edge-triggered flip-flop clocked by clk)
Path Group: clk
Path Type: min
Corner: fast

Fanout     Cap    Slew   Delay    Time   Description
-----------------------------------------------------------------------------
                          0.00    0.00   clock clk (rise edge)
                          0.58    0.58   clock network delay (propagated)
                  0.06    0.00    0.58 ^ rv32_soc/reg_next_pc[21]$_SDFFE_PN0P_/CLK (sky130_fd_sc_hd__dfxtp_1)
     2    0.00    0.04    0.21    0.78 ^ rv32_soc/reg_next_pc[21]$_SDFFE_PN0P_/Q (sky130_fd_sc_hd__dfxtp_1)
                                         rv32_soc/reg_next_pc[21] (net)
                  0.04    0.00    0.78 ^ _8570_/A (sky130_fd_sc_hd__nand2_1)
     1    0.00    0.03    0.04    0.82 v _8570_/Y (sky130_fd_sc_hd__nand2_1)
                                         _4064_ (net)
                  0.03    0.00    0.82 v _8576_/A (sky130_fd_sc_hd__nand2_1)
     1    0.00    0.02    0.03    0.85 ^ _8576_/Y (sky130_fd_sc_hd__nand2_1)
                                         _0306_ (net)
                  0.02    0.00    0.85 ^ rv32_soc/reg_next_pc[21]$_SDFFE_PN0P_/D (sky130_fd_sc_hd__dfxtp_1)
                                  0.85   data arrival time

                          0.00    0.00   clock clk (rise edge)
                          0.58    0.58   clock network delay (propagated)
                          0.00    0.58   clock reconvergence pessimism
                                  0.58 ^ rv32_soc/reg_next_pc[21]$_SDFFE_PN0P_/CLK (sky130_fd_sc_hd__dfxtp_1)
                         -0.02    0.56   library hold time
                                  0.56   data required time
-----------------------------------------------------------------------------
                                  0.56   data required time
                                 -0.85   data arrival time
-----------------------------------------------------------------------------
                                  0.29   slack (MET)


Startpoint: rv32_soc/reg_next_pc[10]$_SDFFE_PN0P_
            (rising edge-triggered flip-flop clocked by clk)
Endpoint: rv32_soc/reg_next_pc[10]$_SDFFE_PN0P_
          (rising edge-triggered flip-flop clocked by clk)
Path Group: clk
Path Type: min
Corner: fast

Fanout     Cap    Slew   Delay    Time   Description
-----------------------------------------------------------------------------
                          0.00    0.00   clock clk (rise edge)
                          0.58    0.58   clock network delay (propagated)
                  0.06    0.00    0.58 ^ rv32_soc/reg_next_pc[10]$_SDFFE_PN0P_/CLK (sky130_fd_sc_hd__dfxtp_1)
     2    0.00    0.04    0.21    0.79 ^ rv32_soc/reg_next_pc[10]$_SDFFE_PN0P_/Q (sky130_fd_sc_hd__dfxtp_1)
                                         rv32_soc/reg_next_pc[10] (net)
                  0.04    0.00    0.79 ^ _8672_/A (sky130_fd_sc_hd__nand2_1)
     1    0.00    0.03    0.03    0.82 v _8672_/Y (sky130_fd_sc_hd__nand2_1)
                                         _4155_ (net)
                  0.03    0.00    0.82 v _8673_/B1 (sky130_fd_sc_hd__o21ai_0)
     1    0.00    0.03    0.03    0.85 ^ _8673_/Y (sky130_fd_sc_hd__o21ai_0)
                                         _0317_ (net)
                  0.03    0.00    0.85 ^ rv32_soc/reg_next_pc[10]$_SDFFE_PN0P_/D (sky130_fd_sc_hd__dfxtp_1)
                                  0.85   data arrival time

                          0.00    0.00   clock clk (rise edge)
                          0.58    0.58   clock network delay (propagated)
                          0.00    0.58   clock reconvergence pessimism
                                  0.58 ^ rv32_soc/reg_next_pc[10]$_SDFFE_PN0P_/CLK (sky130_fd_sc_hd__dfxtp_1)
                         -0.02    0.56   library hold time
                                  0.56   data required time
-----------------------------------------------------------------------------
                                  0.56   data required time
                                 -0.85   data arrival time
-----------------------------------------------------------------------------
                                  0.29   slack (MET)


Startpoint: rv32_soc/reg_next_pc[29]$_SDFFE_PN0P_
            (rising edge-triggered flip-flop clocked by clk)
Endpoint: rv32_soc/reg_next_pc[29]$_SDFFE_PN0P_
          (rising edge-triggered flip-flop clocked by clk)
Path Group: clk
Path Type: min
Corner: fast

Fanout     Cap    Slew   Delay    Time   Description
-----------------------------------------------------------------------------
                          0.00    0.00   clock clk (rise edge)
                          0.57    0.57   clock network delay (propagated)
                  0.06    0.00    0.57 ^ rv32_soc/reg_next_pc[29]$_SDFFE_PN0P_/CLK (sky130_fd_sc_hd__dfxtp_1)
     2    0.00    0.04    0.21    0.78 ^ rv32_soc/reg_next_pc[29]$_SDFFE_PN0P_/Q (sky130_fd_sc_hd__dfxtp_1)
                                         rv32_soc/reg_next_pc[29] (net)
                  0.04    0.00    0.78 ^ _8491_/A (sky130_fd_sc_hd__nand2_1)
     1    0.00    0.03    0.04    0.82 v _8491_/Y (sky130_fd_sc_hd__nand2_1)
                                         _3993_ (net)
                  0.03    0.00    0.82 v _8500_/A (sky130_fd_sc_hd__nand2_1)
     1    0.00    0.02    0.03    0.85 ^ _8500_/Y (sky130_fd_sc_hd__nand2_1)
                                         _0298_ (net)
                  0.02    0.00    0.85 ^ rv32_soc/reg_next_pc[29]$_SDFFE_PN0P_/D (sky130_fd_sc_hd__dfxtp_1)
                                  0.85   data arrival time

                          0.00    0.00   clock clk (rise edge)
                          0.57    0.57   clock network delay (propagated)
                          0.00    0.57   clock reconvergence pessimism
                                  0.57 ^ rv32_soc/reg_next_pc[29]$_SDFFE_PN0P_/CLK (sky130_fd_sc_hd__dfxtp_1)
                         -0.02    0.56   library hold time
                                  0.56   data required time
-----------------------------------------------------------------------------
                                  0.56   data required time
                                 -0.85   data arrival time
-----------------------------------------------------------------------------
                                  0.29   slack (MET)


Startpoint: rv32_soc/reg_next_pc[24]$_SDFFE_PN0P_
            (rising edge-triggered flip-flop clocked by clk)
Endpoint: rv32_soc/reg_next_pc[24]$_SDFFE_PN0P_
          (rising edge-triggered flip-flop clocked by clk)
Path Group: clk
Path Type: min
Corner: fast

Fanout     Cap    Slew   Delay    Time   Description
-----------------------------------------------------------------------------
                          0.00    0.00   clock clk (rise edge)
                          0.57    0.57   clock network delay (propagated)
                  0.06    0.00    0.57 ^ rv32_soc/reg_next_pc[24]$_SDFFE_PN0P_/CLK (sky130_fd_sc_hd__dfxtp_1)
     2    0.00    0.04    0.21    0.78 ^ rv32_soc/reg_next_pc[24]$_SDFFE_PN0P_/Q (sky130_fd_sc_hd__dfxtp_1)
                                         rv32_soc/reg_next_pc[24] (net)
                  0.04    0.00    0.78 ^ _8539_/A (sky130_fd_sc_hd__nand2_1)
     1    0.00    0.03    0.03    0.81 v _8539_/Y (sky130_fd_sc_hd__nand2_1)
                                         _4036_ (net)
                  0.03    0.00    0.81 v _8549_/A (sky130_fd_sc_hd__nand2_1)
     1    0.00    0.03    0.04    0.85 ^ _8549_/Y (sky130_fd_sc_hd__nand2_1)
                                         _0303_ (net)
                  0.03    0.00    0.85 ^ rv32_soc/reg_next_pc[24]$_SDFFE_PN0P_/D (sky130_fd_sc_hd__dfxtp_1)
                                  0.85   data arrival time

                          0.00    0.00   clock clk (rise edge)
                          0.57    0.57   clock network delay (propagated)
                          0.00    0.57   clock reconvergence pessimism
                                  0.57 ^ rv32_soc/reg_next_pc[24]$_SDFFE_PN0P_/CLK (sky130_fd_sc_hd__dfxtp_1)
                         -0.02    0.55   library hold time
                                  0.55   data required time
-----------------------------------------------------------------------------
                                  0.55   data required time
                                 -0.85   data arrival time
-----------------------------------------------------------------------------
                                  0.29   slack (MET)


Startpoint: rv32_soc/cpu_state[0]$_DFF_P_
            (rising edge-triggered flip-flop clocked by clk)
Endpoint: rv32_soc/mem_do_wdata$_SDFFE_PP1P_
          (rising edge-triggered flip-flop clocked by clk)
Path Group: clk
Path Type: min
Corner: fast

Fanout     Cap    Slew   Delay    Time   Description
-----------------------------------------------------------------------------
                          0.00    0.00   clock clk (rise edge)
                          0.58    0.58   clock network delay (propagated)
                  0.06    0.00    0.58 ^ rv32_soc/cpu_state[0]$_DFF_P_/CLK (sky130_fd_sc_hd__dfxtp_1)
     3    0.01    0.06    0.22    0.79 ^ rv32_soc/cpu_state[0]$_DFF_P_/Q (sky130_fd_sc_hd__dfxtp_1)
                                         rv32_soc/cpu_state[0] (net)
                  0.06    0.00    0.79 ^ _8759_/A1 (sky130_fd_sc_hd__o31ai_1)
     1    0.00    0.02    0.05    0.85 v _8759_/Y (sky130_fd_sc_hd__o31ai_1)
                                         _0332_ (net)
                  0.02    0.00    0.85 v rv32_soc/mem_do_wdata$_SDFFE_PP1P_/D (sky130_fd_sc_hd__dfxtp_1)
                                  0.85   data arrival time

                          0.00    0.00   clock clk (rise edge)
                          0.58    0.58   clock network delay (propagated)
                          0.00    0.58   clock reconvergence pessimism
                                  0.58 ^ rv32_soc/mem_do_wdata$_SDFFE_PP1P_/CLK (sky130_fd_sc_hd__dfxtp_1)
                         -0.02    0.56   library hold time
                                  0.56   data required time
-----------------------------------------------------------------------------
                                  0.56   data required time
                                 -0.85   data arrival time
-----------------------------------------------------------------------------
                                  0.29   slack (MET)


Startpoint: rv32_soc/reg_next_pc[13]$_SDFFE_PN0P_
            (rising edge-triggered flip-flop clocked by clk)
Endpoint: rv32_soc/reg_next_pc[13]$_SDFFE_PN0P_
          (rising edge-triggered flip-flop clocked by clk)
Path Group: clk
Path Type: min
Corner: fast

Fanout     Cap    Slew   Delay    Time   Description
-----------------------------------------------------------------------------
                          0.00    0.00   clock clk (rise edge)
                          0.57    0.57   clock network delay (propagated)
                  0.06    0.00    0.57 ^ rv32_soc/reg_next_pc[13]$_SDFFE_PN0P_/CLK (sky130_fd_sc_hd__dfxtp_1)
     2    0.00    0.04    0.21    0.78 ^ rv32_soc/reg_next_pc[13]$_SDFFE_PN0P_/Q (sky130_fd_sc_hd__dfxtp_1)
                                         rv32_soc/reg_next_pc[13] (net)
                  0.04    0.00    0.78 ^ _8639_/A (sky130_fd_sc_hd__nand2_1)
     1    0.00    0.03    0.04    0.82 v _8639_/Y (sky130_fd_sc_hd__nand2_1)
                                         _4125_ (net)
                  0.03    0.00    0.82 v _8645_/A (sky130_fd_sc_hd__nand2_1)
     1    0.00    0.02    0.03    0.85 ^ _8645_/Y (sky130_fd_sc_hd__nand2_1)
                                         _0314_ (net)
                  0.02    0.00    0.85 ^ rv32_soc/reg_next_pc[13]$_SDFFE_PN0P_/D (sky130_fd_sc_hd__dfxtp_1)
                                  0.85   data arrival time

                          0.00    0.00   clock clk (rise edge)
                          0.57    0.57   clock network delay (propagated)
                          0.00    0.57   clock reconvergence pessimism
                                  0.57 ^ rv32_soc/reg_next_pc[13]$_SDFFE_PN0P_/CLK (sky130_fd_sc_hd__dfxtp_1)
                         -0.02    0.56   library hold time
                                  0.56   data required time
-----------------------------------------------------------------------------
                                  0.56   data required time
                                 -0.85   data arrival time
-----------------------------------------------------------------------------
                                  0.29   slack (MET)


Startpoint: rv32_soc/instr_bltu$_SDFFE_PN0P_
            (rising edge-triggered flip-flop clocked by clk)
Endpoint: rv32_soc/instr_bltu$_SDFFE_PN0P_
          (rising edge-triggered flip-flop clocked by clk)
Path Group: clk
Path Type: min
Corner: fast

Fanout     Cap    Slew   Delay    Time   Description
-----------------------------------------------------------------------------
                          0.00    0.00   clock clk (rise edge)
                          0.57    0.57   clock network delay (propagated)
                  0.06    0.00    0.57 ^ rv32_soc/instr_bltu$_SDFFE_PN0P_/CLK (sky130_fd_sc_hd__dfxtp_1)
     3    0.01    0.06    0.22    0.79 ^ rv32_soc/instr_bltu$_SDFFE_PN0P_/Q (sky130_fd_sc_hd__dfxtp_1)
                                         rv32_soc/instr_bltu (net)
                  0.06    0.00    0.79 ^ _8920_/A (sky130_fd_sc_hd__nand2_1)
     1    0.00    0.03    0.03    0.82 v _8920_/Y (sky130_fd_sc_hd__nand2_1)
                                         _4323_ (net)
                  0.03    0.00    0.82 v _8921_/B1 (sky130_fd_sc_hd__o21ai_0)
     1    0.00    0.03    0.03    0.85 ^ _8921_/Y (sky130_fd_sc_hd__o21ai_0)
                                         _0398_ (net)
                  0.03    0.00    0.85 ^ rv32_soc/instr_bltu$_SDFFE_PN0P_/D (sky130_fd_sc_hd__dfxtp_1)
                                  0.85   data arrival time

                          0.00    0.00   clock clk (rise edge)
                          0.57    0.57   clock network delay (propagated)
                          0.00    0.57   clock reconvergence pessimism
                                  0.57 ^ rv32_soc/instr_bltu$_SDFFE_PN0P_/CLK (sky130_fd_sc_hd__dfxtp_1)
                         -0.02    0.56   library hold time
                                  0.56   data required time
-----------------------------------------------------------------------------
                                  0.56   data required time
                                 -0.85   data arrival time
-----------------------------------------------------------------------------
                                  0.30   slack (MET)


Startpoint: rv32_soc/reg_next_pc[11]$_SDFFE_PN0P_
            (rising edge-triggered flip-flop clocked by clk)
Endpoint: rv32_soc/reg_next_pc[11]$_SDFFE_PN0P_
          (rising edge-triggered flip-flop clocked by clk)
Path Group: clk
Path Type: min
Corner: fast

Fanout     Cap    Slew   Delay    Time   Description
-----------------------------------------------------------------------------
                          0.00    0.00   clock clk (rise edge)
                          0.58    0.58   clock network delay (propagated)
                  0.06    0.00    0.58 ^ rv32_soc/reg_next_pc[11]$_SDFFE_PN0P_/CLK (sky130_fd_sc_hd__dfxtp_1)
     2    0.00    0.04    0.21    0.79 ^ rv32_soc/reg_next_pc[11]$_SDFFE_PN0P_/Q (sky130_fd_sc_hd__dfxtp_1)
                                         rv32_soc/reg_next_pc[11] (net)
                  0.04    0.00    0.79 ^ _8654_/A (sky130_fd_sc_hd__nand2_1)
     1    0.01    0.04    0.04    0.83 v _8654_/Y (sky130_fd_sc_hd__nand2_1)
                                         _4138_ (net)
                  0.04    0.00    0.83 v _8663_/A (sky130_fd_sc_hd__nand2_1)
     1    0.00    0.02    0.03    0.86 ^ _8663_/Y (sky130_fd_sc_hd__nand2_1)
                                         _0316_ (net)
                  0.02    0.00    0.86 ^ rv32_soc/reg_next_pc[11]$_SDFFE_PN0P_/D (sky130_fd_sc_hd__dfxtp_1)
                                  0.86   data arrival time

                          0.00    0.00   clock clk (rise edge)
                          0.58    0.58   clock network delay (propagated)
                          0.00    0.58   clock reconvergence pessimism
                                  0.58 ^ rv32_soc/reg_next_pc[11]$_SDFFE_PN0P_/CLK (sky130_fd_sc_hd__dfxtp_1)
                         -0.02    0.56   library hold time
                                  0.56   data required time
-----------------------------------------------------------------------------
                                  0.56   data required time
                                 -0.86   data arrival time
-----------------------------------------------------------------------------
                                  0.30   slack (MET)


