[WARNING STA-0503] report_checks -group_count is deprecated. Use -group_path_count instead.
Startpoint: rv32_soc/latched_store$_SDFFE_PN0P_
            (rising edge-triggered flip-flop clocked by clk)
Endpoint: rv32_soc/reg_next_pc[31]$_SDFFE_PN0P_
          (rising edge-triggered flip-flop clocked by clk)
Path Group: clk
Path Type: max
Corner: slow

Fanout     Cap    Slew   Delay    Time   Description
-----------------------------------------------------------------------------
                          0.00    0.00   clock clk (rise edge)
                          2.37    2.37   clock network delay (propagated)
                  0.22    0.00    2.37 ^ rv32_soc/latched_store$_SDFFE_PN0P_/CLK (sky130_fd_sc_hd__dfxtp_1)
     6    0.01    0.42    1.53    3.89 ^ rv32_soc/latched_store$_SDFFE_PN0P_/Q (sky130_fd_sc_hd__dfxtp_1)
                                         net444 (net)
                  0.42    0.00    3.89 ^ _4945_/A (sky130_fd_sc_hd__and2_0)
     3    0.01    0.36    0.65    4.54 ^ _4945_/X (sky130_fd_sc_hd__and2_0)
                                         _0894_ (net)
                  0.36    0.00    4.54 ^ place833/A (sky130_fd_sc_hd__buf_1)
    10    0.03    1.20    1.19    5.74 ^ place833/X (sky130_fd_sc_hd__buf_1)
                                         net833 (net)
                  1.20    0.00    5.74 ^ _8367_/S (sky130_fd_sc_hd__mux2_1)
     6    0.02    0.30    2.21    7.95 v _8367_/X (sky130_fd_sc_hd__mux2_1)
                                         _3875_ (net)
                  0.30    0.00    7.95 v _8419_/B (sky130_fd_sc_hd__xnor2_1)
     3    0.01    0.17    0.54    8.49 v _8419_/Y (sky130_fd_sc_hd__xnor2_1)
                                         _3923_ (net)
                  0.17    0.00    8.49 v _8424_/A1 (sky130_fd_sc_hd__o211ai_1)
     2    0.00    0.64    0.79    9.28 ^ _8424_/Y (sky130_fd_sc_hd__o211ai_1)
                                         _3928_ (net)
                  0.64    0.00    9.28 ^ _8427_/A3 (sky130_fd_sc_hd__a311oi_1)
     3    0.00    0.25    0.49    9.78 v _8427_/Y (sky130_fd_sc_hd__a311oi_1)
                                         _3931_ (net)
                  0.25    0.00    9.78 v _8431_/A3 (sky130_fd_sc_hd__o311ai_0)
     1    0.01    2.05    2.03   11.81 ^ _8431_/Y (sky130_fd_sc_hd__o311ai_0)
                                         _3935_ (net)
                  2.05    0.00   11.81 ^ place622/A (sky130_fd_sc_hd__buf_4)
     2    0.00    0.10    1.18   12.99 ^ place622/X (sky130_fd_sc_hd__buf_4)
                                         net622 (net)
                  0.10    0.00   12.99 ^ _8434_/A3 (sky130_fd_sc_hd__a311oi_1)
     2    0.01    0.34    0.31   13.30 v _8434_/Y (sky130_fd_sc_hd__a311oi_1)
                                         _3938_ (net)
                  0.34    0.00   13.30 v _8438_/A3 (sky130_fd_sc_hd__o311ai_0)
     1    0.01    2.02    2.05   15.35 ^ _8438_/Y (sky130_fd_sc_hd__o311ai_0)
                                         _3942_ (net)
                  2.02    0.00   15.35 ^ place606/A (sky130_fd_sc_hd__buf_1)
     3    0.01    0.43    1.26   16.61 ^ place606/X (sky130_fd_sc_hd__buf_1)
                                         net606 (net)
                  0.43    0.00   16.61 ^ _8441_/A3 (sky130_fd_sc_hd__a311oi_1)
     3    0.01    0.31    0.47   17.08 v _8441_/Y (sky130_fd_sc_hd__a311oi_1)
                                         _3945_ (net)
                  0.31    0.00   17.08 v _8444_/A3 (sky130_fd_sc_hd__o311ai_0)
     1    0.01    2.35    2.30   19.38 ^ _8444_/Y (sky130_fd_sc_hd__o311ai_0)
                                         _3948_ (net)
                  2.35    0.00   19.38 ^ place597/A (sky130_fd_sc_hd__buf_1)
     4    0.01    0.43    1.37   20.75 ^ place597/X (sky130_fd_sc_hd__buf_1)
                                         net597 (net)
                  0.43    0.00   20.75 ^ _8447_/A3 (sky130_fd_sc_hd__a311oi_1)
     1    0.01    0.20    0.42   21.17 v _8447_/Y (sky130_fd_sc_hd__a311oi_1)
                                         _3951_ (net)
                  0.20    0.00   21.17 v place593/A (sky130_fd_sc_hd__buf_4)
     3    0.00    0.07    0.56   21.73 v place593/X (sky130_fd_sc_hd__buf_4)
                                         net593 (net)
                  0.07    0.00   21.73 v _8449_/A3 (sky130_fd_sc_hd__o31a_1)
     2    0.00    0.17    1.23   22.96 v _8449_/X (sky130_fd_sc_hd__o31a_1)
                                         _3953_ (net)
                  0.17    0.00   22.96 v _8450_/B_N (sky130_fd_sc_hd__nor2b_1)
     2    0.02    0.19    0.64   23.60 v _8450_/Y (sky130_fd_sc_hd__nor2b_1)
                                         _3954_ (net)
                  0.19    0.00   23.60 v _8451_/C (sky130_fd_sc_hd__nor3_1)
     1    0.00    0.81    0.80   24.40 ^ _8451_/Y (sky130_fd_sc_hd__nor3_1)
                                         _3955_ (net)
                  0.81    0.00   24.40 ^ place581/A (sky130_fd_sc_hd__buf_1)
     5    0.01    0.66    0.99   25.40 ^ place581/X (sky130_fd_sc_hd__buf_1)
                                         net581 (net)
                  0.66    0.00   25.40 ^ _8452_/C (sky130_fd_sc_hd__and3_1)
     2    0.00    0.20    0.76   26.16 ^ _8452_/X (sky130_fd_sc_hd__and3_1)
                                         _3956_ (net)
                  0.20    0.00   26.16 ^ _8457_/A2 (sky130_fd_sc_hd__o31a_1)
     4    0.01    0.39    0.58   26.73 ^ _8457_/X (sky130_fd_sc_hd__o31a_1)
                                         _3961_ (net)
                  0.39    0.00   26.73 ^ _8459_/A3 (sky130_fd_sc_hd__a31o_1)
     2    0.00    0.21    0.58   27.32 ^ _8459_/X (sky130_fd_sc_hd__a31o_1)
                                         _3963_ (net)
                  0.21    0.00   27.32 ^ _8461_/A (sky130_fd_sc_hd__nand2_1)
     2    0.00    0.14    0.20   27.52 v _8461_/Y (sky130_fd_sc_hd__nand2_1)
                                         _3965_ (net)
                  0.14    0.00   27.52 v _8462_/B1 (sky130_fd_sc_hd__o21ai_0)
     2    0.00    0.77    0.34   27.86 ^ _8462_/Y (sky130_fd_sc_hd__o21ai_0)
                                         _3966_ (net)
                  0.77    0.00   27.86 ^ _8798_/B1 (sky130_fd_sc_hd__a21oi_1)
     2    0.01    0.22    0.43   28.29 v _8798_/Y (sky130_fd_sc_hd__a21oi_1)
                                         _4257_ (net)
                  0.22    0.00   28.29 v _8802_/B (sky130_fd_sc_hd__or3_1)
     1    0.00    0.21    1.84   30.14 v _8802_/X (sky130_fd_sc_hd__or3_1)
                                         _4261_ (net)
                  0.21    0.00   30.14 v _8806_/A3 (sky130_fd_sc_hd__a31oi_1)
     1    0.00    0.51    0.71   30.84 ^ _8806_/Y (sky130_fd_sc_hd__a31oi_1)
                                         _4265_ (net)
                  0.51    0.00   30.84 ^ _8810_/A1 (sky130_fd_sc_hd__o21ai_0)
     1    0.00    0.15    0.42   31.26 v _8810_/Y (sky130_fd_sc_hd__o21ai_0)
                                         _0341_ (net)
                  0.15    0.00   31.26 v rv32_soc/reg_next_pc[31]$_SDFFE_PN0P_/D (sky130_fd_sc_hd__dfxtp_1)
                                 31.26   data arrival time

                         25.00   25.00   clock clk (rise edge)
                          2.33   27.33   clock network delay (propagated)
                          0.00   27.33   clock reconvergence pessimism
                                 27.33 ^ rv32_soc/reg_next_pc[31]$_SDFFE_PN0P_/CLK (sky130_fd_sc_hd__dfxtp_1)
                         -0.77   26.56   library setup time
                                 26.56   data required time
-----------------------------------------------------------------------------
                                 26.56   data required time
                                -31.26   data arrival time
-----------------------------------------------------------------------------
                                 -4.70   slack (VIOLATED)


Startpoint: rv32_soc/latched_store$_SDFFE_PN0P_
            (rising edge-triggered flip-flop clocked by clk)
Endpoint: rv32_soc/reg_next_pc[28]$_SDFFE_PN0P_
          (rising edge-triggered flip-flop clocked by clk)
Path Group: clk
Path Type: max
Corner: slow

Fanout     Cap    Slew   Delay    Time   Description
-----------------------------------------------------------------------------
                          0.00    0.00   clock clk (rise edge)
                          2.37    2.37   clock network delay (propagated)
                  0.22    0.00    2.37 ^ rv32_soc/latched_store$_SDFFE_PN0P_/CLK (sky130_fd_sc_hd__dfxtp_1)
     6    0.01    0.42    1.53    3.89 ^ rv32_soc/latched_store$_SDFFE_PN0P_/Q (sky130_fd_sc_hd__dfxtp_1)
                                         net444 (net)
                  0.42    0.00    3.89 ^ _4945_/A (sky130_fd_sc_hd__and2_0)
     3    0.01    0.36    0.65    4.54 ^ _4945_/X (sky130_fd_sc_hd__and2_0)
                                         _0894_ (net)
                  0.36    0.00    4.54 ^ place833/A (sky130_fd_sc_hd__buf_1)
    10    0.03    1.20    1.19    5.74 ^ place833/X (sky130_fd_sc_hd__buf_1)
                                         net833 (net)
                  1.20    0.00    5.74 ^ _8367_/S (sky130_fd_sc_hd__mux2_1)
     6    0.02    0.30    2.21    7.95 v _8367_/X (sky130_fd_sc_hd__mux2_1)
                                         _3875_ (net)
                  0.30    0.00    7.95 v _8419_/B (sky130_fd_sc_hd__xnor2_1)
     3    0.01    0.97    1.04    8.99 ^ _8419_/Y (sky130_fd_sc_hd__xnor2_1)
                                         _3923_ (net)
                  0.97    0.00    8.99 ^ _8424_/A1 (sky130_fd_sc_hd__o211ai_1)
     2    0.00    0.19    0.65    9.64 v _8424_/Y (sky130_fd_sc_hd__o211ai_1)
                                         _3928_ (net)
                  0.19    0.00    9.64 v _8427_/A3 (sky130_fd_sc_hd__a311oi_1)
     3    0.00    1.01    1.29   10.92 ^ _8427_/Y (sky130_fd_sc_hd__a311oi_1)
                                         _3931_ (net)
                  1.01    0.00   10.92 ^ _8431_/A3 (sky130_fd_sc_hd__o311ai_0)
     1    0.01    0.39    0.83   11.76 v _8431_/Y (sky130_fd_sc_hd__o311ai_0)
                                         _3935_ (net)
                  0.39    0.00   11.76 v place622/A (sky130_fd_sc_hd__buf_4)
     2    0.00    0.07    0.67   12.43 v place622/X (sky130_fd_sc_hd__buf_4)
                                         net622 (net)
                  0.07    0.00   12.43 v _8434_/A3 (sky130_fd_sc_hd__a311oi_1)
     2    0.01    1.60    1.65   14.08 ^ _8434_/Y (sky130_fd_sc_hd__a311oi_1)
                                         _3938_ (net)
                  1.60    0.00   14.08 ^ _8438_/A3 (sky130_fd_sc_hd__o311ai_0)
     1    0.01    0.41    1.07   15.15 v _8438_/Y (sky130_fd_sc_hd__o311ai_0)
                                         _3942_ (net)
                  0.41    0.00   15.15 v place606/A (sky130_fd_sc_hd__buf_1)
     3    0.01    0.13    0.57   15.71 v place606/X (sky130_fd_sc_hd__buf_1)
                                         net606 (net)
                  0.13    0.00   15.71 v _8441_/A3 (sky130_fd_sc_hd__a311oi_1)
     3    0.01    1.54    1.64   17.36 ^ _8441_/Y (sky130_fd_sc_hd__a311oi_1)
                                         _3945_ (net)
                  1.54    0.00   17.36 ^ _8444_/A3 (sky130_fd_sc_hd__o311ai_0)
     1    0.01    0.46    1.10   18.46 v _8444_/Y (sky130_fd_sc_hd__o311ai_0)
                                         _3948_ (net)
                  0.46    0.00   18.46 v place597/A (sky130_fd_sc_hd__buf_1)
     4    0.01    0.13    0.59   19.05 v place597/X (sky130_fd_sc_hd__buf_1)
                                         net597 (net)
                  0.13    0.00   19.05 v _8447_/A3 (sky130_fd_sc_hd__a311oi_1)
     1    0.01    1.21    1.39   20.44 ^ _8447_/Y (sky130_fd_sc_hd__a311oi_1)
                                         _3951_ (net)
                  1.21    0.00   20.44 ^ place593/A (sky130_fd_sc_hd__buf_4)
     3    0.01    0.10    0.85   21.29 ^ place593/X (sky130_fd_sc_hd__buf_4)
                                         net593 (net)
                  0.10    0.00   21.29 ^ _8449_/A3 (sky130_fd_sc_hd__o31a_1)
     2    0.01    0.27    0.42   21.71 ^ _8449_/X (sky130_fd_sc_hd__o31a_1)
                                         _3953_ (net)
                  0.27    0.00   21.71 ^ _8450_/B_N (sky130_fd_sc_hd__nor2b_1)
     2    0.02    1.26    1.27   22.97 ^ _8450_/Y (sky130_fd_sc_hd__nor2b_1)
                                         _3954_ (net)
                  1.26    0.00   22.97 ^ _8451_/C (sky130_fd_sc_hd__nor3_1)
     1    0.00    0.20    0.61   23.58 v _8451_/Y (sky130_fd_sc_hd__nor3_1)
                                         _3955_ (net)
                  0.20    0.00   23.58 v place581/A (sky130_fd_sc_hd__buf_1)
     5    0.01    0.19    0.48   24.06 v place581/X (sky130_fd_sc_hd__buf_1)
                                         net581 (net)
                  0.19    0.00   24.06 v _8452_/C (sky130_fd_sc_hd__and3_1)
     2    0.00    0.11    0.79   24.85 v _8452_/X (sky130_fd_sc_hd__and3_1)
                                         _3956_ (net)
                  0.11    0.00   24.85 v _8457_/A2 (sky130_fd_sc_hd__o31a_1)
     4    0.01    0.19    1.42   26.27 v _8457_/X (sky130_fd_sc_hd__o31a_1)
                                         _3961_ (net)
                  0.19    0.00   26.27 v _8504_/A2 (sky130_fd_sc_hd__a21o_1)
     2    0.01    0.10    0.74   27.01 v _8504_/X (sky130_fd_sc_hd__a21o_1)
                                         _4005_ (net)
                  0.10    0.00   27.02 v _8505_/B (sky130_fd_sc_hd__and2_1)
     3    0.01    0.12    0.64   27.66 v _8505_/X (sky130_fd_sc_hd__and2_1)
                                         _4006_ (net)
                  0.12    0.00   27.66 v _8507_/A2 (sky130_fd_sc_hd__o21ai_0)
     1    0.00    0.43    0.51   28.17 ^ _8507_/Y (sky130_fd_sc_hd__o21ai_0)
                                         _4008_ (net)
                  0.43    0.00   28.17 ^ _8508_/B (sky130_fd_sc_hd__nand2_1)
     1    0.00    0.68    0.31   28.49 v _8508_/Y (sky130_fd_sc_hd__nand2_1)
                                         _4009_ (net)
                  0.68    0.00   28.49 v _8512_/A2 (sky130_fd_sc_hd__o221ai_1)
     1    0.01    0.96    1.30   29.78 ^ _8512_/Y (sky130_fd_sc_hd__o221ai_1)
                                         _4013_ (net)
                  0.96    0.00   29.78 ^ _8513_/B1 (sky130_fd_sc_hd__o21ai_0)
     1    0.00    0.24    0.66   30.44 v _8513_/Y (sky130_fd_sc_hd__o21ai_0)
                                         _4014_ (net)
                  0.24    0.00   30.44 v _8514_/B (sky130_fd_sc_hd__nand2_1)
     1    0.00    0.16    0.29   30.74 ^ _8514_/Y (sky130_fd_sc_hd__nand2_1)
                                         _0299_ (net)
                  0.16    0.00   30.74 ^ rv32_soc/reg_next_pc[28]$_SDFFE_PN0P_/D (sky130_fd_sc_hd__dfxtp_1)
                                 30.74   data arrival time

                         25.00   25.00   clock clk (rise edge)
                          2.33   27.33   clock network delay (propagated)
                          0.00   27.33   clock reconvergence pessimism
                                 27.33 ^ rv32_soc/reg_next_pc[28]$_SDFFE_PN0P_/CLK (sky130_fd_sc_hd__dfxtp_1)
                         -0.20   27.13   library setup time
                                 27.13   data required time
-----------------------------------------------------------------------------
                                 27.13   data required time
                                -30.74   data arrival time
-----------------------------------------------------------------------------
                                 -3.61   slack (VIOLATED)


Startpoint: rv32_soc/latched_store$_SDFFE_PN0P_
            (rising edge-triggered flip-flop clocked by clk)
Endpoint: rv32_soc/reg_next_pc[30]$_SDFFE_PN0P_
          (rising edge-triggered flip-flop clocked by clk)
Path Group: clk
Path Type: max
Corner: slow

Fanout     Cap    Slew   Delay    Time   Description
-----------------------------------------------------------------------------
                          0.00    0.00   clock clk (rise edge)
                          2.37    2.37   clock network delay (propagated)
                  0.22    0.00    2.37 ^ rv32_soc/latched_store$_SDFFE_PN0P_/CLK (sky130_fd_sc_hd__dfxtp_1)
     6    0.01    0.42    1.53    3.89 ^ rv32_soc/latched_store$_SDFFE_PN0P_/Q (sky130_fd_sc_hd__dfxtp_1)
                                         net444 (net)
                  0.42    0.00    3.89 ^ _4945_/A (sky130_fd_sc_hd__and2_0)
     3    0.01    0.36    0.65    4.54 ^ _4945_/X (sky130_fd_sc_hd__and2_0)
                                         _0894_ (net)
                  0.36    0.00    4.54 ^ place833/A (sky130_fd_sc_hd__buf_1)
    10    0.03    1.20    1.19    5.74 ^ place833/X (sky130_fd_sc_hd__buf_1)
                                         net833 (net)
                  1.20    0.00    5.74 ^ _8367_/S (sky130_fd_sc_hd__mux2_1)
     6    0.02    0.30    2.21    7.95 v _8367_/X (sky130_fd_sc_hd__mux2_1)
                                         _3875_ (net)
                  0.30    0.00    7.95 v _8419_/B (sky130_fd_sc_hd__xnor2_1)
     3    0.01    0.97    1.04    8.99 ^ _8419_/Y (sky130_fd_sc_hd__xnor2_1)
                                         _3923_ (net)
                  0.97    0.00    8.99 ^ _8424_/A1 (sky130_fd_sc_hd__o211ai_1)
     2    0.00    0.19    0.65    9.64 v _8424_/Y (sky130_fd_sc_hd__o211ai_1)
                                         _3928_ (net)
                  0.19    0.00    9.64 v _8427_/A3 (sky130_fd_sc_hd__a311oi_1)
     3    0.00    1.01    1.29   10.92 ^ _8427_/Y (sky130_fd_sc_hd__a311oi_1)
                                         _3931_ (net)
                  1.01    0.00   10.92 ^ _8431_/A3 (sky130_fd_sc_hd__o311ai_0)
     1    0.01    0.39    0.83   11.76 v _8431_/Y (sky130_fd_sc_hd__o311ai_0)
                                         _3935_ (net)
                  0.39    0.00   11.76 v place622/A (sky130_fd_sc_hd__buf_4)
     2    0.00    0.07    0.67   12.43 v place622/X (sky130_fd_sc_hd__buf_4)
                                         net622 (net)
                  0.07    0.00   12.43 v _8434_/A3 (sky130_fd_sc_hd__a311oi_1)
     2    0.01    1.60    1.65   14.08 ^ _8434_/Y (sky130_fd_sc_hd__a311oi_1)
                                         _3938_ (net)
                  1.60    0.00   14.08 ^ _8438_/A3 (sky130_fd_sc_hd__o311ai_0)
     1    0.01    0.41    1.07   15.15 v _8438_/Y (sky130_fd_sc_hd__o311ai_0)
                                         _3942_ (net)
                  0.41    0.00   15.15 v place606/A (sky130_fd_sc_hd__buf_1)
     3    0.01    0.13    0.57   15.71 v place606/X (sky130_fd_sc_hd__buf_1)
                                         net606 (net)
                  0.13    0.00   15.71 v _8441_/A3 (sky130_fd_sc_hd__a311oi_1)
     3    0.01    1.54    1.64   17.36 ^ _8441_/Y (sky130_fd_sc_hd__a311oi_1)
                                         _3945_ (net)
                  1.54    0.00   17.36 ^ _8444_/A3 (sky130_fd_sc_hd__o311ai_0)
     1    0.01    0.46    1.10   18.46 v _8444_/Y (sky130_fd_sc_hd__o311ai_0)
                                         _3948_ (net)
                  0.46    0.00   18.46 v place597/A (sky130_fd_sc_hd__buf_1)
     4    0.01    0.13    0.59   19.05 v place597/X (sky130_fd_sc_hd__buf_1)
                                         net597 (net)
                  0.13    0.00   19.05 v _8447_/A3 (sky130_fd_sc_hd__a311oi_1)
     1    0.01    1.21    1.39   20.44 ^ _8447_/Y (sky130_fd_sc_hd__a311oi_1)
                                         _3951_ (net)
                  1.21    0.00   20.44 ^ place593/A (sky130_fd_sc_hd__buf_4)
     3    0.01    0.10    0.85   21.29 ^ place593/X (sky130_fd_sc_hd__buf_4)
                                         net593 (net)
                  0.10    0.00   21.29 ^ _8449_/A3 (sky130_fd_sc_hd__o31a_1)
     2    0.01    0.27    0.42   21.71 ^ _8449_/X (sky130_fd_sc_hd__o31a_1)
                                         _3953_ (net)
                  0.27    0.00   21.71 ^ _8450_/B_N (sky130_fd_sc_hd__nor2b_1)
     2    0.02    1.26    1.27   22.97 ^ _8450_/Y (sky130_fd_sc_hd__nor2b_1)
                                         _3954_ (net)
                  1.26    0.00   22.97 ^ _8451_/C (sky130_fd_sc_hd__nor3_1)
     1    0.00    0.20    0.61   23.58 v _8451_/Y (sky130_fd_sc_hd__nor3_1)
                                         _3955_ (net)
                  0.20    0.00   23.58 v place581/A (sky130_fd_sc_hd__buf_1)
     5    0.01    0.19    0.48   24.06 v place581/X (sky130_fd_sc_hd__buf_1)
                                         net581 (net)
                  0.19    0.00   24.06 v _8452_/C (sky130_fd_sc_hd__and3_1)
     2    0.00    0.11    0.79   24.85 v _8452_/X (sky130_fd_sc_hd__and3_1)
                                         _3956_ (net)
                  0.11    0.00   24.85 v _8457_/A2 (sky130_fd_sc_hd__o31a_1)
     4    0.01    0.19    1.42   26.27 v _8457_/X (sky130_fd_sc_hd__o31a_1)
                                         _3961_ (net)
                  0.19    0.00   26.27 v _8459_/A3 (sky130_fd_sc_hd__a31o_1)
     2    0.00    0.11    0.94   27.22 v _8459_/X (sky130_fd_sc_hd__a31o_1)
                                         _3963_ (net)
                  0.11    0.00   27.22 v _8461_/A (sky130_fd_sc_hd__nand2_1)
     2    0.00    0.19    0.22   27.44 ^ _8461_/Y (sky130_fd_sc_hd__nand2_1)
                                         _3965_ (net)
                  0.19    0.00   27.44 ^ _8462_/B1 (sky130_fd_sc_hd__o21ai_0)
     2    0.00    0.19    0.27   27.71 v _8462_/Y (sky130_fd_sc_hd__o21ai_0)
                                         _3966_ (net)
                  0.19    0.00   27.71 v place564/A (sky130_fd_sc_hd__buf_4)
     1    0.01    0.08    0.56   28.27 v place564/X (sky130_fd_sc_hd__buf_4)
                                         net564 (net)
                  0.08    0.00   28.27 v _8464_/A (sky130_fd_sc_hd__xnor2_1)
     1    0.01    0.81    0.85   29.12 ^ _8464_/Y (sky130_fd_sc_hd__xnor2_1)
                                         _3968_ (net)
                  0.81    0.00   29.12 ^ _8465_/B (sky130_fd_sc_hd__nor2_1)
     1    0.00    0.12    0.37   29.50 v _8465_/Y (sky130_fd_sc_hd__nor2_1)
                                         _3969_ (net)
                  0.12    0.00   29.50 v _8485_/A1 (sky130_fd_sc_hd__o21ai_0)
     1    0.00    0.54    0.65   30.15 ^ _8485_/Y (sky130_fd_sc_hd__o21ai_0)
                                         _0296_ (net)
                  0.54    0.00   30.15 ^ rv32_soc/reg_next_pc[30]$_SDFFE_PN0P_/D (sky130_fd_sc_hd__dfxtp_1)
                                 30.15   data arrival time

                         25.00   25.00   clock clk (rise edge)
                          2.33   27.33   clock network delay (propagated)
                          0.00   27.33   clock reconvergence pessimism
                                 27.33 ^ rv32_soc/reg_next_pc[30]$_SDFFE_PN0P_/CLK (sky130_fd_sc_hd__dfxtp_1)
                         -0.36   26.97   library setup time
                                 26.97   data required time
-----------------------------------------------------------------------------
                                 26.97   data required time
                                -30.15   data arrival time
-----------------------------------------------------------------------------
                                 -3.18   slack (VIOLATED)


Startpoint: pcpi_rs1[1]$_DFFE_PP_
            (rising edge-triggered flip-flop clocked by clk)
Endpoint: pcpi_rs1[31]$_DFFE_PP_
          (rising edge-triggered flip-flop clocked by clk)
Path Group: clk
Path Type: max
Corner: slow

Fanout     Cap    Slew   Delay    Time   Description
-----------------------------------------------------------------------------
                          0.00    0.00   clock clk (rise edge)
                          2.37    2.37   clock network delay (propagated)
                  0.24    0.00    2.37 ^ pcpi_rs1[1]$_DFFE_PP_/CLK (sky130_fd_sc_hd__edfxtp_1)
     3    0.02    0.43    1.98    4.34 v pcpi_rs1[1]$_DFFE_PP_/Q (sky130_fd_sc_hd__edfxtp_1)
                                         net518 (net)
                  0.43    0.00    4.34 v place930/A (sky130_fd_sc_hd__buf_6)
     2    0.01    0.06    0.64    4.98 v place930/X (sky130_fd_sc_hd__buf_6)
                                         net930 (net)
                  0.06    0.00    4.98 v _5904_/A (sky130_fd_sc_hd__nand2_1)
     1    0.01    0.33    0.30    5.28 ^ _5904_/Y (sky130_fd_sc_hd__nand2_1)
                                         _1759_ (net)
                  0.33    0.00    5.29 ^ _5905_/B1 (sky130_fd_sc_hd__o21ai_4)
     2    0.01    0.08    0.23    5.51 v _5905_/Y (sky130_fd_sc_hd__o21ai_4)
                                         _1760_ (net)
                  0.08    0.00    5.51 v _5906_/C (sky130_fd_sc_hd__maj3_2)
     2    0.01    0.20    1.41    6.93 v _5906_/X (sky130_fd_sc_hd__maj3_2)
                                         _1761_ (net)
                  0.20    0.00    6.93 v _5907_/C (sky130_fd_sc_hd__maj3_2)
     2    0.01    0.21    1.50    8.42 v _5907_/X (sky130_fd_sc_hd__maj3_2)
                                         _1762_ (net)
                  0.21    0.00    8.42 v _5908_/C (sky130_fd_sc_hd__maj3_2)
     2    0.01    0.21    1.48    9.91 v _5908_/X (sky130_fd_sc_hd__maj3_2)
                                         _1763_ (net)
                  0.21    0.00    9.91 v _5909_/C (sky130_fd_sc_hd__maj3_2)
     3    0.01    0.25    1.55   11.45 v _5909_/X (sky130_fd_sc_hd__maj3_2)
                                         _1764_ (net)
                  0.25    0.00   11.45 v _5913_/A2 (sky130_fd_sc_hd__a211oi_4)
     2    0.02    1.10    1.46   12.91 ^ _5913_/Y (sky130_fd_sc_hd__a211oi_4)
                                         _1768_ (net)
                  1.10    0.00   12.91 ^ _5915_/A3 (sky130_fd_sc_hd__o31ai_4)
     2    0.01    0.16    0.53   13.44 v _5915_/Y (sky130_fd_sc_hd__o31ai_4)
                                         _1770_ (net)
                  0.16    0.00   13.44 v _5916_/C (sky130_fd_sc_hd__maj3_2)
     3    0.01    0.25    1.52   14.96 v _5916_/X (sky130_fd_sc_hd__maj3_2)
                                         _1771_ (net)
                  0.25    0.00   14.96 v _5919_/A2 (sky130_fd_sc_hd__a211oi_4)
     2    0.02    1.29    1.61   16.57 ^ _5919_/Y (sky130_fd_sc_hd__a211oi_4)
                                         _1774_ (net)
                  1.29    0.00   16.57 ^ _5922_/A3 (sky130_fd_sc_hd__o311ai_4)
     3    0.02    0.21    0.74   17.31 v _5922_/Y (sky130_fd_sc_hd__o311ai_4)
                                         _1777_ (net)
                  0.21    0.00   17.31 v _5924_/A3 (sky130_fd_sc_hd__a311oi_4)
     3    0.02    1.08    1.51   18.83 ^ _5924_/Y (sky130_fd_sc_hd__a311oi_4)
                                         _1779_ (net)
                  1.08    0.00   18.83 ^ _5927_/A3 (sky130_fd_sc_hd__o311ai_4)
     3    0.02    0.25    0.68   19.51 v _5927_/Y (sky130_fd_sc_hd__o311ai_4)
                                         _1782_ (net)
                  0.25    0.00   19.51 v _5929_/A3 (sky130_fd_sc_hd__a311oi_4)
     2    0.01    1.04    1.50   21.01 ^ _5929_/Y (sky130_fd_sc_hd__a311oi_4)
                                         _1784_ (net)
                  1.04    0.00   21.01 ^ _5932_/A3 (sky130_fd_sc_hd__o311ai_4)
     3    0.02    0.23    0.66   21.67 v _5932_/Y (sky130_fd_sc_hd__o311ai_4)
                                         _1787_ (net)
                  0.23    0.00   21.68 v _5934_/A3 (sky130_fd_sc_hd__a311oi_4)
     2    0.01    0.91    1.36   23.04 ^ _5934_/Y (sky130_fd_sc_hd__a311oi_4)
                                         _1789_ (net)
                  0.91    0.00   23.04 ^ _5937_/A3 (sky130_fd_sc_hd__o311ai_4)
     2    0.01    0.16    0.56   23.59 v _5937_/Y (sky130_fd_sc_hd__o311ai_4)
                                         _1792_ (net)
                  0.16    0.00   23.59 v _5939_/A3 (sky130_fd_sc_hd__a311oi_4)
     2    0.01    0.74    1.19   24.78 ^ _5939_/Y (sky130_fd_sc_hd__a311oi_4)
                                         _1794_ (net)
                  0.74    0.00   24.78 ^ _5941_/A3 (sky130_fd_sc_hd__o31ai_2)
     3    0.01    0.12    0.44   25.22 v _5941_/Y (sky130_fd_sc_hd__o31ai_2)
                                         _1796_ (net)
                  0.12    0.00   25.22 v _5942_/C (sky130_fd_sc_hd__maj3_2)
     2    0.01    0.21    1.46   26.68 v _5942_/X (sky130_fd_sc_hd__maj3_2)
                                         _1797_ (net)
                  0.21    0.00   26.68 v _5943_/C (sky130_fd_sc_hd__maj3_2)
     1    0.01    0.21    1.49   28.16 v _5943_/X (sky130_fd_sc_hd__maj3_2)
                                         _1798_ (net)
                  0.21    0.00   28.16 v _5945_/A (sky130_fd_sc_hd__xnor2_2)
     1    0.00    0.37    0.60   28.76 ^ _5945_/Y (sky130_fd_sc_hd__xnor2_2)
                                         _1800_ (net)
                  0.37    0.00   28.76 ^ _6039_/A2 (sky130_fd_sc_hd__o21ai_1)
     1    0.00    0.15    0.28   29.05 v _6039_/Y (sky130_fd_sc_hd__o21ai_1)
                                         _4389_ (net)
                  0.15    0.00   29.05 v pcpi_rs1[31]$_DFFE_PP_/D (sky130_fd_sc_hd__edfxtp_1)
                                 29.05   data arrival time

                         25.00   25.00   clock clk (rise edge)
                          2.33   27.33   clock network delay (propagated)
                          0.00   27.33   clock reconvergence pessimism
                                 27.33 ^ pcpi_rs1[31]$_DFFE_PP_/CLK (sky130_fd_sc_hd__edfxtp_1)
                         -1.32   26.01   library setup time
                                 26.01   data required time
-----------------------------------------------------------------------------
                                 26.01   data required time
                                -29.05   data arrival time
-----------------------------------------------------------------------------
                                 -3.04   slack (VIOLATED)


Startpoint: rv32_soc/latched_store$_SDFFE_PN0P_
            (rising edge-triggered flip-flop clocked by clk)
Endpoint: rv32_soc/reg_next_pc[29]$_SDFFE_PN0P_
          (rising edge-triggered flip-flop clocked by clk)
Path Group: clk
Path Type: max
Corner: slow

Fanout     Cap    Slew   Delay    Time   Description
-----------------------------------------------------------------------------
                          0.00    0.00   clock clk (rise edge)
                          2.37    2.37   clock network delay (propagated)
                  0.22    0.00    2.37 ^ rv32_soc/latched_store$_SDFFE_PN0P_/CLK (sky130_fd_sc_hd__dfxtp_1)
     6    0.01    0.42    1.53    3.89 ^ rv32_soc/latched_store$_SDFFE_PN0P_/Q (sky130_fd_sc_hd__dfxtp_1)
                                         net444 (net)
                  0.42    0.00    3.89 ^ _4945_/A (sky130_fd_sc_hd__and2_0)
     3    0.01    0.36    0.65    4.54 ^ _4945_/X (sky130_fd_sc_hd__and2_0)
                                         _0894_ (net)
                  0.36    0.00    4.54 ^ place833/A (sky130_fd_sc_hd__buf_1)
    10    0.03    1.20    1.19    5.74 ^ place833/X (sky130_fd_sc_hd__buf_1)
                                         net833 (net)
                  1.20    0.00    5.74 ^ _8367_/S (sky130_fd_sc_hd__mux2_1)
     6    0.02    0.30    2.21    7.95 v _8367_/X (sky130_fd_sc_hd__mux2_1)
                                         _3875_ (net)
                  0.30    0.00    7.95 v _8419_/B (sky130_fd_sc_hd__xnor2_1)
     3    0.01    0.97    1.04    8.99 ^ _8419_/Y (sky130_fd_sc_hd__xnor2_1)
                                         _3923_ (net)
                  0.97    0.00    8.99 ^ _8424_/A1 (sky130_fd_sc_hd__o211ai_1)
     2    0.00    0.19    0.65    9.64 v _8424_/Y (sky130_fd_sc_hd__o211ai_1)
                                         _3928_ (net)
                  0.19    0.00    9.64 v _8427_/A3 (sky130_fd_sc_hd__a311oi_1)
     3    0.00    1.01    1.29   10.92 ^ _8427_/Y (sky130_fd_sc_hd__a311oi_1)
                                         _3931_ (net)
                  1.01    0.00   10.92 ^ _8431_/A3 (sky130_fd_sc_hd__o311ai_0)
     1    0.01    0.39    0.83   11.76 v _8431_/Y (sky130_fd_sc_hd__o311ai_0)
                                         _3935_ (net)
                  0.39    0.00   11.76 v place622/A (sky130_fd_sc_hd__buf_4)
     2    0.00    0.07    0.67   12.43 v place622/X (sky130_fd_sc_hd__buf_4)
                                         net622 (net)
                  0.07    0.00   12.43 v _8434_/A3 (sky130_fd_sc_hd__a311oi_1)
     2    0.01    1.60    1.65   14.08 ^ _8434_/Y (sky130_fd_sc_hd__a311oi_1)
                                         _3938_ (net)
                  1.60    0.00   14.08 ^ _8438_/A3 (sky130_fd_sc_hd__o311ai_0)
     1    0.01    0.41    1.07   15.15 v _8438_/Y (sky130_fd_sc_hd__o311ai_0)
                                         _3942_ (net)
                  0.41    0.00   15.15 v place606/A (sky130_fd_sc_hd__buf_1)
     3    0.01    0.13    0.57   15.71 v place606/X (sky130_fd_sc_hd__buf_1)
                                         net606 (net)
                  0.13    0.00   15.71 v _8441_/A3 (sky130_fd_sc_hd__a311oi_1)
     3    0.01    1.54    1.64   17.36 ^ _8441_/Y (sky130_fd_sc_hd__a311oi_1)
                                         _3945_ (net)
                  1.54    0.00   17.36 ^ _8444_/A3 (sky130_fd_sc_hd__o311ai_0)
     1    0.01    0.46    1.10   18.46 v _8444_/Y (sky130_fd_sc_hd__o311ai_0)
                                         _3948_ (net)
                  0.46    0.00   18.46 v place597/A (sky130_fd_sc_hd__buf_1)
     4    0.01    0.13    0.59   19.05 v place597/X (sky130_fd_sc_hd__buf_1)
                                         net597 (net)
                  0.13    0.00   19.05 v _8447_/A3 (sky130_fd_sc_hd__a311oi_1)
     1    0.01    1.21    1.39   20.44 ^ _8447_/Y (sky130_fd_sc_hd__a311oi_1)
                                         _3951_ (net)
                  1.21    0.00   20.44 ^ place593/A (sky130_fd_sc_hd__buf_4)
     3    0.01    0.10    0.85   21.29 ^ place593/X (sky130_fd_sc_hd__buf_4)
                                         net593 (net)
                  0.10    0.00   21.29 ^ _8449_/A3 (sky130_fd_sc_hd__o31a_1)
     2    0.01    0.27    0.42   21.71 ^ _8449_/X (sky130_fd_sc_hd__o31a_1)
                                         _3953_ (net)
                  0.27    0.00   21.71 ^ _8450_/B_N (sky130_fd_sc_hd__nor2b_1)
     2    0.02    1.26    1.27   22.97 ^ _8450_/Y (sky130_fd_sc_hd__nor2b_1)
                                         _3954_ (net)
                  1.26    0.00   22.97 ^ _8451_/C (sky130_fd_sc_hd__nor3_1)
     1    0.00    0.20    0.61   23.58 v _8451_/Y (sky130_fd_sc_hd__nor3_1)
                                         _3955_ (net)
                  0.20    0.00   23.58 v place581/A (sky130_fd_sc_hd__buf_1)
     5    0.01    0.19    0.48   24.06 v place581/X (sky130_fd_sc_hd__buf_1)
                                         net581 (net)
                  0.19    0.00   24.06 v _8452_/C (sky130_fd_sc_hd__and3_1)
     2    0.00    0.11    0.79   24.85 v _8452_/X (sky130_fd_sc_hd__and3_1)
                                         _3956_ (net)
                  0.11    0.00   24.85 v _8457_/A2 (sky130_fd_sc_hd__o31a_1)
     4    0.01    0.19    1.42   26.27 v _8457_/X (sky130_fd_sc_hd__o31a_1)
                                         _3961_ (net)
                  0.19    0.00   26.27 v _8459_/A3 (sky130_fd_sc_hd__a31o_1)
     2    0.00    0.11    0.94   27.22 v _8459_/X (sky130_fd_sc_hd__a31o_1)
                                         _3963_ (net)
                  0.11    0.00   27.22 v _8461_/A (sky130_fd_sc_hd__nand2_1)
     2    0.00    0.19    0.22   27.44 ^ _8461_/Y (sky130_fd_sc_hd__nand2_1)
                                         _3965_ (net)
                  0.19    0.00   27.44 ^ _8497_/B (sky130_fd_sc_hd__nand2_1)
     1    0.00    0.67    0.18   27.63 v _8497_/Y (sky130_fd_sc_hd__nand2_1)
                                         _3999_ (net)
                  0.67    0.00   27.63 v _8498_/B2 (sky130_fd_sc_hd__o221ai_1)
     1    0.01    0.96    1.26   28.88 ^ _8498_/Y (sky130_fd_sc_hd__o221ai_1)
                                         _4000_ (net)
                  0.96    0.00   28.88 ^ _8499_/B1 (sky130_fd_sc_hd__o21ai_0)
     1    0.00    0.21    0.62   29.51 v _8499_/Y (sky130_fd_sc_hd__o21ai_0)
                                         _4001_ (net)
                  0.21    0.00   29.51 v _8500_/B (sky130_fd_sc_hd__nand2_1)
     1    0.00    0.12    0.24   29.75 ^ _8500_/Y (sky130_fd_sc_hd__nand2_1)
                                         _0298_ (net)
                  0.12    0.00   29.75 ^ rv32_soc/reg_next_pc[29]$_SDFFE_PN0P_/D (sky130_fd_sc_hd__dfxtp_1)
                                 29.75   data arrival time

                         25.00   25.00   clock clk (rise edge)
                          2.33   27.33   clock network delay (propagated)
                          0.00   27.33   clock reconvergence pessimism
                                 27.33 ^ rv32_soc/reg_next_pc[29]$_SDFFE_PN0P_/CLK (sky130_fd_sc_hd__dfxtp_1)
                         -0.18   27.14   library setup time
                                 27.14   data required time
-----------------------------------------------------------------------------
                                 27.14   data required time
                                -29.75   data arrival time
-----------------------------------------------------------------------------
                                 -2.61   slack (VIOLATED)


Startpoint: rv32_soc/latched_store$_SDFFE_PN0P_
            (rising edge-triggered flip-flop clocked by clk)
Endpoint: rv32_soc/reg_next_pc[27]$_SDFFE_PN0P_
          (rising edge-triggered flip-flop clocked by clk)
Path Group: clk
Path Type: max
Corner: slow

Fanout     Cap    Slew   Delay    Time   Description
-----------------------------------------------------------------------------
                          0.00    0.00   clock clk (rise edge)
                          2.37    2.37   clock network delay (propagated)
                  0.22    0.00    2.37 ^ rv32_soc/latched_store$_SDFFE_PN0P_/CLK (sky130_fd_sc_hd__dfxtp_1)
     6    0.01    0.42    1.53    3.89 ^ rv32_soc/latched_store$_SDFFE_PN0P_/Q (sky130_fd_sc_hd__dfxtp_1)
                                         net444 (net)
                  0.42    0.00    3.89 ^ _4945_/A (sky130_fd_sc_hd__and2_0)
     3    0.01    0.36    0.65    4.54 ^ _4945_/X (sky130_fd_sc_hd__and2_0)
                                         _0894_ (net)
                  0.36    0.00    4.54 ^ place833/A (sky130_fd_sc_hd__buf_1)
    10    0.03    1.20    1.19    5.74 ^ place833/X (sky130_fd_sc_hd__buf_1)
                                         net833 (net)
                  1.20    0.00    5.74 ^ _8367_/S (sky130_fd_sc_hd__mux2_1)
     6    0.02    0.30    2.21    7.95 v _8367_/X (sky130_fd_sc_hd__mux2_1)
                                         _3875_ (net)
                  0.30    0.00    7.95 v _8419_/B (sky130_fd_sc_hd__xnor2_1)
     3    0.01    0.97    1.04    8.99 ^ _8419_/Y (sky130_fd_sc_hd__xnor2_1)
                                         _3923_ (net)
                  0.97    0.00    8.99 ^ _8424_/A1 (sky130_fd_sc_hd__o211ai_1)
     2    0.00    0.19    0.65    9.64 v _8424_/Y (sky130_fd_sc_hd__o211ai_1)
                                         _3928_ (net)
                  0.19    0.00    9.64 v _8427_/A3 (sky130_fd_sc_hd__a311oi_1)
     3    0.00    1.01    1.29   10.92 ^ _8427_/Y (sky130_fd_sc_hd__a311oi_1)
                                         _3931_ (net)
                  1.01    0.00   10.92 ^ _8431_/A3 (sky130_fd_sc_hd__o311ai_0)
     1    0.01    0.39    0.83   11.76 v _8431_/Y (sky130_fd_sc_hd__o311ai_0)
                                         _3935_ (net)
                  0.39    0.00   11.76 v place622/A (sky130_fd_sc_hd__buf_4)
     2    0.00    0.07    0.67   12.43 v place622/X (sky130_fd_sc_hd__buf_4)
                                         net622 (net)
                  0.07    0.00   12.43 v _8434_/A3 (sky130_fd_sc_hd__a311oi_1)
     2    0.01    1.60    1.65   14.08 ^ _8434_/Y (sky130_fd_sc_hd__a311oi_1)
                                         _3938_ (net)
                  1.60    0.00   14.08 ^ _8438_/A3 (sky130_fd_sc_hd__o311ai_0)
     1    0.01    0.41    1.07   15.15 v _8438_/Y (sky130_fd_sc_hd__o311ai_0)
                                         _3942_ (net)
                  0.41    0.00   15.15 v place606/A (sky130_fd_sc_hd__buf_1)
     3    0.01    0.13    0.57   15.71 v place606/X (sky130_fd_sc_hd__buf_1)
                                         net606 (net)
                  0.13    0.00   15.71 v _8441_/A3 (sky130_fd_sc_hd__a311oi_1)
     3    0.01    1.54    1.64   17.36 ^ _8441_/Y (sky130_fd_sc_hd__a311oi_1)
                                         _3945_ (net)
                  1.54    0.00   17.36 ^ _8444_/A3 (sky130_fd_sc_hd__o311ai_0)
     1    0.01    0.46    1.10   18.46 v _8444_/Y (sky130_fd_sc_hd__o311ai_0)
                                         _3948_ (net)
                  0.46    0.00   18.46 v place597/A (sky130_fd_sc_hd__buf_1)
     4    0.01    0.13    0.59   19.05 v place597/X (sky130_fd_sc_hd__buf_1)
                                         net597 (net)
                  0.13    0.00   19.05 v _8447_/A3 (sky130_fd_sc_hd__a311oi_1)
     1    0.01    1.21    1.39   20.44 ^ _8447_/Y (sky130_fd_sc_hd__a311oi_1)
                                         _3951_ (net)
                  1.21    0.00   20.44 ^ place593/A (sky130_fd_sc_hd__buf_4)
     3    0.01    0.10    0.85   21.29 ^ place593/X (sky130_fd_sc_hd__buf_4)
                                         net593 (net)
                  0.10    0.00   21.29 ^ _8449_/A3 (sky130_fd_sc_hd__o31a_1)
     2    0.01    0.27    0.42   21.71 ^ _8449_/X (sky130_fd_sc_hd__o31a_1)
                                         _3953_ (net)
                  0.27    0.00   21.71 ^ _8450_/B_N (sky130_fd_sc_hd__nor2b_1)
     2    0.02    1.26    1.27   22.97 ^ _8450_/Y (sky130_fd_sc_hd__nor2b_1)
                                         _3954_ (net)
                  1.26    0.00   22.97 ^ _8451_/C (sky130_fd_sc_hd__nor3_1)
     1    0.00    0.20    0.61   23.58 v _8451_/Y (sky130_fd_sc_hd__nor3_1)
                                         _3955_ (net)
                  0.20    0.00   23.58 v place581/A (sky130_fd_sc_hd__buf_1)
     5    0.01    0.19    0.48   24.06 v place581/X (sky130_fd_sc_hd__buf_1)
                                         net581 (net)
                  0.19    0.00   24.06 v _8452_/C (sky130_fd_sc_hd__and3_1)
     2    0.00    0.11    0.79   24.85 v _8452_/X (sky130_fd_sc_hd__and3_1)
                                         _3956_ (net)
                  0.11    0.00   24.85 v _8457_/A2 (sky130_fd_sc_hd__o31a_1)
     4    0.01    0.19    1.42   26.27 v _8457_/X (sky130_fd_sc_hd__o31a_1)
                                         _3961_ (net)
                  0.19    0.00   26.27 v _8504_/A2 (sky130_fd_sc_hd__a21o_1)
     2    0.01    0.10    0.74   27.01 v _8504_/X (sky130_fd_sc_hd__a21o_1)
                                         _4005_ (net)
                  0.10    0.00   27.02 v _8516_/A2 (sky130_fd_sc_hd__o21ai_0)
     1    0.00    0.60    0.65   27.67 ^ _8516_/Y (sky130_fd_sc_hd__o21ai_0)
                                         _4016_ (net)
                  0.60    0.00   27.67 ^ _8519_/A2 (sky130_fd_sc_hd__o221ai_1)
     1    0.00    0.59    0.52   28.19 v _8519_/Y (sky130_fd_sc_hd__o221ai_1)
                                         _4019_ (net)
                  0.59    0.00   28.19 v _8520_/B1 (sky130_fd_sc_hd__o21ai_0)
     1    0.00    0.43    0.52   28.71 ^ _8520_/Y (sky130_fd_sc_hd__o21ai_0)
                                         _4020_ (net)
                  0.43    0.00   28.71 ^ _8521_/B (sky130_fd_sc_hd__nand2_1)
     1    0.00    0.09    0.30   29.01 v _8521_/Y (sky130_fd_sc_hd__nand2_1)
                                         _0300_ (net)
                  0.09    0.00   29.01 v rv32_soc/reg_next_pc[27]$_SDFFE_PN0P_/D (sky130_fd_sc_hd__dfxtp_1)
                                 29.01   data arrival time

                         25.00   25.00   clock clk (rise edge)
                          2.33   27.33   clock network delay (propagated)
                          0.00   27.33   clock reconvergence pessimism
                                 27.33 ^ rv32_soc/reg_next_pc[27]$_SDFFE_PN0P_/CLK (sky130_fd_sc_hd__dfxtp_1)
                         -0.73   26.59   library setup time
                                 26.59   data required time
-----------------------------------------------------------------------------
                                 26.59   data required time
                                -29.01   data arrival time
-----------------------------------------------------------------------------
                                 -2.42   slack (VIOLATED)


Startpoint: rv32_soc/latched_store$_SDFFE_PN0P_
            (rising edge-triggered flip-flop clocked by clk)
Endpoint: rv32_soc/reg_next_pc[24]$_SDFFE_PN0P_
          (rising edge-triggered flip-flop clocked by clk)
Path Group: clk
Path Type: max
Corner: slow

Fanout     Cap    Slew   Delay    Time   Description
-----------------------------------------------------------------------------
                          0.00    0.00   clock clk (rise edge)
                          2.37    2.37   clock network delay (propagated)
                  0.22    0.00    2.37 ^ rv32_soc/latched_store$_SDFFE_PN0P_/CLK (sky130_fd_sc_hd__dfxtp_1)
     6    0.01    0.42    1.53    3.89 ^ rv32_soc/latched_store$_SDFFE_PN0P_/Q (sky130_fd_sc_hd__dfxtp_1)
                                         net444 (net)
                  0.42    0.00    3.89 ^ _4945_/A (sky130_fd_sc_hd__and2_0)
     3    0.01    0.36    0.65    4.54 ^ _4945_/X (sky130_fd_sc_hd__and2_0)
                                         _0894_ (net)
                  0.36    0.00    4.54 ^ place833/A (sky130_fd_sc_hd__buf_1)
    10    0.03    1.20    1.19    5.74 ^ place833/X (sky130_fd_sc_hd__buf_1)
                                         net833 (net)
                  1.20    0.00    5.74 ^ _8367_/S (sky130_fd_sc_hd__mux2_1)
     6    0.02    0.30    2.21    7.95 v _8367_/X (sky130_fd_sc_hd__mux2_1)
                                         _3875_ (net)
                  0.30    0.00    7.95 v _8419_/B (sky130_fd_sc_hd__xnor2_1)
     3    0.01    0.17    0.54    8.49 v _8419_/Y (sky130_fd_sc_hd__xnor2_1)
                                         _3923_ (net)
                  0.17    0.00    8.49 v _8424_/A1 (sky130_fd_sc_hd__o211ai_1)
     2    0.00    0.64    0.79    9.28 ^ _8424_/Y (sky130_fd_sc_hd__o211ai_1)
                                         _3928_ (net)
                  0.64    0.00    9.28 ^ _8427_/A3 (sky130_fd_sc_hd__a311oi_1)
     3    0.00    0.25    0.49    9.78 v _8427_/Y (sky130_fd_sc_hd__a311oi_1)
                                         _3931_ (net)
                  0.25    0.00    9.78 v _8431_/A3 (sky130_fd_sc_hd__o311ai_0)
     1    0.01    2.05    2.03   11.81 ^ _8431_/Y (sky130_fd_sc_hd__o311ai_0)
                                         _3935_ (net)
                  2.05    0.00   11.81 ^ place622/A (sky130_fd_sc_hd__buf_4)
     2    0.00    0.10    1.18   12.99 ^ place622/X (sky130_fd_sc_hd__buf_4)
                                         net622 (net)
                  0.10    0.00   12.99 ^ _8434_/A3 (sky130_fd_sc_hd__a311oi_1)
     2    0.01    0.34    0.31   13.30 v _8434_/Y (sky130_fd_sc_hd__a311oi_1)
                                         _3938_ (net)
                  0.34    0.00   13.30 v _8438_/A3 (sky130_fd_sc_hd__o311ai_0)
     1    0.01    2.02    2.05   15.35 ^ _8438_/Y (sky130_fd_sc_hd__o311ai_0)
                                         _3942_ (net)
                  2.02    0.00   15.35 ^ place606/A (sky130_fd_sc_hd__buf_1)
     3    0.01    0.43    1.26   16.61 ^ place606/X (sky130_fd_sc_hd__buf_1)
                                         net606 (net)
                  0.43    0.00   16.61 ^ _8441_/A3 (sky130_fd_sc_hd__a311oi_1)
     3    0.01    0.31    0.47   17.08 v _8441_/Y (sky130_fd_sc_hd__a311oi_1)
                                         _3945_ (net)
                  0.31    0.00   17.08 v _8444_/A3 (sky130_fd_sc_hd__o311ai_0)
     1    0.01    2.35    2.30   19.38 ^ _8444_/Y (sky130_fd_sc_hd__o311ai_0)
                                         _3948_ (net)
                  2.35    0.00   19.38 ^ place597/A (sky130_fd_sc_hd__buf_1)
     4    0.01    0.43    1.37   20.75 ^ place597/X (sky130_fd_sc_hd__buf_1)
                                         net597 (net)
                  0.43    0.00   20.75 ^ _8447_/A3 (sky130_fd_sc_hd__a311oi_1)
     1    0.01    0.20    0.42   21.17 v _8447_/Y (sky130_fd_sc_hd__a311oi_1)
                                         _3951_ (net)
                  0.20    0.00   21.17 v place593/A (sky130_fd_sc_hd__buf_4)
     3    0.00    0.07    0.56   21.73 v place593/X (sky130_fd_sc_hd__buf_4)
                                         net593 (net)
                  0.07    0.00   21.73 v _8449_/A3 (sky130_fd_sc_hd__o31a_1)
     2    0.00    0.17    1.23   22.96 v _8449_/X (sky130_fd_sc_hd__o31a_1)
                                         _3953_ (net)
                  0.17    0.00   22.96 v _8450_/B_N (sky130_fd_sc_hd__nor2b_1)
     2    0.02    0.19    0.64   23.60 v _8450_/Y (sky130_fd_sc_hd__nor2b_1)
                                         _3954_ (net)
                  0.19    0.00   23.60 v _8451_/C (sky130_fd_sc_hd__nor3_1)
     1    0.00    0.81    0.80   24.40 ^ _8451_/Y (sky130_fd_sc_hd__nor3_1)
                                         _3955_ (net)
                  0.81    0.00   24.40 ^ place581/A (sky130_fd_sc_hd__buf_1)
     5    0.01    0.66    0.99   25.40 ^ place581/X (sky130_fd_sc_hd__buf_1)
                                         net581 (net)
                  0.66    0.00   25.40 ^ _8541_/A2 (sky130_fd_sc_hd__a21oi_1)
     2    0.00    0.19    0.45   25.85 v _8541_/Y (sky130_fd_sc_hd__a21oi_1)
                                         _4038_ (net)
                  0.19    0.00   25.85 v _8542_/B (sky130_fd_sc_hd__or2_1)
     3    0.01    0.18    1.07   26.92 v _8542_/X (sky130_fd_sc_hd__or2_1)
                                         _4039_ (net)
                  0.18    0.00   26.92 v _8543_/A2 (sky130_fd_sc_hd__a21oi_1)
     1    0.00    0.47    0.64   27.56 ^ _8543_/Y (sky130_fd_sc_hd__a21oi_1)
                                         _4040_ (net)
                  0.47    0.00   27.57 ^ _8547_/A1 (sky130_fd_sc_hd__o221ai_1)
     1    0.00    0.55    0.47   28.04 v _8547_/Y (sky130_fd_sc_hd__o221ai_1)
                                         _4044_ (net)
                  0.55    0.00   28.04 v _8548_/B1 (sky130_fd_sc_hd__o21ai_0)
     1    0.00    0.59    0.56   28.60 ^ _8548_/Y (sky130_fd_sc_hd__o21ai_0)
                                         _4045_ (net)
                  0.59    0.00   28.60 ^ _8549_/B (sky130_fd_sc_hd__nand2_1)
     1    0.00    0.12    0.38   28.98 v _8549_/Y (sky130_fd_sc_hd__nand2_1)
                                         _0303_ (net)
                  0.12    0.00   28.98 v rv32_soc/reg_next_pc[24]$_SDFFE_PN0P_/D (sky130_fd_sc_hd__dfxtp_1)
                                 28.98   data arrival time

                         25.00   25.00   clock clk (rise edge)
                          2.32   27.32   clock network delay (propagated)
                          0.00   27.32   clock reconvergence pessimism
                                 27.32 ^ rv32_soc/reg_next_pc[24]$_SDFFE_PN0P_/CLK (sky130_fd_sc_hd__dfxtp_1)
                         -0.75   26.58   library setup time
                                 26.58   data required time
-----------------------------------------------------------------------------
                                 26.58   data required time
                                -28.98   data arrival time
-----------------------------------------------------------------------------
                                 -2.41   slack (VIOLATED)


Startpoint: pcpi_rs1[1]$_DFFE_PP_
            (rising edge-triggered flip-flop clocked by clk)
Endpoint: pcpi_rs1[30]$_DFFE_PP_
          (rising edge-triggered flip-flop clocked by clk)
Path Group: clk
Path Type: max
Corner: slow

Fanout     Cap    Slew   Delay    Time   Description
-----------------------------------------------------------------------------
                          0.00    0.00   clock clk (rise edge)
                          2.37    2.37   clock network delay (propagated)
                  0.24    0.00    2.37 ^ pcpi_rs1[1]$_DFFE_PP_/CLK (sky130_fd_sc_hd__edfxtp_1)
     3    0.02    0.43    1.98    4.34 v pcpi_rs1[1]$_DFFE_PP_/Q (sky130_fd_sc_hd__edfxtp_1)
                                         net518 (net)
                  0.43    0.00    4.34 v place930/A (sky130_fd_sc_hd__buf_6)
     2    0.01    0.06    0.64    4.98 v place930/X (sky130_fd_sc_hd__buf_6)
                                         net930 (net)
                  0.06    0.00    4.98 v _5904_/A (sky130_fd_sc_hd__nand2_1)
     1    0.01    0.33    0.30    5.28 ^ _5904_/Y (sky130_fd_sc_hd__nand2_1)
                                         _1759_ (net)
                  0.33    0.00    5.29 ^ _5905_/B1 (sky130_fd_sc_hd__o21ai_4)
     2    0.01    0.08    0.23    5.51 v _5905_/Y (sky130_fd_sc_hd__o21ai_4)
                                         _1760_ (net)
                  0.08    0.00    5.51 v _5906_/C (sky130_fd_sc_hd__maj3_2)
     2    0.01    0.20    1.41    6.93 v _5906_/X (sky130_fd_sc_hd__maj3_2)
                                         _1761_ (net)
                  0.20    0.00    6.93 v _5907_/C (sky130_fd_sc_hd__maj3_2)
     2    0.01    0.21    1.50    8.42 v _5907_/X (sky130_fd_sc_hd__maj3_2)
                                         _1762_ (net)
                  0.21    0.00    8.42 v _5908_/C (sky130_fd_sc_hd__maj3_2)
     2    0.01    0.21    1.48    9.91 v _5908_/X (sky130_fd_sc_hd__maj3_2)
                                         _1763_ (net)
                  0.21    0.00    9.91 v _5909_/C (sky130_fd_sc_hd__maj3_2)
     3    0.01    0.25    1.55   11.45 v _5909_/X (sky130_fd_sc_hd__maj3_2)
                                         _1764_ (net)
                  0.25    0.00   11.45 v _5913_/A2 (sky130_fd_sc_hd__a211oi_4)
     2    0.02    1.10    1.46   12.91 ^ _5913_/Y (sky130_fd_sc_hd__a211oi_4)
                                         _1768_ (net)
                  1.10    0.00   12.91 ^ _5915_/A3 (sky130_fd_sc_hd__o31ai_4)
     2    0.01    0.16    0.53   13.44 v _5915_/Y (sky130_fd_sc_hd__o31ai_4)
                                         _1770_ (net)
                  0.16    0.00   13.44 v _5916_/C (sky130_fd_sc_hd__maj3_2)
     3    0.01    0.25    1.52   14.96 v _5916_/X (sky130_fd_sc_hd__maj3_2)
                                         _1771_ (net)
                  0.25    0.00   14.96 v _5919_/A2 (sky130_fd_sc_hd__a211oi_4)
     2    0.02    1.29    1.61   16.57 ^ _5919_/Y (sky130_fd_sc_hd__a211oi_4)
                                         _1774_ (net)
                  1.29    0.00   16.57 ^ _5922_/A3 (sky130_fd_sc_hd__o311ai_4)
     3    0.02    0.21    0.74   17.31 v _5922_/Y (sky130_fd_sc_hd__o311ai_4)
                                         _1777_ (net)
                  0.21    0.00   17.31 v _5924_/A3 (sky130_fd_sc_hd__a311oi_4)
     3    0.02    1.08    1.51   18.83 ^ _5924_/Y (sky130_fd_sc_hd__a311oi_4)
                                         _1779_ (net)
                  1.08    0.00   18.83 ^ _5927_/A3 (sky130_fd_sc_hd__o311ai_4)
     3    0.02    0.25    0.68   19.51 v _5927_/Y (sky130_fd_sc_hd__o311ai_4)
                                         _1782_ (net)
                  0.25    0.00   19.51 v _5929_/A3 (sky130_fd_sc_hd__a311oi_4)
     2    0.01    1.04    1.50   21.01 ^ _5929_/Y (sky130_fd_sc_hd__a311oi_4)
                                         _1784_ (net)
                  1.04    0.00   21.01 ^ _5932_/A3 (sky130_fd_sc_hd__o311ai_4)
     3    0.02    0.23    0.66   21.67 v _5932_/Y (sky130_fd_sc_hd__o311ai_4)
                                         _1787_ (net)
                  0.23    0.00   21.68 v _5934_/A3 (sky130_fd_sc_hd__a311oi_4)
     2    0.01    0.91    1.36   23.04 ^ _5934_/Y (sky130_fd_sc_hd__a311oi_4)
                                         _1789_ (net)
                  0.91    0.00   23.04 ^ _5937_/A3 (sky130_fd_sc_hd__o311ai_4)
     2    0.01    0.16    0.56   23.59 v _5937_/Y (sky130_fd_sc_hd__o311ai_4)
                                         _1792_ (net)
                  0.16    0.00   23.59 v _5939_/A3 (sky130_fd_sc_hd__a311oi_4)
     2    0.01    0.74    1.19   24.78 ^ _5939_/Y (sky130_fd_sc_hd__a311oi_4)
                                         _1794_ (net)
                  0.74    0.00   24.78 ^ _5941_/A3 (sky130_fd_sc_hd__o31ai_2)
     3    0.01    0.12    0.44   25.22 v _5941_/Y (sky130_fd_sc_hd__o31ai_2)
                                         _1796_ (net)
                  0.12    0.00   25.22 v _5942_/C (sky130_fd_sc_hd__maj3_2)
     2    0.01    0.21    1.46   26.68 v _5942_/X (sky130_fd_sc_hd__maj3_2)
                                         _1797_ (net)
                  0.21    0.00   26.68 v place562/A (sky130_fd_sc_hd__buf_4)
     1    0.00    0.07    0.56   27.24 v place562/X (sky130_fd_sc_hd__buf_4)
                                         net562 (net)
                  0.07    0.00   27.24 v _6695_/A (sky130_fd_sc_hd__xnor2_1)
     1    0.00    0.44    0.55   27.79 ^ _6695_/Y (sky130_fd_sc_hd__xnor2_1)
                                         _2482_ (net)
                  0.44    0.00   27.79 ^ _6740_/A2 (sky130_fd_sc_hd__o221ai_1)
     1    0.00    0.20    0.42   28.20 v _6740_/Y (sky130_fd_sc_hd__o221ai_1)
                                         _4388_ (net)
                  0.20    0.00   28.20 v pcpi_rs1[30]$_DFFE_PP_/D (sky130_fd_sc_hd__edfxtp_1)
                                 28.20   data arrival time

                         25.00   25.00   clock clk (rise edge)
                          2.31   27.31   clock network delay (propagated)
                          0.00   27.31   clock reconvergence pessimism
                                 27.31 ^ pcpi_rs1[30]$_DFFE_PP_/CLK (sky130_fd_sc_hd__edfxtp_1)
                         -1.35   25.96   library setup time
                                 25.96   data required time
-----------------------------------------------------------------------------
                                 25.96   data required time
                                -28.20   data arrival time
-----------------------------------------------------------------------------
                                 -2.24   slack (VIOLATED)


Startpoint: rv32_soc/latched_store$_SDFFE_PN0P_
            (rising edge-triggered flip-flop clocked by clk)
Endpoint: rv32_soc/reg_next_pc[26]$_SDFFE_PN0P_
          (rising edge-triggered flip-flop clocked by clk)
Path Group: clk
Path Type: max
Corner: slow

Fanout     Cap    Slew   Delay    Time   Description
-----------------------------------------------------------------------------
                          0.00    0.00   clock clk (rise edge)
                          2.37    2.37   clock network delay (propagated)
                  0.22    0.00    2.37 ^ rv32_soc/latched_store$_SDFFE_PN0P_/CLK (sky130_fd_sc_hd__dfxtp_1)
     6    0.01    0.42    1.53    3.89 ^ rv32_soc/latched_store$_SDFFE_PN0P_/Q (sky130_fd_sc_hd__dfxtp_1)
                                         net444 (net)
                  0.42    0.00    3.89 ^ _4945_/A (sky130_fd_sc_hd__and2_0)
     3    0.01    0.36    0.65    4.54 ^ _4945_/X (sky130_fd_sc_hd__and2_0)
                                         _0894_ (net)
                  0.36    0.00    4.54 ^ place833/A (sky130_fd_sc_hd__buf_1)
    10    0.03    1.20    1.19    5.74 ^ place833/X (sky130_fd_sc_hd__buf_1)
                                         net833 (net)
                  1.20    0.00    5.74 ^ _8367_/S (sky130_fd_sc_hd__mux2_1)
     6    0.02    0.30    2.21    7.95 v _8367_/X (sky130_fd_sc_hd__mux2_1)
                                         _3875_ (net)
                  0.30    0.00    7.95 v _8419_/B (sky130_fd_sc_hd__xnor2_1)
     3    0.01    0.17    0.54    8.49 v _8419_/Y (sky130_fd_sc_hd__xnor2_1)
                                         _3923_ (net)
                  0.17    0.00    8.49 v _8424_/A1 (sky130_fd_sc_hd__o211ai_1)
     2    0.00    0.64    0.79    9.28 ^ _8424_/Y (sky130_fd_sc_hd__o211ai_1)
                                         _3928_ (net)
                  0.64    0.00    9.28 ^ _8427_/A3 (sky130_fd_sc_hd__a311oi_1)
     3    0.00    0.25    0.49    9.78 v _8427_/Y (sky130_fd_sc_hd__a311oi_1)
                                         _3931_ (net)
                  0.25    0.00    9.78 v _8431_/A3 (sky130_fd_sc_hd__o311ai_0)
     1    0.01    2.05    2.03   11.81 ^ _8431_/Y (sky130_fd_sc_hd__o311ai_0)
                                         _3935_ (net)
                  2.05    0.00   11.81 ^ place622/A (sky130_fd_sc_hd__buf_4)
     2    0.00    0.10    1.18   12.99 ^ place622/X (sky130_fd_sc_hd__buf_4)
                                         net622 (net)
                  0.10    0.00   12.99 ^ _8434_/A3 (sky130_fd_sc_hd__a311oi_1)
     2    0.01    0.34    0.31   13.30 v _8434_/Y (sky130_fd_sc_hd__a311oi_1)
                                         _3938_ (net)
                  0.34    0.00   13.30 v _8438_/A3 (sky130_fd_sc_hd__o311ai_0)
     1    0.01    2.02    2.05   15.35 ^ _8438_/Y (sky130_fd_sc_hd__o311ai_0)
                                         _3942_ (net)
                  2.02    0.00   15.35 ^ place606/A (sky130_fd_sc_hd__buf_1)
     3    0.01    0.43    1.26   16.61 ^ place606/X (sky130_fd_sc_hd__buf_1)
                                         net606 (net)
                  0.43    0.00   16.61 ^ _8441_/A3 (sky130_fd_sc_hd__a311oi_1)
     3    0.01    0.31    0.47   17.08 v _8441_/Y (sky130_fd_sc_hd__a311oi_1)
                                         _3945_ (net)
                  0.31    0.00   17.08 v _8444_/A3 (sky130_fd_sc_hd__o311ai_0)
     1    0.01    2.35    2.30   19.38 ^ _8444_/Y (sky130_fd_sc_hd__o311ai_0)
                                         _3948_ (net)
                  2.35    0.00   19.38 ^ place597/A (sky130_fd_sc_hd__buf_1)
     4    0.01    0.43    1.37   20.75 ^ place597/X (sky130_fd_sc_hd__buf_1)
                                         net597 (net)
                  0.43    0.00   20.75 ^ _8447_/A3 (sky130_fd_sc_hd__a311oi_1)
     1    0.01    0.20    0.42   21.17 v _8447_/Y (sky130_fd_sc_hd__a311oi_1)
                                         _3951_ (net)
                  0.20    0.00   21.17 v place593/A (sky130_fd_sc_hd__buf_4)
     3    0.00    0.07    0.56   21.73 v place593/X (sky130_fd_sc_hd__buf_4)
                                         net593 (net)
                  0.07    0.00   21.73 v _8449_/A3 (sky130_fd_sc_hd__o31a_1)
     2    0.00    0.17    1.23   22.96 v _8449_/X (sky130_fd_sc_hd__o31a_1)
                                         _3953_ (net)
                  0.17    0.00   22.96 v _8450_/B_N (sky130_fd_sc_hd__nor2b_1)
     2    0.02    0.19    0.64   23.60 v _8450_/Y (sky130_fd_sc_hd__nor2b_1)
                                         _3954_ (net)
                  0.19    0.00   23.60 v _8451_/C (sky130_fd_sc_hd__nor3_1)
     1    0.00    0.81    0.80   24.40 ^ _8451_/Y (sky130_fd_sc_hd__nor3_1)
                                         _3955_ (net)
                  0.81    0.00   24.40 ^ place581/A (sky130_fd_sc_hd__buf_1)
     5    0.01    0.66    0.99   25.40 ^ place581/X (sky130_fd_sc_hd__buf_1)
                                         net581 (net)
                  0.66    0.00   25.40 ^ _8452_/C (sky130_fd_sc_hd__and3_1)
     2    0.00    0.20    0.76   26.16 ^ _8452_/X (sky130_fd_sc_hd__and3_1)
                                         _3956_ (net)
                  0.20    0.00   26.16 ^ _8457_/A2 (sky130_fd_sc_hd__o31a_1)
     4    0.01    0.39    0.58   26.73 ^ _8457_/X (sky130_fd_sc_hd__o31a_1)
                                         _3961_ (net)
                  0.39    0.00   26.73 ^ _8523_/B1 (sky130_fd_sc_hd__a21oi_1)
     2    0.01    0.17    0.28   27.02 v _8523_/Y (sky130_fd_sc_hd__a21oi_1)
                                         _4022_ (net)
                  0.17    0.00   27.02 v _8525_/A_N (sky130_fd_sc_hd__nand2b_1)
     1    0.00    0.15    0.57   27.58 v _8525_/Y (sky130_fd_sc_hd__nand2b_1)
                                         _4024_ (net)
                  0.15    0.00   27.58 v _8529_/A3 (sky130_fd_sc_hd__a31oi_1)
     1    0.00    0.57    0.71   28.29 ^ _8529_/Y (sky130_fd_sc_hd__a31oi_1)
                                         _4028_ (net)
                  0.57    0.00   28.29 ^ _8532_/A1 (sky130_fd_sc_hd__o21ai_0)
     1    0.00    0.16    0.45   28.74 v _8532_/Y (sky130_fd_sc_hd__o21ai_0)
                                         _0301_ (net)
                  0.16    0.00   28.74 v rv32_soc/reg_next_pc[26]$_SDFFE_PN0P_/D (sky130_fd_sc_hd__dfxtp_1)
                                 28.74   data arrival time

                         25.00   25.00   clock clk (rise edge)
                          2.32   27.32   clock network delay (propagated)
                          0.00   27.32   clock reconvergence pessimism
                                 27.32 ^ rv32_soc/reg_next_pc[26]$_SDFFE_PN0P_/CLK (sky130_fd_sc_hd__dfxtp_1)
                         -0.78   26.55   library setup time
                                 26.55   data required time
-----------------------------------------------------------------------------
                                 26.55   data required time
                                -28.74   data arrival time
-----------------------------------------------------------------------------
                                 -2.19   slack (VIOLATED)


Startpoint: rv32_soc/latched_store$_SDFFE_PN0P_
            (rising edge-triggered flip-flop clocked by clk)
Endpoint: rv32_soc/reg_next_pc[25]$_SDFFE_PN0P_
          (rising edge-triggered flip-flop clocked by clk)
Path Group: clk
Path Type: max
Corner: slow

Fanout     Cap    Slew   Delay    Time   Description
-----------------------------------------------------------------------------
                          0.00    0.00   clock clk (rise edge)
                          2.37    2.37   clock network delay (propagated)
                  0.22    0.00    2.37 ^ rv32_soc/latched_store$_SDFFE_PN0P_/CLK (sky130_fd_sc_hd__dfxtp_1)
     6    0.01    0.42    1.53    3.89 ^ rv32_soc/latched_store$_SDFFE_PN0P_/Q (sky130_fd_sc_hd__dfxtp_1)
                                         net444 (net)
                  0.42    0.00    3.89 ^ _4945_/A (sky130_fd_sc_hd__and2_0)
     3    0.01    0.36    0.65    4.54 ^ _4945_/X (sky130_fd_sc_hd__and2_0)
                                         _0894_ (net)
                  0.36    0.00    4.54 ^ place833/A (sky130_fd_sc_hd__buf_1)
    10    0.03    1.20    1.19    5.74 ^ place833/X (sky130_fd_sc_hd__buf_1)
                                         net833 (net)
                  1.20    0.00    5.74 ^ _8367_/S (sky130_fd_sc_hd__mux2_1)
     6    0.02    0.30    2.21    7.95 v _8367_/X (sky130_fd_sc_hd__mux2_1)
                                         _3875_ (net)
                  0.30    0.00    7.95 v _8419_/B (sky130_fd_sc_hd__xnor2_1)
     3    0.01    0.97    1.04    8.99 ^ _8419_/Y (sky130_fd_sc_hd__xnor2_1)
                                         _3923_ (net)
                  0.97    0.00    8.99 ^ _8424_/A1 (sky130_fd_sc_hd__o211ai_1)
     2    0.00    0.19    0.65    9.64 v _8424_/Y (sky130_fd_sc_hd__o211ai_1)
                                         _3928_ (net)
                  0.19    0.00    9.64 v _8427_/A3 (sky130_fd_sc_hd__a311oi_1)
     3    0.00    1.01    1.29   10.92 ^ _8427_/Y (sky130_fd_sc_hd__a311oi_1)
                                         _3931_ (net)
                  1.01    0.00   10.92 ^ _8431_/A3 (sky130_fd_sc_hd__o311ai_0)
     1    0.01    0.39    0.83   11.76 v _8431_/Y (sky130_fd_sc_hd__o311ai_0)
                                         _3935_ (net)
                  0.39    0.00   11.76 v place622/A (sky130_fd_sc_hd__buf_4)
     2    0.00    0.07    0.67   12.43 v place622/X (sky130_fd_sc_hd__buf_4)
                                         net622 (net)
                  0.07    0.00   12.43 v _8434_/A3 (sky130_fd_sc_hd__a311oi_1)
     2    0.01    1.60    1.65   14.08 ^ _8434_/Y (sky130_fd_sc_hd__a311oi_1)
                                         _3938_ (net)
                  1.60    0.00   14.08 ^ _8438_/A3 (sky130_fd_sc_hd__o311ai_0)
     1    0.01    0.41    1.07   15.15 v _8438_/Y (sky130_fd_sc_hd__o311ai_0)
                                         _3942_ (net)
                  0.41    0.00   15.15 v place606/A (sky130_fd_sc_hd__buf_1)
     3    0.01    0.13    0.57   15.71 v place606/X (sky130_fd_sc_hd__buf_1)
                                         net606 (net)
                  0.13    0.00   15.71 v _8441_/A3 (sky130_fd_sc_hd__a311oi_1)
     3    0.01    1.54    1.64   17.36 ^ _8441_/Y (sky130_fd_sc_hd__a311oi_1)
                                         _3945_ (net)
                  1.54    0.00   17.36 ^ _8444_/A3 (sky130_fd_sc_hd__o311ai_0)
     1    0.01    0.46    1.10   18.46 v _8444_/Y (sky130_fd_sc_hd__o311ai_0)
                                         _3948_ (net)
                  0.46    0.00   18.46 v place597/A (sky130_fd_sc_hd__buf_1)
     4    0.01    0.13    0.59   19.05 v place597/X (sky130_fd_sc_hd__buf_1)
                                         net597 (net)
                  0.13    0.00   19.05 v _8447_/A3 (sky130_fd_sc_hd__a311oi_1)
     1    0.01    1.21    1.39   20.44 ^ _8447_/Y (sky130_fd_sc_hd__a311oi_1)
                                         _3951_ (net)
                  1.21    0.00   20.44 ^ place593/A (sky130_fd_sc_hd__buf_4)
     3    0.01    0.10    0.85   21.29 ^ place593/X (sky130_fd_sc_hd__buf_4)
                                         net593 (net)
                  0.10    0.00   21.29 ^ _8449_/A3 (sky130_fd_sc_hd__o31a_1)
     2    0.01    0.27    0.42   21.71 ^ _8449_/X (sky130_fd_sc_hd__o31a_1)
                                         _3953_ (net)
                  0.27    0.00   21.71 ^ _8450_/B_N (sky130_fd_sc_hd__nor2b_1)
     2    0.02    1.26    1.27   22.97 ^ _8450_/Y (sky130_fd_sc_hd__nor2b_1)
                                         _3954_ (net)
                  1.26    0.00   22.97 ^ _8451_/C (sky130_fd_sc_hd__nor3_1)
     1    0.00    0.20    0.61   23.58 v _8451_/Y (sky130_fd_sc_hd__nor3_1)
                                         _3955_ (net)
                  0.20    0.00   23.58 v place581/A (sky130_fd_sc_hd__buf_1)
     5    0.01    0.19    0.48   24.06 v place581/X (sky130_fd_sc_hd__buf_1)
                                         net581 (net)
                  0.19    0.00   24.06 v _8452_/C (sky130_fd_sc_hd__and3_1)
     2    0.00    0.11    0.79   24.85 v _8452_/X (sky130_fd_sc_hd__and3_1)
                                         _3956_ (net)
                  0.11    0.00   24.85 v _8535_/A3 (sky130_fd_sc_hd__o41ai_1)
     1    0.00    1.31    1.65   26.50 ^ _8535_/Y (sky130_fd_sc_hd__o41ai_1)
                                         _4033_ (net)
                  1.31    0.00   26.50 ^ place574/A (sky130_fd_sc_hd__buf_4)
     1    0.00    0.08    0.87   27.37 ^ place574/X (sky130_fd_sc_hd__buf_4)
                                         net574 (net)
                  0.08    0.00   27.37 ^ _8536_/B1 (sky130_fd_sc_hd__o221ai_1)
     1    0.01    0.51    0.30   27.67 v _8536_/Y (sky130_fd_sc_hd__o221ai_1)
                                         _4034_ (net)
                  0.51    0.00   27.67 v _8537_/B1 (sky130_fd_sc_hd__o21ai_0)
     1    0.00    0.67    0.56   28.23 ^ _8537_/Y (sky130_fd_sc_hd__o21ai_0)
                                         _4035_ (net)
                  0.67    0.00   28.23 ^ _8538_/B (sky130_fd_sc_hd__nand2_1)
     1    0.00    0.11    0.40   28.63 v _8538_/Y (sky130_fd_sc_hd__nand2_1)
                                         _0302_ (net)
                  0.11    0.00   28.63 v rv32_soc/reg_next_pc[25]$_SDFFE_PN0P_/D (sky130_fd_sc_hd__dfxtp_1)
                                 28.63   data arrival time

                         25.00   25.00   clock clk (rise edge)
                          2.32   27.32   clock network delay (propagated)
                          0.00   27.32   clock reconvergence pessimism
                                 27.32 ^ rv32_soc/reg_next_pc[25]$_SDFFE_PN0P_/CLK (sky130_fd_sc_hd__dfxtp_1)
                         -0.75   26.58   library setup time
                                 26.58   data required time
-----------------------------------------------------------------------------
                                 26.58   data required time
                                -28.63   data arrival time
-----------------------------------------------------------------------------
                                 -2.06   slack (VIOLATED)


