Startpoint: rv32_soc/latched_store$_SDFFE_PN0P_
            (rising edge-triggered flip-flop clocked by clk)
Endpoint: rv32_soc/reg_next_pc[31]$_SDFFE_PN0P_
          (rising edge-triggered flip-flop clocked by clk)
Path Group: clk
Path Type: max
Corner: slow

Fanout     Cap    Slew   Delay    Time   Description
-----------------------------------------------------------------------------
                          0.00    0.00   clock clk (rise edge)
                          0.00    0.00   clock source latency
     2    0.01    0.00    0.00    0.00 ^ clk (in)
                                         clk (net)
                  0.00    0.00    0.00 ^ clkbuf_regs_0_clk/A (sky130_fd_sc_hd__clkbuf_16)
     1    0.01    0.11    0.28    0.28 ^ clkbuf_regs_0_clk/X (sky130_fd_sc_hd__clkbuf_16)
                                         clk_regs (net)
                  0.11    0.00    0.28 ^ clkbuf_0_clk_regs/A (sky130_fd_sc_hd__clkbuf_16)
     2    0.01    0.11    0.34    0.63 ^ clkbuf_0_clk_regs/X (sky130_fd_sc_hd__clkbuf_16)
                                         clknet_0_clk_regs (net)
                  0.11    0.00    0.63 ^ clkbuf_1_1_0_clk_regs/A (sky130_fd_sc_hd__clkbuf_16)
     2    0.02    0.13    0.36    0.99 ^ clkbuf_1_1_0_clk_regs/X (sky130_fd_sc_hd__clkbuf_16)
                                         clknet_1_1_0_clk_regs (net)
                  0.13    0.00    0.99 ^ clkbuf_2_2_0_clk_regs/A (sky130_fd_sc_hd__clkbuf_16)
     2    0.01    0.11    0.36    1.35 ^ clkbuf_2_2_0_clk_regs/X (sky130_fd_sc_hd__clkbuf_16)
                                         clknet_2_2_0_clk_regs (net)
                  0.11    0.00    1.35 ^ clkbuf_3_4__f_clk_regs/A (sky130_fd_sc_hd__clkbuf_16)
     8    0.06    0.29    0.49    1.83 ^ clkbuf_3_4__f_clk_regs/X (sky130_fd_sc_hd__clkbuf_16)
                                         clknet_3_4__leaf_clk_regs (net)
                  0.29    0.00    1.83 ^ clkbuf_leaf_56_clk_regs/A (sky130_fd_sc_hd__clkbuf_16)
    15    0.04    0.22    0.53    2.37 ^ clkbuf_leaf_56_clk_regs/X (sky130_fd_sc_hd__clkbuf_16)
                                         clknet_leaf_56_clk_regs (net)
                  0.22    0.00    2.37 ^ rv32_soc/latched_store$_SDFFE_PN0P_/CLK (sky130_fd_sc_hd__dfxtp_1)
     6    0.01    0.42    1.53    3.89 ^ rv32_soc/latched_store$_SDFFE_PN0P_/Q (sky130_fd_sc_hd__dfxtp_1)
                                         net444 (net)
                  0.42    0.00    3.89 ^ _4945_/A (sky130_fd_sc_hd__and2_0)
     3    0.01    0.36    0.65    4.54 ^ _4945_/X (sky130_fd_sc_hd__and2_0)
                                         _0894_ (net)
                  0.36    0.00    4.54 ^ place833/A (sky130_fd_sc_hd__buf_1)
    10    0.03    1.20    1.19    5.74 ^ place833/X (sky130_fd_sc_hd__buf_1)
                                         net833 (net)
                  1.20    0.00    5.74 ^ _8367_/S (sky130_fd_sc_hd__mux2_1)
     6    0.02    0.30    2.21    7.95 v _8367_/X (sky130_fd_sc_hd__mux2_1)
                                         _3875_ (net)
                  0.30    0.00    7.95 v _8419_/B (sky130_fd_sc_hd__xnor2_1)
     3    0.01    0.17    0.54    8.49 v _8419_/Y (sky130_fd_sc_hd__xnor2_1)
                                         _3923_ (net)
                  0.17    0.00    8.49 v _8424_/A1 (sky130_fd_sc_hd__o211ai_1)
     2    0.00    0.64    0.79    9.28 ^ _8424_/Y (sky130_fd_sc_hd__o211ai_1)
                                         _3928_ (net)
                  0.64    0.00    9.28 ^ _8427_/A3 (sky130_fd_sc_hd__a311oi_1)
     3    0.00    0.25    0.49    9.78 v _8427_/Y (sky130_fd_sc_hd__a311oi_1)
                                         _3931_ (net)
                  0.25    0.00    9.78 v _8431_/A3 (sky130_fd_sc_hd__o311ai_0)
     1    0.01    2.05    2.03   11.81 ^ _8431_/Y (sky130_fd_sc_hd__o311ai_0)
                                         _3935_ (net)
                  2.05    0.00   11.81 ^ place622/A (sky130_fd_sc_hd__buf_4)
     2    0.00    0.10    1.18   12.99 ^ place622/X (sky130_fd_sc_hd__buf_4)
                                         net622 (net)
                  0.10    0.00   12.99 ^ _8434_/A3 (sky130_fd_sc_hd__a311oi_1)
     2    0.01    0.34    0.31   13.30 v _8434_/Y (sky130_fd_sc_hd__a311oi_1)
                                         _3938_ (net)
                  0.34    0.00   13.30 v _8438_/A3 (sky130_fd_sc_hd__o311ai_0)
     1    0.01    2.02    2.05   15.35 ^ _8438_/Y (sky130_fd_sc_hd__o311ai_0)
                                         _3942_ (net)
                  2.02    0.00   15.35 ^ place606/A (sky130_fd_sc_hd__buf_1)
     3    0.01    0.43    1.26   16.61 ^ place606/X (sky130_fd_sc_hd__buf_1)
                                         net606 (net)
                  0.43    0.00   16.61 ^ _8441_/A3 (sky130_fd_sc_hd__a311oi_1)
     3    0.01    0.31    0.47   17.08 v _8441_/Y (sky130_fd_sc_hd__a311oi_1)
                                         _3945_ (net)
                  0.31    0.00   17.08 v _8444_/A3 (sky130_fd_sc_hd__o311ai_0)
     1    0.01    2.35    2.30   19.38 ^ _8444_/Y (sky130_fd_sc_hd__o311ai_0)
                                         _3948_ (net)
                  2.35    0.00   19.38 ^ place597/A (sky130_fd_sc_hd__buf_1)
     4    0.01    0.43    1.37   20.75 ^ place597/X (sky130_fd_sc_hd__buf_1)
                                         net597 (net)
                  0.43    0.00   20.75 ^ _8447_/A3 (sky130_fd_sc_hd__a311oi_1)
     1    0.01    0.20    0.42   21.17 v _8447_/Y (sky130_fd_sc_hd__a311oi_1)
                                         _3951_ (net)
                  0.20    0.00   21.17 v place593/A (sky130_fd_sc_hd__buf_4)
     3    0.00    0.07    0.56   21.73 v place593/X (sky130_fd_sc_hd__buf_4)
                                         net593 (net)
                  0.07    0.00   21.73 v _8449_/A3 (sky130_fd_sc_hd__o31a_1)
     2    0.00    0.17    1.23   22.96 v _8449_/X (sky130_fd_sc_hd__o31a_1)
                                         _3953_ (net)
                  0.17    0.00   22.96 v _8450_/B_N (sky130_fd_sc_hd__nor2b_1)
     2    0.02    0.19    0.64   23.60 v _8450_/Y (sky130_fd_sc_hd__nor2b_1)
                                         _3954_ (net)
                  0.19    0.00   23.60 v _8451_/C (sky130_fd_sc_hd__nor3_1)
     1    0.00    0.81    0.80   24.40 ^ _8451_/Y (sky130_fd_sc_hd__nor3_1)
                                         _3955_ (net)
                  0.81    0.00   24.40 ^ place581/A (sky130_fd_sc_hd__buf_1)
     5    0.01    0.66    0.99   25.40 ^ place581/X (sky130_fd_sc_hd__buf_1)
                                         net581 (net)
                  0.66    0.00   25.40 ^ _8452_/C (sky130_fd_sc_hd__and3_1)
     2    0.00    0.20    0.76   26.16 ^ _8452_/X (sky130_fd_sc_hd__and3_1)
                                         _3956_ (net)
                  0.20    0.00   26.16 ^ _8457_/A2 (sky130_fd_sc_hd__o31a_1)
     4    0.01    0.39    0.58   26.73 ^ _8457_/X (sky130_fd_sc_hd__o31a_1)
                                         _3961_ (net)
                  0.39    0.00   26.73 ^ _8459_/A3 (sky130_fd_sc_hd__a31o_1)
     2    0.00    0.21    0.58   27.32 ^ _8459_/X (sky130_fd_sc_hd__a31o_1)
                                         _3963_ (net)
                  0.21    0.00   27.32 ^ _8461_/A (sky130_fd_sc_hd__nand2_1)
     2    0.00    0.14    0.20   27.52 v _8461_/Y (sky130_fd_sc_hd__nand2_1)
                                         _3965_ (net)
                  0.14    0.00   27.52 v _8462_/B1 (sky130_fd_sc_hd__o21ai_0)
     2    0.00    0.77    0.34   27.86 ^ _8462_/Y (sky130_fd_sc_hd__o21ai_0)
                                         _3966_ (net)
                  0.77    0.00   27.86 ^ _8798_/B1 (sky130_fd_sc_hd__a21oi_1)
     2    0.01    0.22    0.43   28.29 v _8798_/Y (sky130_fd_sc_hd__a21oi_1)
                                         _4257_ (net)
                  0.22    0.00   28.29 v _8802_/B (sky130_fd_sc_hd__or3_1)
     1    0.00    0.21    1.84   30.14 v _8802_/X (sky130_fd_sc_hd__or3_1)
                                         _4261_ (net)
                  0.21    0.00   30.14 v _8806_/A3 (sky130_fd_sc_hd__a31oi_1)
     1    0.00    0.51    0.71   30.84 ^ _8806_/Y (sky130_fd_sc_hd__a31oi_1)
                                         _4265_ (net)
                  0.51    0.00   30.84 ^ _8810_/A1 (sky130_fd_sc_hd__o21ai_0)
     1    0.00    0.15    0.42   31.26 v _8810_/Y (sky130_fd_sc_hd__o21ai_0)
                                         _0341_ (net)
                  0.15    0.00   31.26 v rv32_soc/reg_next_pc[31]$_SDFFE_PN0P_/D (sky130_fd_sc_hd__dfxtp_1)
                                 31.26   data arrival time

                         25.00   25.00   clock clk (rise edge)
                          0.00   25.00   clock source latency
     2    0.01    0.00    0.00   25.00 ^ clk (in)
                                         clk (net)
                  0.00    0.00   25.00 ^ clkbuf_regs_0_clk/A (sky130_fd_sc_hd__clkbuf_16)
     1    0.01    0.11    0.28   25.28 ^ clkbuf_regs_0_clk/X (sky130_fd_sc_hd__clkbuf_16)
                                         clk_regs (net)
                  0.11    0.00   25.28 ^ clkbuf_0_clk_regs/A (sky130_fd_sc_hd__clkbuf_16)
     2    0.01    0.11    0.34   25.63 ^ clkbuf_0_clk_regs/X (sky130_fd_sc_hd__clkbuf_16)
                                         clknet_0_clk_regs (net)
                  0.11    0.00   25.63 ^ clkbuf_1_0_0_clk_regs/A (sky130_fd_sc_hd__clkbuf_16)
     2    0.02    0.12    0.35   25.98 ^ clkbuf_1_0_0_clk_regs/X (sky130_fd_sc_hd__clkbuf_16)
                                         clknet_1_0_0_clk_regs (net)
                  0.12    0.00   25.98 ^ clkbuf_2_0_0_clk_regs/A (sky130_fd_sc_hd__clkbuf_16)
     2    0.01    0.11    0.35   26.33 ^ clkbuf_2_0_0_clk_regs/X (sky130_fd_sc_hd__clkbuf_16)
                                         clknet_2_0_0_clk_regs (net)
                  0.11    0.00   26.33 ^ clkbuf_3_0__f_clk_regs/A (sky130_fd_sc_hd__clkbuf_16)
     7    0.06    0.26    0.47   26.80 ^ clkbuf_3_0__f_clk_regs/X (sky130_fd_sc_hd__clkbuf_16)
                                         clknet_3_0__leaf_clk_regs (net)
                  0.26    0.00   26.80 ^ clkbuf_leaf_64_clk_regs/A (sky130_fd_sc_hd__clkbuf_16)
    20    0.05    0.23    0.53   27.33 ^ clkbuf_leaf_64_clk_regs/X (sky130_fd_sc_hd__clkbuf_16)
                                         clknet_leaf_64_clk_regs (net)
                  0.23    0.00   27.33 ^ rv32_soc/reg_next_pc[31]$_SDFFE_PN0P_/CLK (sky130_fd_sc_hd__dfxtp_1)
                          0.00   27.33   clock reconvergence pessimism
                         -0.77   26.56   library setup time
                                 26.56   data required time
-----------------------------------------------------------------------------
                                 26.56   data required time
                                -31.26   data arrival time
-----------------------------------------------------------------------------
                                 -4.70   slack (VIOLATED)


