Startpoint: pcpi_rs1[1]$_DFFE_PP_
            (rising edge-triggered flip-flop clocked by clk)
Endpoint: pcpi_rs1[31]$_DFFE_PP_
          (rising edge-triggered flip-flop clocked by clk)
Path Group: clk
Path Type: max
Corner: slow

Fanout     Cap    Slew   Delay    Time   Description
-----------------------------------------------------------------------------
                          0.00    0.00   clock clk (rise edge)
                          0.00    0.00   clock source latency
     2    0.06    0.00    0.00    0.00 ^ clk (in)
                                         clk (net)
                  0.00    0.00    0.00 ^ clkbuf_regs_0_clk/A (sky130_fd_sc_hd__clkbuf_16)
     1    0.01    0.09    0.27    0.27 ^ clkbuf_regs_0_clk/X (sky130_fd_sc_hd__clkbuf_16)
                                         clk_regs (net)
                  0.09    0.00    0.27 ^ clkbuf_0_clk_regs/A (sky130_fd_sc_hd__clkbuf_16)
     2    0.02    0.12    0.34    0.61 ^ clkbuf_0_clk_regs/X (sky130_fd_sc_hd__clkbuf_16)
                                         clknet_0_clk_regs (net)
                  0.12    0.00    0.61 ^ clkbuf_1_1_0_clk_regs/A (sky130_fd_sc_hd__clkbuf_16)
     2    0.02    0.14    0.38    0.98 ^ clkbuf_1_1_0_clk_regs/X (sky130_fd_sc_hd__clkbuf_16)
                                         clknet_1_1_0_clk_regs (net)
                  0.14    0.00    0.99 ^ clkbuf_2_2_0_clk_regs/A (sky130_fd_sc_hd__clkbuf_16)
     2    0.02    0.13    0.38    1.36 ^ clkbuf_2_2_0_clk_regs/X (sky130_fd_sc_hd__clkbuf_16)
                                         clknet_2_2_0_clk_regs (net)
                  0.13    0.00    1.36 ^ clkbuf_3_5__f_clk_regs/A (sky130_fd_sc_hd__clkbuf_16)
     9    0.08    0.33    0.53    1.89 ^ clkbuf_3_5__f_clk_regs/X (sky130_fd_sc_hd__clkbuf_16)
                                         clknet_3_5__leaf_clk_regs (net)
                  0.33    0.00    1.89 ^ clkbuf_leaf_46_clk_regs/A (sky130_fd_sc_hd__clkbuf_16)
    10    0.06    0.26    0.59    2.48 ^ clkbuf_leaf_46_clk_regs/X (sky130_fd_sc_hd__clkbuf_16)
                                         clknet_leaf_46_clk_regs (net)
                  0.26    0.00    2.48 ^ pcpi_rs1[1]$_DFFE_PP_/CLK (sky130_fd_sc_hd__edfxtp_1)
     3    0.01    0.37    1.91    4.39 v pcpi_rs1[1]$_DFFE_PP_/Q (sky130_fd_sc_hd__edfxtp_1)
                                         net518 (net)
                  0.37    0.00    4.39 v _5903_/A (sky130_fd_sc_hd__xnor2_2)
     2    0.01    0.53    0.81    5.20 ^ _5903_/Y (sky130_fd_sc_hd__xnor2_2)
                                         _1758_ (net)
                  0.53    0.00    5.20 ^ _5905_/A2 (sky130_fd_sc_hd__o21ai_1)
     2    0.01    0.19    0.43    5.63 v _5905_/Y (sky130_fd_sc_hd__o21ai_1)
                                         _1760_ (net)
                  0.19    0.00    5.63 v _5906_/C (sky130_fd_sc_hd__maj3_2)
     2    0.01    0.20    1.47    7.10 v _5906_/X (sky130_fd_sc_hd__maj3_2)
                                         _1761_ (net)
                  0.20    0.00    7.10 v _5907_/C (sky130_fd_sc_hd__maj3_2)
     2    0.01    0.21    1.49    8.59 v _5907_/X (sky130_fd_sc_hd__maj3_2)
                                         _1762_ (net)
                  0.21    0.00    8.59 v _5908_/C (sky130_fd_sc_hd__maj3_2)
     2    0.01    0.21    1.50   10.09 v _5908_/X (sky130_fd_sc_hd__maj3_2)
                                         _1763_ (net)
                  0.21    0.00   10.09 v _5909_/C (sky130_fd_sc_hd__maj3_2)
     3    0.01    0.23    1.53   11.62 v _5909_/X (sky130_fd_sc_hd__maj3_2)
                                         _1764_ (net)
                  0.23    0.00   11.62 v _5913_/A2 (sky130_fd_sc_hd__a211oi_2)
     2    0.01    0.71    1.04   12.66 ^ _5913_/Y (sky130_fd_sc_hd__a211oi_2)
                                         _1768_ (net)
                  0.71    0.00   12.66 ^ _5915_/A3 (sky130_fd_sc_hd__o31ai_1)
     2    0.01    0.22    0.53   13.19 v _5915_/Y (sky130_fd_sc_hd__o31ai_1)
                                         _1770_ (net)
                  0.22    0.00   13.19 v _5916_/C (sky130_fd_sc_hd__maj3_2)
     3    0.01    0.23    1.53   14.72 v _5916_/X (sky130_fd_sc_hd__maj3_2)
                                         _1771_ (net)
                  0.23    0.00   14.72 v _5919_/A2 (sky130_fd_sc_hd__a211oi_2)
     2    0.01    0.88    1.17   15.89 ^ _5919_/Y (sky130_fd_sc_hd__a211oi_2)
                                         _1774_ (net)
                  0.88    0.00   15.89 ^ _5922_/A3 (sky130_fd_sc_hd__o311ai_1)
     3    0.01    0.26    0.65   16.54 v _5922_/Y (sky130_fd_sc_hd__o311ai_1)
                                         _1777_ (net)
                  0.26    0.00   16.54 v _5924_/A3 (sky130_fd_sc_hd__a311oi_1)
     1    0.00    0.85    1.20   17.74 ^ _5924_/Y (sky130_fd_sc_hd__a311oi_1)
                                         _1779_ (net)
                  0.85    0.00   17.74 ^ place590/A (sky130_fd_sc_hd__buf_4)
     3    0.01    0.11    0.70   18.44 ^ place590/X (sky130_fd_sc_hd__buf_4)
                                         net590 (net)
                  0.11    0.00   18.44 ^ _5927_/A3 (sky130_fd_sc_hd__o311ai_1)
     3    0.01    0.31    0.32   18.76 v _5927_/Y (sky130_fd_sc_hd__o311ai_1)
                                         _1782_ (net)
                  0.31    0.00   18.76 v _5929_/A3 (sky130_fd_sc_hd__a311oi_2)
     2    0.01    0.85    1.30   20.06 ^ _5929_/Y (sky130_fd_sc_hd__a311oi_2)
                                         _1784_ (net)
                  0.85    0.00   20.06 ^ _5932_/A3 (sky130_fd_sc_hd__o311ai_1)
     3    0.01    0.30    0.67   20.73 v _5932_/Y (sky130_fd_sc_hd__o311ai_1)
                                         _1787_ (net)
                  0.30    0.00   20.73 v _5934_/A3 (sky130_fd_sc_hd__a311oi_2)
     3    0.01    1.06    1.45   22.18 ^ _5934_/Y (sky130_fd_sc_hd__a311oi_2)
                                         _1789_ (net)
                  1.06    0.00   22.18 ^ _5937_/A3 (sky130_fd_sc_hd__o311ai_1)
     2    0.01    0.23    0.69   22.86 v _5937_/Y (sky130_fd_sc_hd__o311ai_1)
                                         _1792_ (net)
                  0.23    0.00   22.86 v _5939_/A3 (sky130_fd_sc_hd__a311oi_1)
     1    0.00    0.81    1.15   24.02 ^ _5939_/Y (sky130_fd_sc_hd__a311oi_1)
                                         _1794_ (net)
                  0.81    0.00   24.02 ^ place572/A (sky130_fd_sc_hd__buf_4)
     2    0.01    0.10    0.67   24.68 ^ place572/X (sky130_fd_sc_hd__buf_4)
                                         net572 (net)
                  0.10    0.00   24.68 ^ _5941_/A3 (sky130_fd_sc_hd__o31ai_1)
     1    0.00    0.11    0.15   24.83 v _5941_/Y (sky130_fd_sc_hd__o31ai_1)
                                         _1796_ (net)
                  0.11    0.00   24.83 v place568/A (sky130_fd_sc_hd__buf_4)
     3    0.01    0.08    0.51   25.34 v place568/X (sky130_fd_sc_hd__buf_4)
                                         net568 (net)
                  0.08    0.00   25.34 v _5942_/C (sky130_fd_sc_hd__maj3_1)
     2    0.01    0.24    1.72   27.06 v _5942_/X (sky130_fd_sc_hd__maj3_1)
                                         _1797_ (net)
                  0.24    0.00   27.06 v _5943_/C (sky130_fd_sc_hd__maj3_1)
     1    0.00    0.23    1.77   28.83 v _5943_/X (sky130_fd_sc_hd__maj3_1)
                                         _1798_ (net)
                  0.23    0.00   28.83 v _5945_/A (sky130_fd_sc_hd__xnor2_1)
     1    0.00    0.40    0.62   29.46 ^ _5945_/Y (sky130_fd_sc_hd__xnor2_1)
                                         _1800_ (net)
                  0.40    0.00   29.46 ^ _6039_/A2 (sky130_fd_sc_hd__o21ai_0)
     1    0.00    0.17    0.31   29.77 v _6039_/Y (sky130_fd_sc_hd__o21ai_0)
                                         _4389_ (net)
                  0.17    0.00   29.77 v pcpi_rs1[31]$_DFFE_PP_/D (sky130_fd_sc_hd__edfxtp_1)
                                 29.77   data arrival time

                         25.00   25.00   clock clk (rise edge)
                          0.00   25.00   clock source latency
     2    0.06    0.00    0.00   25.00 ^ clk (in)
                                         clk (net)
                  0.00    0.00   25.00 ^ clkbuf_regs_0_clk/A (sky130_fd_sc_hd__clkbuf_16)
     1    0.01    0.09    0.27   25.27 ^ clkbuf_regs_0_clk/X (sky130_fd_sc_hd__clkbuf_16)
                                         clk_regs (net)
                  0.09    0.00   25.27 ^ clkbuf_0_clk_regs/A (sky130_fd_sc_hd__clkbuf_16)
     2    0.02    0.12    0.34   25.61 ^ clkbuf_0_clk_regs/X (sky130_fd_sc_hd__clkbuf_16)
                                         clknet_0_clk_regs (net)
                  0.12    0.00   25.61 ^ clkbuf_1_0_0_clk_regs/A (sky130_fd_sc_hd__clkbuf_16)
     2    0.02    0.14    0.37   25.98 ^ clkbuf_1_0_0_clk_regs/X (sky130_fd_sc_hd__clkbuf_16)
                                         clknet_1_0_0_clk_regs (net)
                  0.14    0.00   25.98 ^ clkbuf_2_0_0_clk_regs/A (sky130_fd_sc_hd__clkbuf_16)
     2    0.02    0.13    0.37   26.36 ^ clkbuf_2_0_0_clk_regs/X (sky130_fd_sc_hd__clkbuf_16)
                                         clknet_2_0_0_clk_regs (net)
                  0.13    0.00   26.36 ^ clkbuf_3_1__f_clk_regs/A (sky130_fd_sc_hd__clkbuf_16)
     8    0.07    0.31    0.51   26.87 ^ clkbuf_3_1__f_clk_regs/X (sky130_fd_sc_hd__clkbuf_16)
                                         clknet_3_1__leaf_clk_regs (net)
                  0.31    0.00   26.87 ^ clkbuf_leaf_3_clk_regs/A (sky130_fd_sc_hd__clkbuf_16)
    19    0.07    0.29    0.60   27.47 ^ clkbuf_leaf_3_clk_regs/X (sky130_fd_sc_hd__clkbuf_16)
                                         clknet_leaf_3_clk_regs (net)
                  0.29    0.00   27.47 ^ pcpi_rs1[31]$_DFFE_PP_/CLK (sky130_fd_sc_hd__edfxtp_1)
                          0.00   27.47   clock reconvergence pessimism
                         -1.31   26.16   library setup time
                                 26.16   data required time
-----------------------------------------------------------------------------
                                 26.16   data required time
                                -29.77   data arrival time
-----------------------------------------------------------------------------
                                 -3.60   slack (VIOLATED)


