Startpoint: cpu/decoder_trigger$_DFF_P_ (rising edge-triggered flip-flop)
Endpoint: cpu/count_instr[62]$_SDFFE_PN0P_ (rising edge-triggered flip-flop)
Path Group: unconstrained
Path Type: max
Corner: slow

Fanout     Cap    Slew   Delay    Time   Description
-----------------------------------------------------------------------------
                  4.59    0.00    0.00 ^ cpu/decoder_trigger$_DFF_P_/CLK (sky130_fd_sc_hd__dfxtp_1)
    35    0.15    4.83    6.64    6.64 ^ cpu/decoder_trigger$_DFF_P_/Q (sky130_fd_sc_hd__dfxtp_1)
                                         _3425_ (net)
                  4.83    0.01    6.65 ^ _8620_/D (sky130_fd_sc_hd__and4_1)
     4    0.01    0.38    2.54    9.19 ^ _8620_/X (sky130_fd_sc_hd__and4_1)
                                         _4149_ (net)
                  0.38    0.00    9.19 ^ _8621_/D (sky130_fd_sc_hd__and4_1)
     5    0.01    0.41    0.91   10.10 ^ _8621_/X (sky130_fd_sc_hd__and4_1)
                                         _4150_ (net)
                  0.41    0.00   10.10 ^ _8622_/D (sky130_fd_sc_hd__and4_1)
     5    0.01    0.44    0.95   11.06 ^ _8622_/X (sky130_fd_sc_hd__and4_1)
                                         _4151_ (net)
                  0.44    0.00   11.06 ^ _8623_/D (sky130_fd_sc_hd__and4_1)
     5    0.01    0.44    0.97   12.02 ^ _8623_/X (sky130_fd_sc_hd__and4_1)
                                         _4152_ (net)
                  0.44    0.00   12.02 ^ _8624_/D (sky130_fd_sc_hd__and4_1)
     5    0.01    0.45    0.97   12.99 ^ _8624_/X (sky130_fd_sc_hd__and4_1)
                                         _4153_ (net)
                  0.45    0.00   13.00 ^ _8625_/D (sky130_fd_sc_hd__and4_1)
     4    0.01    0.37    0.91   13.91 ^ _8625_/X (sky130_fd_sc_hd__and4_1)
                                         _4154_ (net)
                  0.37    0.00   13.91 ^ _8626_/D (sky130_fd_sc_hd__and4_1)
     5    0.01    0.40    0.90   14.81 ^ _8626_/X (sky130_fd_sc_hd__and4_1)
                                         _4155_ (net)
                  0.40    0.00   14.81 ^ _8627_/D (sky130_fd_sc_hd__and4_1)
     5    0.01    0.41    0.92   15.73 ^ _8627_/X (sky130_fd_sc_hd__and4_1)
                                         _4156_ (net)
                  0.41    0.00   15.74 ^ _8628_/D (sky130_fd_sc_hd__and4_1)
     5    0.01    0.45    0.96   16.69 ^ _8628_/X (sky130_fd_sc_hd__and4_1)
                                         _4157_ (net)
                  0.45    0.00   16.69 ^ _8629_/D (sky130_fd_sc_hd__and4_1)
     5    0.01    0.41    0.94   17.63 ^ _8629_/X (sky130_fd_sc_hd__and4_1)
                                         _4158_ (net)
                  0.41    0.00   17.63 ^ _8630_/D (sky130_fd_sc_hd__and4_1)
     5    0.01    0.47    0.97   18.61 ^ _8630_/X (sky130_fd_sc_hd__and4_1)
                                         _4159_ (net)
                  0.47    0.00   18.61 ^ _8631_/D (sky130_fd_sc_hd__and4_1)
     5    0.01    0.45    0.98   19.59 ^ _8631_/X (sky130_fd_sc_hd__and4_1)
                                         _4160_ (net)
                  0.45    0.00   19.59 ^ _8632_/D (sky130_fd_sc_hd__and4_1)
     5    0.01    0.52    1.03   20.62 ^ _8632_/X (sky130_fd_sc_hd__and4_1)
                                         _4161_ (net)
                  0.52    0.00   20.62 ^ _8633_/D (sky130_fd_sc_hd__nand4_1)
     2    0.01    0.29    0.54   21.16 v _8633_/Y (sky130_fd_sc_hd__nand4_1)
                                         _4162_ (net)
                  0.29    0.00   21.16 v _8634_/D (sky130_fd_sc_hd__nor4_2)
     5    0.01    1.56    1.47   22.63 ^ _8634_/Y (sky130_fd_sc_hd__nor4_2)
                                         _4163_ (net)
                  1.56    0.00   22.63 ^ _8635_/D (sky130_fd_sc_hd__nand4_1)
     5    0.01    0.50    1.13   23.76 v _8635_/Y (sky130_fd_sc_hd__nand4_1)
                                         _4164_ (net)
                  0.50    0.00   23.76 v _8636_/D (sky130_fd_sc_hd__nor4_1)
     4    0.01    1.98    1.89   25.65 ^ _8636_/Y (sky130_fd_sc_hd__nor4_1)
                                         _4165_ (net)
                  1.98    0.00   25.65 ^ _8637_/C (sky130_fd_sc_hd__and3_1)
     5    0.01    0.38    1.45   27.11 ^ _8637_/X (sky130_fd_sc_hd__and3_1)
                                         _4166_ (net)
                  0.38    0.00   27.11 ^ _8638_/D (sky130_fd_sc_hd__and4_1)
     6    0.01    0.53    1.01   28.12 ^ _8638_/X (sky130_fd_sc_hd__and4_1)
                                         _4167_ (net)
                  0.53    0.00   28.12 ^ _8639_/D (sky130_fd_sc_hd__and4_1)
     6    0.01    0.53    1.07   29.19 ^ _8639_/X (sky130_fd_sc_hd__and4_1)
                                         _4168_ (net)
                  0.53    0.00   29.19 ^ _8640_/D (sky130_fd_sc_hd__and4_1)
     4    0.01    0.39    0.97   30.15 ^ _8640_/X (sky130_fd_sc_hd__and4_1)
                                         _4169_ (net)
                  0.39    0.00   30.15 ^ _8641_/B (sky130_fd_sc_hd__and2_0)
     3    0.01    0.38    0.67   30.82 ^ _8641_/X (sky130_fd_sc_hd__and2_0)
                                         _4170_ (net)
                  0.38    0.00   30.82 ^ _8642_/A2 (sky130_fd_sc_hd__o21ai_0)
     1    0.00    0.14    0.31   31.13 v _8642_/Y (sky130_fd_sc_hd__o21ai_0)
                                         _4171_ (net)
                  0.14    0.00   31.13 v _8643_/B1 (sky130_fd_sc_hd__a21oi_1)
     1    0.00    0.29    0.39   31.52 ^ _8643_/Y (sky130_fd_sc_hd__a21oi_1)
                                         _0293_ (net)
                  0.29    0.00   31.52 ^ cpu/count_instr[62]$_SDFFE_PN0P_/D (sky130_fd_sc_hd__dfxtp_1)
                                 31.52   data arrival time
-----------------------------------------------------------------------------
(Path is unconstrained)


