Startpoint: pcpi_rs1[1]$_DFFE_PP_
            (rising edge-triggered flip-flop clocked by clk)
Endpoint: pcpi_rs1[31]$_DFFE_PP_
          (rising edge-triggered flip-flop clocked by clk)
Path Group: clk
Path Type: max
Corner: slow

Fanout     Cap    Slew   Delay    Time   Description
-----------------------------------------------------------------------------
                  0.00    0.00    0.00   clock clk (rise edge)
                          0.00    0.00   clock network delay (ideal)
                  0.00    0.00    0.00 ^ pcpi_rs1[1]$_DFFE_PP_/CLK (sky130_fd_sc_hd__edfxtp_1)
     3    0.01    0.36    1.75    1.75 v pcpi_rs1[1]$_DFFE_PP_/Q (sky130_fd_sc_hd__edfxtp_1)
                                         net518 (net)
                  0.36    0.00    1.75 v _5903_/A (sky130_fd_sc_hd__xnor2_2)
     2    0.01    0.57    0.84    2.59 ^ _5903_/Y (sky130_fd_sc_hd__xnor2_2)
                                         _1758_ (net)
                  0.57    0.00    2.59 ^ _5905_/A2 (sky130_fd_sc_hd__o21ai_1)
     2    0.01    0.19    0.45    3.04 v _5905_/Y (sky130_fd_sc_hd__o21ai_1)
                                         _1760_ (net)
                  0.19    0.00    3.04 v _5906_/C (sky130_fd_sc_hd__maj3_2)
     2    0.01    0.20    1.47    4.51 v _5906_/X (sky130_fd_sc_hd__maj3_2)
                                         _1761_ (net)
                  0.20    0.00    4.51 v _5907_/C (sky130_fd_sc_hd__maj3_2)
     2    0.01    0.21    1.49    6.00 v _5907_/X (sky130_fd_sc_hd__maj3_2)
                                         _1762_ (net)
                  0.21    0.00    6.00 v _5908_/C (sky130_fd_sc_hd__maj3_2)
     2    0.01    0.21    1.49    7.50 v _5908_/X (sky130_fd_sc_hd__maj3_2)
                                         _1763_ (net)
                  0.21    0.00    7.50 v _5909_/C (sky130_fd_sc_hd__maj3_2)
     3    0.01    0.23    1.53    9.03 v _5909_/X (sky130_fd_sc_hd__maj3_2)
                                         _1764_ (net)
                  0.23    0.00    9.03 v _5913_/A2 (sky130_fd_sc_hd__a211oi_2)
     2    0.01    0.74    1.06   10.09 ^ _5913_/Y (sky130_fd_sc_hd__a211oi_2)
                                         _1768_ (net)
                  0.74    0.00   10.09 ^ _5915_/A3 (sky130_fd_sc_hd__o31ai_1)
     2    0.01    0.22    0.54   10.63 v _5915_/Y (sky130_fd_sc_hd__o31ai_1)
                                         _1770_ (net)
                  0.22    0.00   10.63 v _5916_/C (sky130_fd_sc_hd__maj3_2)
     3    0.01    0.22    1.53   12.16 v _5916_/X (sky130_fd_sc_hd__maj3_2)
                                         _1771_ (net)
                  0.22    0.00   12.16 v _5919_/A2 (sky130_fd_sc_hd__a211oi_2)
     2    0.01    0.92    1.20   13.36 ^ _5919_/Y (sky130_fd_sc_hd__a211oi_2)
                                         _1774_ (net)
                  0.92    0.00   13.36 ^ _5922_/A3 (sky130_fd_sc_hd__o311ai_1)
     3    0.01    0.26    0.66   14.02 v _5922_/Y (sky130_fd_sc_hd__o311ai_1)
                                         _1777_ (net)
                  0.26    0.00   14.02 v _5924_/A3 (sky130_fd_sc_hd__a311oi_1)
     1    0.00    0.95    1.28   15.31 ^ _5924_/Y (sky130_fd_sc_hd__a311oi_1)
                                         _1779_ (net)
                  0.95    0.00   15.31 ^ place590/A (sky130_fd_sc_hd__buf_4)
     3    0.01    0.11    0.75   16.06 ^ place590/X (sky130_fd_sc_hd__buf_4)
                                         net590 (net)
                  0.11    0.00   16.06 ^ _5927_/A3 (sky130_fd_sc_hd__o311ai_1)
     3    0.01    0.32    0.33   16.38 v _5927_/Y (sky130_fd_sc_hd__o311ai_1)
                                         _1782_ (net)
                  0.32    0.00   16.39 v _5929_/A3 (sky130_fd_sc_hd__a311oi_2)
     2    0.01    0.87    1.32   17.70 ^ _5929_/Y (sky130_fd_sc_hd__a311oi_2)
                                         _1784_ (net)
                  0.87    0.00   17.70 ^ _5932_/A3 (sky130_fd_sc_hd__o311ai_1)
     3    0.01    0.30    0.68   18.38 v _5932_/Y (sky130_fd_sc_hd__o311ai_1)
                                         _1787_ (net)
                  0.30    0.00   18.38 v _5934_/A3 (sky130_fd_sc_hd__a311oi_2)
     3    0.01    1.04    1.44   19.82 ^ _5934_/Y (sky130_fd_sc_hd__a311oi_2)
                                         _1789_ (net)
                  1.04    0.00   19.82 ^ _5937_/A3 (sky130_fd_sc_hd__o311ai_1)
     2    0.01    0.22    0.68   20.50 v _5937_/Y (sky130_fd_sc_hd__o311ai_1)
                                         _1792_ (net)
                  0.22    0.00   20.50 v _5939_/A3 (sky130_fd_sc_hd__a311oi_1)
     1    0.00    0.83    1.17   21.67 ^ _5939_/Y (sky130_fd_sc_hd__a311oi_1)
                                         _1794_ (net)
                  0.83    0.00   21.67 ^ place572/A (sky130_fd_sc_hd__buf_4)
     2    0.01    0.11    0.68   22.36 ^ place572/X (sky130_fd_sc_hd__buf_4)
                                         net572 (net)
                  0.11    0.00   22.36 ^ _5941_/A3 (sky130_fd_sc_hd__o31ai_1)
     1    0.00    0.11    0.15   22.51 v _5941_/Y (sky130_fd_sc_hd__o31ai_1)
                                         _1796_ (net)
                  0.11    0.00   22.51 v place568/A (sky130_fd_sc_hd__buf_4)
     3    0.01    0.08    0.52   23.02 v place568/X (sky130_fd_sc_hd__buf_4)
                                         net568 (net)
                  0.08    0.00   23.03 v _5942_/C (sky130_fd_sc_hd__maj3_1)
     2    0.01    0.24    1.73   24.75 v _5942_/X (sky130_fd_sc_hd__maj3_1)
                                         _1797_ (net)
                  0.24    0.00   24.75 v _5943_/C (sky130_fd_sc_hd__maj3_1)
     1    0.00    0.23    1.77   26.52 v _5943_/X (sky130_fd_sc_hd__maj3_1)
                                         _1798_ (net)
                  0.23    0.00   26.52 v _5945_/A (sky130_fd_sc_hd__xnor2_1)
     1    0.00    0.57    0.76   27.28 ^ _5945_/Y (sky130_fd_sc_hd__xnor2_1)
                                         _1800_ (net)
                  0.57    0.00   27.28 ^ _6039_/A2 (sky130_fd_sc_hd__o21ai_0)
     1    0.00    0.17    0.39   27.66 v _6039_/Y (sky130_fd_sc_hd__o21ai_0)
                                         _4389_ (net)
                  0.17    0.00   27.66 v pcpi_rs1[31]$_DFFE_PP_/D (sky130_fd_sc_hd__edfxtp_1)
                                 27.66   data arrival time

                  0.00   25.00   25.00   clock clk (rise edge)
                          0.00   25.00   clock network delay (ideal)
                          0.00   25.00   clock reconvergence pessimism
                                 25.00 ^ pcpi_rs1[31]$_DFFE_PP_/CLK (sky130_fd_sc_hd__edfxtp_1)
                         -1.45   23.55   library setup time
                                 23.55   data required time
-----------------------------------------------------------------------------
                                 23.55   data required time
                                -27.66   data arrival time
-----------------------------------------------------------------------------
                                 -4.11   slack (VIOLATED)


