[WARNING STA-0503] report_checks -group_count is deprecated. Use -group_path_count instead.
Startpoint: cpu/decoder_trigger$_DFF_P_ (rising edge-triggered flip-flop)
Endpoint: cpu/count_instr[62]$_SDFFE_PN0P_ (rising edge-triggered flip-flop)
Path Group: unconstrained
Path Type: max
Corner: slow

Fanout     Cap    Slew   Delay    Time   Description
-----------------------------------------------------------------------------
                  4.29    0.00    0.00 ^ cpu/decoder_trigger$_DFF_P_/CLK (sky130_fd_sc_hd__dfxtp_1)
    35    0.15    4.74    6.50    6.50 ^ cpu/decoder_trigger$_DFF_P_/Q (sky130_fd_sc_hd__dfxtp_1)
                                         _3425_ (net)
                  4.74    0.00    6.50 ^ _8620_/D (sky130_fd_sc_hd__and4_1)
     4    0.01    0.37    2.50    9.00 ^ _8620_/X (sky130_fd_sc_hd__and4_1)
                                         _4149_ (net)
                  0.37    0.00    9.00 ^ _8621_/D (sky130_fd_sc_hd__and4_1)
     5    0.01    0.40    0.90    9.89 ^ _8621_/X (sky130_fd_sc_hd__and4_1)
                                         _4150_ (net)
                  0.40    0.00    9.89 ^ _8622_/D (sky130_fd_sc_hd__and4_1)
     5    0.01    0.43    0.93   10.82 ^ _8622_/X (sky130_fd_sc_hd__and4_1)
                                         _4151_ (net)
                  0.43    0.00   10.82 ^ _8623_/D (sky130_fd_sc_hd__and4_1)
     5    0.01    0.45    0.96   11.78 ^ _8623_/X (sky130_fd_sc_hd__and4_1)
                                         _4152_ (net)
                  0.45    0.00   11.78 ^ _8624_/D (sky130_fd_sc_hd__and4_1)
     5    0.01    0.44    0.96   12.74 ^ _8624_/X (sky130_fd_sc_hd__and4_1)
                                         _4153_ (net)
                  0.44    0.00   12.75 ^ _8625_/D (sky130_fd_sc_hd__and4_1)
     4    0.01    0.36    0.90   13.64 ^ _8625_/X (sky130_fd_sc_hd__and4_1)
                                         _4154_ (net)
                  0.36    0.00   13.64 ^ _8626_/D (sky130_fd_sc_hd__and4_1)
     5    0.01    0.40    0.89   14.53 ^ _8626_/X (sky130_fd_sc_hd__and4_1)
                                         _4155_ (net)
                  0.40    0.00   14.53 ^ _8627_/D (sky130_fd_sc_hd__and4_1)
     5    0.01    0.39    0.90   15.44 ^ _8627_/X (sky130_fd_sc_hd__and4_1)
                                         _4156_ (net)
                  0.39    0.00   15.44 ^ _8628_/D (sky130_fd_sc_hd__and4_1)
     5    0.01    0.44    0.94   16.37 ^ _8628_/X (sky130_fd_sc_hd__and4_1)
                                         _4157_ (net)
                  0.44    0.00   16.37 ^ _8629_/D (sky130_fd_sc_hd__and4_1)
     5    0.01    0.42    0.94   17.31 ^ _8629_/X (sky130_fd_sc_hd__and4_1)
                                         _4158_ (net)
                  0.42    0.00   17.31 ^ _8630_/D (sky130_fd_sc_hd__and4_1)
     5    0.01    0.45    0.96   18.27 ^ _8630_/X (sky130_fd_sc_hd__and4_1)
                                         _4159_ (net)
                  0.45    0.00   18.27 ^ _8631_/D (sky130_fd_sc_hd__and4_1)
     5    0.01    0.43    0.96   19.23 ^ _8631_/X (sky130_fd_sc_hd__and4_1)
                                         _4160_ (net)
                  0.43    0.00   19.23 ^ _8632_/D (sky130_fd_sc_hd__and4_1)
     5    0.01    0.50    1.00   20.23 ^ _8632_/X (sky130_fd_sc_hd__and4_1)
                                         _4161_ (net)
                  0.50    0.00   20.23 ^ _8633_/D (sky130_fd_sc_hd__nand4_1)
     2    0.01    0.30    0.53   20.76 v _8633_/Y (sky130_fd_sc_hd__nand4_1)
                                         _4162_ (net)
                  0.30    0.00   20.76 v _8634_/D (sky130_fd_sc_hd__nor4_2)
     5    0.01    1.57    1.45   22.21 ^ _8634_/Y (sky130_fd_sc_hd__nor4_2)
                                         _4163_ (net)
                  1.57    0.00   22.21 ^ _8635_/D (sky130_fd_sc_hd__nand4_1)
     5    0.01    0.49    1.12   23.32 v _8635_/Y (sky130_fd_sc_hd__nand4_1)
                                         _4164_ (net)
                  0.49    0.00   23.32 v _8636_/D (sky130_fd_sc_hd__nor4_1)
     4    0.01    1.91    1.83   25.15 ^ _8636_/Y (sky130_fd_sc_hd__nor4_1)
                                         _4165_ (net)
                  1.91    0.00   25.15 ^ _8637_/C (sky130_fd_sc_hd__and3_1)
     5    0.01    0.37    1.41   26.57 ^ _8637_/X (sky130_fd_sc_hd__and3_1)
                                         _4166_ (net)
                  0.37    0.00   26.57 ^ _8638_/D (sky130_fd_sc_hd__and4_1)
     6    0.01    0.53    1.00   27.56 ^ _8638_/X (sky130_fd_sc_hd__and4_1)
                                         _4167_ (net)
                  0.53    0.00   27.56 ^ _8639_/D (sky130_fd_sc_hd__and4_1)
     6    0.01    0.51    1.05   28.62 ^ _8639_/X (sky130_fd_sc_hd__and4_1)
                                         _4168_ (net)
                  0.51    0.00   28.62 ^ _8640_/D (sky130_fd_sc_hd__and4_1)
     4    0.01    0.40    0.96   29.57 ^ _8640_/X (sky130_fd_sc_hd__and4_1)
                                         _4169_ (net)
                  0.40    0.00   29.57 ^ _8641_/B (sky130_fd_sc_hd__and2_0)
     3    0.01    0.39    0.67   30.24 ^ _8641_/X (sky130_fd_sc_hd__and2_0)
                                         _4170_ (net)
                  0.39    0.00   30.24 ^ _8642_/A2 (sky130_fd_sc_hd__o21ai_0)
     1    0.00    0.15    0.31   30.55 v _8642_/Y (sky130_fd_sc_hd__o21ai_0)
                                         _4171_ (net)
                  0.15    0.00   30.55 v _8643_/B1 (sky130_fd_sc_hd__a21oi_1)
     1    0.00    0.30    0.39   30.95 ^ _8643_/Y (sky130_fd_sc_hd__a21oi_1)
                                         _0293_ (net)
                  0.30    0.00   30.95 ^ cpu/count_instr[62]$_SDFFE_PN0P_/D (sky130_fd_sc_hd__dfxtp_1)
                                 30.95   data arrival time
-----------------------------------------------------------------------------
(Path is unconstrained)


Startpoint: cpu/decoder_trigger$_DFF_P_ (rising edge-triggered flip-flop)
Endpoint: cpu/count_instr[63]$_SDFFE_PN0P_ (rising edge-triggered flip-flop)
Path Group: unconstrained
Path Type: max
Corner: slow

Fanout     Cap    Slew   Delay    Time   Description
-----------------------------------------------------------------------------
                  4.29    0.00    0.00 ^ cpu/decoder_trigger$_DFF_P_/CLK (sky130_fd_sc_hd__dfxtp_1)
    35    0.15    4.74    6.50    6.50 ^ cpu/decoder_trigger$_DFF_P_/Q (sky130_fd_sc_hd__dfxtp_1)
                                         _3425_ (net)
                  4.74    0.00    6.50 ^ _8620_/D (sky130_fd_sc_hd__and4_1)
     4    0.01    0.37    2.50    9.00 ^ _8620_/X (sky130_fd_sc_hd__and4_1)
                                         _4149_ (net)
                  0.37    0.00    9.00 ^ _8621_/D (sky130_fd_sc_hd__and4_1)
     5    0.01    0.40    0.90    9.89 ^ _8621_/X (sky130_fd_sc_hd__and4_1)
                                         _4150_ (net)
                  0.40    0.00    9.89 ^ _8622_/D (sky130_fd_sc_hd__and4_1)
     5    0.01    0.43    0.93   10.82 ^ _8622_/X (sky130_fd_sc_hd__and4_1)
                                         _4151_ (net)
                  0.43    0.00   10.82 ^ _8623_/D (sky130_fd_sc_hd__and4_1)
     5    0.01    0.45    0.96   11.78 ^ _8623_/X (sky130_fd_sc_hd__and4_1)
                                         _4152_ (net)
                  0.45    0.00   11.78 ^ _8624_/D (sky130_fd_sc_hd__and4_1)
     5    0.01    0.44    0.96   12.74 ^ _8624_/X (sky130_fd_sc_hd__and4_1)
                                         _4153_ (net)
                  0.44    0.00   12.75 ^ _8625_/D (sky130_fd_sc_hd__and4_1)
     4    0.01    0.36    0.90   13.64 ^ _8625_/X (sky130_fd_sc_hd__and4_1)
                                         _4154_ (net)
                  0.36    0.00   13.64 ^ _8626_/D (sky130_fd_sc_hd__and4_1)
     5    0.01    0.40    0.89   14.53 ^ _8626_/X (sky130_fd_sc_hd__and4_1)
                                         _4155_ (net)
                  0.40    0.00   14.53 ^ _8627_/D (sky130_fd_sc_hd__and4_1)
     5    0.01    0.39    0.90   15.44 ^ _8627_/X (sky130_fd_sc_hd__and4_1)
                                         _4156_ (net)
                  0.39    0.00   15.44 ^ _8628_/D (sky130_fd_sc_hd__and4_1)
     5    0.01    0.44    0.94   16.37 ^ _8628_/X (sky130_fd_sc_hd__and4_1)
                                         _4157_ (net)
                  0.44    0.00   16.37 ^ _8629_/D (sky130_fd_sc_hd__and4_1)
     5    0.01    0.42    0.94   17.31 ^ _8629_/X (sky130_fd_sc_hd__and4_1)
                                         _4158_ (net)
                  0.42    0.00   17.31 ^ _8630_/D (sky130_fd_sc_hd__and4_1)
     5    0.01    0.45    0.96   18.27 ^ _8630_/X (sky130_fd_sc_hd__and4_1)
                                         _4159_ (net)
                  0.45    0.00   18.27 ^ _8631_/D (sky130_fd_sc_hd__and4_1)
     5    0.01    0.43    0.96   19.23 ^ _8631_/X (sky130_fd_sc_hd__and4_1)
                                         _4160_ (net)
                  0.43    0.00   19.23 ^ _8632_/D (sky130_fd_sc_hd__and4_1)
     5    0.01    0.50    1.00   20.23 ^ _8632_/X (sky130_fd_sc_hd__and4_1)
                                         _4161_ (net)
                  0.50    0.00   20.23 ^ _8633_/D (sky130_fd_sc_hd__nand4_1)
     2    0.01    0.30    0.53   20.76 v _8633_/Y (sky130_fd_sc_hd__nand4_1)
                                         _4162_ (net)
                  0.30    0.00   20.76 v _8634_/D (sky130_fd_sc_hd__nor4_2)
     5    0.01    1.57    1.45   22.21 ^ _8634_/Y (sky130_fd_sc_hd__nor4_2)
                                         _4163_ (net)
                  1.57    0.00   22.21 ^ _8635_/D (sky130_fd_sc_hd__nand4_1)
     5    0.01    0.49    1.12   23.32 v _8635_/Y (sky130_fd_sc_hd__nand4_1)
                                         _4164_ (net)
                  0.49    0.00   23.32 v _8636_/D (sky130_fd_sc_hd__nor4_1)
     4    0.01    1.91    1.83   25.15 ^ _8636_/Y (sky130_fd_sc_hd__nor4_1)
                                         _4165_ (net)
                  1.91    0.00   25.15 ^ _8637_/C (sky130_fd_sc_hd__and3_1)
     5    0.01    0.37    1.41   26.57 ^ _8637_/X (sky130_fd_sc_hd__and3_1)
                                         _4166_ (net)
                  0.37    0.00   26.57 ^ _8638_/D (sky130_fd_sc_hd__and4_1)
     6    0.01    0.53    1.00   27.56 ^ _8638_/X (sky130_fd_sc_hd__and4_1)
                                         _4167_ (net)
                  0.53    0.00   27.56 ^ _8639_/D (sky130_fd_sc_hd__and4_1)
     6    0.01    0.51    1.05   28.62 ^ _8639_/X (sky130_fd_sc_hd__and4_1)
                                         _4168_ (net)
                  0.51    0.00   28.62 ^ _8640_/D (sky130_fd_sc_hd__and4_1)
     4    0.01    0.40    0.96   29.57 ^ _8640_/X (sky130_fd_sc_hd__and4_1)
                                         _4169_ (net)
                  0.40    0.00   29.57 ^ _8824_/C (sky130_fd_sc_hd__nand3_1)
     1    0.00    0.16    0.37   29.94 v _8824_/Y (sky130_fd_sc_hd__nand3_1)
                                         _4287_ (net)
                  0.16    0.00   29.94 v _8825_/B (sky130_fd_sc_hd__xor2_1)
     1    0.00    0.09    0.62   30.56 v _8825_/X (sky130_fd_sc_hd__xor2_1)
                                         _4288_ (net)
                  0.09    0.00   30.56 v _8826_/B (sky130_fd_sc_hd__nor2_1)
     1    0.00    0.25    0.27   30.83 ^ _8826_/Y (sky130_fd_sc_hd__nor2_1)
                                         _0359_ (net)
                  0.25    0.00   30.83 ^ cpu/count_instr[63]$_SDFFE_PN0P_/D (sky130_fd_sc_hd__dfxtp_1)
                                 30.83   data arrival time
-----------------------------------------------------------------------------
(Path is unconstrained)


Startpoint: cpu/decoder_trigger$_DFF_P_ (rising edge-triggered flip-flop)
Endpoint: cpu/count_instr[61]$_SDFFE_PN0P_ (rising edge-triggered flip-flop)
Path Group: unconstrained
Path Type: max
Corner: slow

Fanout     Cap    Slew   Delay    Time   Description
-----------------------------------------------------------------------------
                  4.29    0.00    0.00 ^ cpu/decoder_trigger$_DFF_P_/CLK (sky130_fd_sc_hd__dfxtp_1)
    35    0.15    4.74    6.50    6.50 ^ cpu/decoder_trigger$_DFF_P_/Q (sky130_fd_sc_hd__dfxtp_1)
                                         _3425_ (net)
                  4.74    0.00    6.50 ^ _8620_/D (sky130_fd_sc_hd__and4_1)
     4    0.01    0.37    2.50    9.00 ^ _8620_/X (sky130_fd_sc_hd__and4_1)
                                         _4149_ (net)
                  0.37    0.00    9.00 ^ _8621_/D (sky130_fd_sc_hd__and4_1)
     5    0.01    0.40    0.90    9.89 ^ _8621_/X (sky130_fd_sc_hd__and4_1)
                                         _4150_ (net)
                  0.40    0.00    9.89 ^ _8622_/D (sky130_fd_sc_hd__and4_1)
     5    0.01    0.43    0.93   10.82 ^ _8622_/X (sky130_fd_sc_hd__and4_1)
                                         _4151_ (net)
                  0.43    0.00   10.82 ^ _8623_/D (sky130_fd_sc_hd__and4_1)
     5    0.01    0.45    0.96   11.78 ^ _8623_/X (sky130_fd_sc_hd__and4_1)
                                         _4152_ (net)
                  0.45    0.00   11.78 ^ _8624_/D (sky130_fd_sc_hd__and4_1)
     5    0.01    0.44    0.96   12.74 ^ _8624_/X (sky130_fd_sc_hd__and4_1)
                                         _4153_ (net)
                  0.44    0.00   12.75 ^ _8625_/D (sky130_fd_sc_hd__and4_1)
     4    0.01    0.36    0.90   13.64 ^ _8625_/X (sky130_fd_sc_hd__and4_1)
                                         _4154_ (net)
                  0.36    0.00   13.64 ^ _8626_/D (sky130_fd_sc_hd__and4_1)
     5    0.01    0.40    0.89   14.53 ^ _8626_/X (sky130_fd_sc_hd__and4_1)
                                         _4155_ (net)
                  0.40    0.00   14.53 ^ _8627_/D (sky130_fd_sc_hd__and4_1)
     5    0.01    0.39    0.90   15.44 ^ _8627_/X (sky130_fd_sc_hd__and4_1)
                                         _4156_ (net)
                  0.39    0.00   15.44 ^ _8628_/D (sky130_fd_sc_hd__and4_1)
     5    0.01    0.44    0.94   16.37 ^ _8628_/X (sky130_fd_sc_hd__and4_1)
                                         _4157_ (net)
                  0.44    0.00   16.37 ^ _8629_/D (sky130_fd_sc_hd__and4_1)
     5    0.01    0.42    0.94   17.31 ^ _8629_/X (sky130_fd_sc_hd__and4_1)
                                         _4158_ (net)
                  0.42    0.00   17.31 ^ _8630_/D (sky130_fd_sc_hd__and4_1)
     5    0.01    0.45    0.96   18.27 ^ _8630_/X (sky130_fd_sc_hd__and4_1)
                                         _4159_ (net)
                  0.45    0.00   18.27 ^ _8631_/D (sky130_fd_sc_hd__and4_1)
     5    0.01    0.43    0.96   19.23 ^ _8631_/X (sky130_fd_sc_hd__and4_1)
                                         _4160_ (net)
                  0.43    0.00   19.23 ^ _8632_/D (sky130_fd_sc_hd__and4_1)
     5    0.01    0.50    1.00   20.23 ^ _8632_/X (sky130_fd_sc_hd__and4_1)
                                         _4161_ (net)
                  0.50    0.00   20.23 ^ _8633_/D (sky130_fd_sc_hd__nand4_1)
     2    0.01    0.30    0.53   20.76 v _8633_/Y (sky130_fd_sc_hd__nand4_1)
                                         _4162_ (net)
                  0.30    0.00   20.76 v _8634_/D (sky130_fd_sc_hd__nor4_2)
     5    0.01    1.57    1.45   22.21 ^ _8634_/Y (sky130_fd_sc_hd__nor4_2)
                                         _4163_ (net)
                  1.57    0.00   22.21 ^ _8635_/D (sky130_fd_sc_hd__nand4_1)
     5    0.01    0.49    1.12   23.32 v _8635_/Y (sky130_fd_sc_hd__nand4_1)
                                         _4164_ (net)
                  0.49    0.00   23.32 v _8636_/D (sky130_fd_sc_hd__nor4_1)
     4    0.01    1.91    1.83   25.15 ^ _8636_/Y (sky130_fd_sc_hd__nor4_1)
                                         _4165_ (net)
                  1.91    0.00   25.15 ^ _8637_/C (sky130_fd_sc_hd__and3_1)
     5    0.01    0.37    1.41   26.57 ^ _8637_/X (sky130_fd_sc_hd__and3_1)
                                         _4166_ (net)
                  0.37    0.00   26.57 ^ _8638_/D (sky130_fd_sc_hd__and4_1)
     6    0.01    0.53    1.00   27.56 ^ _8638_/X (sky130_fd_sc_hd__and4_1)
                                         _4167_ (net)
                  0.53    0.00   27.56 ^ _8639_/D (sky130_fd_sc_hd__and4_1)
     6    0.01    0.51    1.05   28.62 ^ _8639_/X (sky130_fd_sc_hd__and4_1)
                                         _4168_ (net)
                  0.51    0.00   28.62 ^ _8640_/D (sky130_fd_sc_hd__and4_1)
     4    0.01    0.40    0.96   29.57 ^ _8640_/X (sky130_fd_sc_hd__and4_1)
                                         _4169_ (net)
                  0.40    0.00   29.57 ^ _8641_/B (sky130_fd_sc_hd__and2_0)
     3    0.01    0.39    0.67   30.24 ^ _8641_/X (sky130_fd_sc_hd__and2_0)
                                         _4170_ (net)
                  0.39    0.00   30.24 ^ _8645_/A (sky130_fd_sc_hd__nor2_1)
     1    0.00    0.08    0.24   30.48 v _8645_/Y (sky130_fd_sc_hd__nor2_1)
                                         _0294_ (net)
                  0.08    0.00   30.48 v cpu/count_instr[61]$_SDFFE_PN0P_/D (sky130_fd_sc_hd__dfxtp_1)
                                 30.48   data arrival time
-----------------------------------------------------------------------------
(Path is unconstrained)


Startpoint: cpu/latched_stalu$_SDFFE_PN0P_ (rising edge-triggered flip-flop)
Endpoint: cpu/reg_next_pc[31]$_SDFFE_PN0P_ (rising edge-triggered flip-flop)
Path Group: unconstrained
Path Type: max
Corner: slow

Fanout     Cap    Slew   Delay    Time   Description
-----------------------------------------------------------------------------
                  4.29    0.00    0.00 ^ cpu/latched_stalu$_SDFFE_PN0P_/CLK (sky130_fd_sc_hd__dfxtp_1)
     3    0.01    0.46    3.35    3.35 ^ cpu/latched_stalu$_SDFFE_PN0P_/Q (sky130_fd_sc_hd__dfxtp_1)
                                         _2675_ (net)
                  0.46    0.00    3.35 ^ place238/A (sky130_fd_sc_hd__buf_4)
    31    0.20    2.09    1.96    5.31 ^ place238/X (sky130_fd_sc_hd__buf_4)
                                         net238 (net)
                  2.09    0.00    5.31 ^ _6985_/S (sky130_fd_sc_hd__mux2_4)
     3    0.01    0.16    1.99    7.31 v _6985_/X (sky130_fd_sc_hd__mux2_4)
                                         _2798_ (net)
                  0.16    0.00    7.31 v _7966_/A1 (sky130_fd_sc_hd__mux2_2)
     2    0.01    0.19    1.39    8.70 v _7966_/X (sky130_fd_sc_hd__mux2_2)
                                         _3636_ (net)
                  0.19    0.00    8.70 v _7968_/B (sky130_fd_sc_hd__maj3_2)
     3    0.01    0.22    1.60   10.30 v _7968_/X (sky130_fd_sc_hd__maj3_2)
                                         _3638_ (net)
                  0.22    0.00   10.30 v _7971_/A2 (sky130_fd_sc_hd__a211oi_2)
     2    0.01    0.99    1.26   11.56 ^ _7971_/Y (sky130_fd_sc_hd__a211oi_2)
                                         _3641_ (net)
                  0.99    0.00   11.56 ^ _7974_/A3 (sky130_fd_sc_hd__o311ai_1)
     3    0.01    0.32    0.74   12.30 v _7974_/Y (sky130_fd_sc_hd__o311ai_1)
                                         _3644_ (net)
                  0.32    0.00   12.30 v _7977_/A3 (sky130_fd_sc_hd__a311oi_1)
     3    0.01    2.39    2.40   14.70 ^ _7977_/Y (sky130_fd_sc_hd__a311oi_1)
                                         _3647_ (net)
                  2.39    0.00   14.70 ^ _7980_/A3 (sky130_fd_sc_hd__o311ai_1)
     4    0.01    0.51    1.41   16.11 v _7980_/Y (sky130_fd_sc_hd__o311ai_1)
                                         _3650_ (net)
                  0.51    0.00   16.11 v _7983_/A3 (sky130_fd_sc_hd__a311oi_2)
     3    0.01    0.99    1.53   17.64 ^ _7983_/Y (sky130_fd_sc_hd__a311oi_2)
                                         _3653_ (net)
                  0.99    0.00   17.64 ^ _7986_/A3 (sky130_fd_sc_hd__o311ai_1)
     3    0.01    0.29    0.72   18.36 v _7986_/Y (sky130_fd_sc_hd__o311ai_1)
                                         _3656_ (net)
                  0.29    0.00   18.36 v _7988_/A3 (sky130_fd_sc_hd__a31oi_1)
     2    0.01    1.04    1.13   19.50 ^ _7988_/Y (sky130_fd_sc_hd__a31oi_1)
                                         _3658_ (net)
                  1.04    0.00   19.50 ^ _7990_/A2 (sky130_fd_sc_hd__o21bai_1)
     3    0.01    0.20    0.63   20.12 v _7990_/Y (sky130_fd_sc_hd__o21bai_1)
                                         _3660_ (net)
                  0.20    0.00   20.12 v _7993_/A2 (sky130_fd_sc_hd__a211o_1)
     3    0.01    0.16    1.36   21.48 v _7993_/X (sky130_fd_sc_hd__a211o_1)
                                         _3663_ (net)
                  0.16    0.00   21.48 v _7995_/A3 (sky130_fd_sc_hd__a31oi_1)
     3    0.01    1.26    1.21   22.69 ^ _7995_/Y (sky130_fd_sc_hd__a31oi_1)
                                         _3665_ (net)
                  1.26    0.00   22.69 ^ _8000_/A2 (sky130_fd_sc_hd__a211o_1)
     4    0.01    0.34    1.02   23.71 ^ _8000_/X (sky130_fd_sc_hd__a211o_1)
                                         _3670_ (net)
                  0.34    0.00   23.71 ^ _8001_/B (sky130_fd_sc_hd__nor2_1)
     2    0.01    0.15    0.24   23.95 v _8001_/Y (sky130_fd_sc_hd__nor2_1)
                                         _3671_ (net)
                  0.15    0.00   23.95 v _8003_/A2 (sky130_fd_sc_hd__a21o_1)
     2    0.00    0.10    0.71   24.66 v _8003_/X (sky130_fd_sc_hd__a21o_1)
                                         _3673_ (net)
                  0.10    0.00   24.66 v _8004_/B (sky130_fd_sc_hd__and2_1)
     4    0.01    0.16    0.69   25.35 v _8004_/X (sky130_fd_sc_hd__and2_1)
                                         _3674_ (net)
                  0.16    0.00   25.35 v _8006_/A3 (sky130_fd_sc_hd__a31o_1)
     2    0.01    0.14    0.96   26.31 v _8006_/X (sky130_fd_sc_hd__a31o_1)
                                         _3676_ (net)
                  0.14    0.00   26.31 v _8008_/A (sky130_fd_sc_hd__nand2_1)
     2    0.00    0.20    0.25   26.56 ^ _8008_/Y (sky130_fd_sc_hd__nand2_1)
                                         _3678_ (net)
                  0.20    0.00   26.56 ^ _8009_/B1 (sky130_fd_sc_hd__o21ai_1)
     2    0.01    0.33    0.32   26.88 v _8009_/Y (sky130_fd_sc_hd__o21ai_1)
                                         _3679_ (net)
                  0.33    0.00   26.88 v _8807_/C (sky130_fd_sc_hd__maj3_2)
     2    0.00    0.19    1.52   28.41 v _8807_/X (sky130_fd_sc_hd__maj3_2)
                                         _4273_ (net)
                  0.19    0.00   28.41 v _8811_/A1 (sky130_fd_sc_hd__o21a_1)
     1    0.00    0.09    0.79   29.20 v _8811_/X (sky130_fd_sc_hd__o21a_1)
                                         _4277_ (net)
                  0.09    0.00   29.20 v _8815_/A2 (sky130_fd_sc_hd__a21oi_1)
     1    0.00    0.35    0.47   29.67 ^ _8815_/Y (sky130_fd_sc_hd__a21oi_1)
                                         _4281_ (net)
                  0.35    0.00   29.67 ^ _8819_/A1 (sky130_fd_sc_hd__o21ai_0)
     1    0.00    0.10    0.30   29.97 v _8819_/Y (sky130_fd_sc_hd__o21ai_0)
                                         _0356_ (net)
                  0.10    0.00   29.97 v cpu/reg_next_pc[31]$_SDFFE_PN0P_/D (sky130_fd_sc_hd__dfxtp_1)
                                 29.97   data arrival time
-----------------------------------------------------------------------------
(Path is unconstrained)


Startpoint: cpu/decoder_trigger$_DFF_P_ (rising edge-triggered flip-flop)
Endpoint: cpu/count_instr[60]$_SDFFE_PN0P_ (rising edge-triggered flip-flop)
Path Group: unconstrained
Path Type: max
Corner: slow

Fanout     Cap    Slew   Delay    Time   Description
-----------------------------------------------------------------------------
                  4.29    0.00    0.00 ^ cpu/decoder_trigger$_DFF_P_/CLK (sky130_fd_sc_hd__dfxtp_1)
    35    0.15    4.74    6.50    6.50 ^ cpu/decoder_trigger$_DFF_P_/Q (sky130_fd_sc_hd__dfxtp_1)
                                         _3425_ (net)
                  4.74    0.00    6.50 ^ _8620_/D (sky130_fd_sc_hd__and4_1)
     4    0.01    0.37    2.50    9.00 ^ _8620_/X (sky130_fd_sc_hd__and4_1)
                                         _4149_ (net)
                  0.37    0.00    9.00 ^ _8621_/D (sky130_fd_sc_hd__and4_1)
     5    0.01    0.40    0.90    9.89 ^ _8621_/X (sky130_fd_sc_hd__and4_1)
                                         _4150_ (net)
                  0.40    0.00    9.89 ^ _8622_/D (sky130_fd_sc_hd__and4_1)
     5    0.01    0.43    0.93   10.82 ^ _8622_/X (sky130_fd_sc_hd__and4_1)
                                         _4151_ (net)
                  0.43    0.00   10.82 ^ _8623_/D (sky130_fd_sc_hd__and4_1)
     5    0.01    0.45    0.96   11.78 ^ _8623_/X (sky130_fd_sc_hd__and4_1)
                                         _4152_ (net)
                  0.45    0.00   11.78 ^ _8624_/D (sky130_fd_sc_hd__and4_1)
     5    0.01    0.44    0.96   12.74 ^ _8624_/X (sky130_fd_sc_hd__and4_1)
                                         _4153_ (net)
                  0.44    0.00   12.75 ^ _8625_/D (sky130_fd_sc_hd__and4_1)
     4    0.01    0.36    0.90   13.64 ^ _8625_/X (sky130_fd_sc_hd__and4_1)
                                         _4154_ (net)
                  0.36    0.00   13.64 ^ _8626_/D (sky130_fd_sc_hd__and4_1)
     5    0.01    0.40    0.89   14.53 ^ _8626_/X (sky130_fd_sc_hd__and4_1)
                                         _4155_ (net)
                  0.40    0.00   14.53 ^ _8627_/D (sky130_fd_sc_hd__and4_1)
     5    0.01    0.39    0.90   15.44 ^ _8627_/X (sky130_fd_sc_hd__and4_1)
                                         _4156_ (net)
                  0.39    0.00   15.44 ^ _8628_/D (sky130_fd_sc_hd__and4_1)
     5    0.01    0.44    0.94   16.37 ^ _8628_/X (sky130_fd_sc_hd__and4_1)
                                         _4157_ (net)
                  0.44    0.00   16.37 ^ _8629_/D (sky130_fd_sc_hd__and4_1)
     5    0.01    0.42    0.94   17.31 ^ _8629_/X (sky130_fd_sc_hd__and4_1)
                                         _4158_ (net)
                  0.42    0.00   17.31 ^ _8630_/D (sky130_fd_sc_hd__and4_1)
     5    0.01    0.45    0.96   18.27 ^ _8630_/X (sky130_fd_sc_hd__and4_1)
                                         _4159_ (net)
                  0.45    0.00   18.27 ^ _8631_/D (sky130_fd_sc_hd__and4_1)
     5    0.01    0.43    0.96   19.23 ^ _8631_/X (sky130_fd_sc_hd__and4_1)
                                         _4160_ (net)
                  0.43    0.00   19.23 ^ _8632_/D (sky130_fd_sc_hd__and4_1)
     5    0.01    0.50    1.00   20.23 ^ _8632_/X (sky130_fd_sc_hd__and4_1)
                                         _4161_ (net)
                  0.50    0.00   20.23 ^ _8633_/D (sky130_fd_sc_hd__nand4_1)
     2    0.01    0.30    0.53   20.76 v _8633_/Y (sky130_fd_sc_hd__nand4_1)
                                         _4162_ (net)
                  0.30    0.00   20.76 v _8634_/D (sky130_fd_sc_hd__nor4_2)
     5    0.01    1.57    1.45   22.21 ^ _8634_/Y (sky130_fd_sc_hd__nor4_2)
                                         _4163_ (net)
                  1.57    0.00   22.21 ^ _8635_/D (sky130_fd_sc_hd__nand4_1)
     5    0.01    0.49    1.12   23.32 v _8635_/Y (sky130_fd_sc_hd__nand4_1)
                                         _4164_ (net)
                  0.49    0.00   23.32 v _8636_/D (sky130_fd_sc_hd__nor4_1)
     4    0.01    1.91    1.83   25.15 ^ _8636_/Y (sky130_fd_sc_hd__nor4_1)
                                         _4165_ (net)
                  1.91    0.00   25.15 ^ _8637_/C (sky130_fd_sc_hd__and3_1)
     5    0.01    0.37    1.41   26.57 ^ _8637_/X (sky130_fd_sc_hd__and3_1)
                                         _4166_ (net)
                  0.37    0.00   26.57 ^ _8638_/D (sky130_fd_sc_hd__and4_1)
     6    0.01    0.53    1.00   27.56 ^ _8638_/X (sky130_fd_sc_hd__and4_1)
                                         _4167_ (net)
                  0.53    0.00   27.56 ^ _8639_/D (sky130_fd_sc_hd__and4_1)
     6    0.01    0.51    1.05   28.62 ^ _8639_/X (sky130_fd_sc_hd__and4_1)
                                         _4168_ (net)
                  0.51    0.00   28.62 ^ _8646_/C (sky130_fd_sc_hd__and3_1)
     2    0.00    0.21    0.70   29.31 ^ _8646_/X (sky130_fd_sc_hd__and3_1)
                                         _4173_ (net)
                  0.21    0.00   29.31 ^ _8647_/A2 (sky130_fd_sc_hd__o21ai_0)
     1    0.00    0.14    0.22   29.53 v _8647_/Y (sky130_fd_sc_hd__o21ai_0)
                                         _4174_ (net)
                  0.14    0.00   29.53 v _8648_/B (sky130_fd_sc_hd__nor2_1)
     1    0.00    0.23    0.30   29.83 ^ _8648_/Y (sky130_fd_sc_hd__nor2_1)
                                         _0295_ (net)
                  0.23    0.00   29.83 ^ cpu/count_instr[60]$_SDFFE_PN0P_/D (sky130_fd_sc_hd__dfxtp_1)
                                 29.83   data arrival time
-----------------------------------------------------------------------------
(Path is unconstrained)


Startpoint: cpu/latched_stalu$_SDFFE_PN0P_ (rising edge-triggered flip-flop)
Endpoint: cpu/reg_next_pc[30]$_SDFFE_PN0P_ (rising edge-triggered flip-flop)
Path Group: unconstrained
Path Type: max
Corner: slow

Fanout     Cap    Slew   Delay    Time   Description
-----------------------------------------------------------------------------
                  4.29    0.00    0.00 ^ cpu/latched_stalu$_SDFFE_PN0P_/CLK (sky130_fd_sc_hd__dfxtp_1)
     3    0.01    0.46    3.35    3.35 ^ cpu/latched_stalu$_SDFFE_PN0P_/Q (sky130_fd_sc_hd__dfxtp_1)
                                         _2675_ (net)
                  0.46    0.00    3.35 ^ place238/A (sky130_fd_sc_hd__buf_4)
    31    0.20    2.09    1.96    5.31 ^ place238/X (sky130_fd_sc_hd__buf_4)
                                         net238 (net)
                  2.09    0.00    5.31 ^ _6975_/S (sky130_fd_sc_hd__mux2_2)
     2    0.01    0.19    2.39    7.70 v _6975_/X (sky130_fd_sc_hd__mux2_2)
                                         _2791_ (net)
                  0.19    0.00    7.70 v _7887_/A1 (sky130_fd_sc_hd__mux2i_1)
     5    0.02    1.78    1.63    9.33 ^ _7887_/Y (sky130_fd_sc_hd__mux2i_1)
                                         _3562_ (net)
                  1.78    0.00    9.33 ^ _7962_/B (sky130_fd_sc_hd__xnor2_1)
     2    0.00    0.62    1.07   10.40 ^ _7962_/Y (sky130_fd_sc_hd__xnor2_1)
                                         _3632_ (net)
                  0.62    0.00   10.40 ^ _7963_/A (sky130_fd_sc_hd__inv_1)
     2    0.01    0.13    0.38   10.78 v _7963_/Y (sky130_fd_sc_hd__inv_1)
                                         _3633_ (net)
                  0.13    0.00   10.78 v _7974_/A1 (sky130_fd_sc_hd__o311ai_1)
     3    0.01    1.97    2.04   12.82 ^ _7974_/Y (sky130_fd_sc_hd__o311ai_1)
                                         _3644_ (net)
                  1.97    0.00   12.82 ^ _7977_/A3 (sky130_fd_sc_hd__a311oi_1)
     3    0.01    0.46    1.27   14.09 v _7977_/Y (sky130_fd_sc_hd__a311oi_1)
                                         _3647_ (net)
                  0.46    0.00   14.09 v _7980_/A3 (sky130_fd_sc_hd__o311ai_1)
     4    0.02    2.73    2.69   16.78 ^ _7980_/Y (sky130_fd_sc_hd__o311ai_1)
                                         _3650_ (net)
                  2.73    0.00   16.78 ^ _7983_/A3 (sky130_fd_sc_hd__a311oi_2)
     3    0.01    0.31    1.34   18.12 v _7983_/Y (sky130_fd_sc_hd__a311oi_2)
                                         _3653_ (net)
                  0.31    0.00   18.12 v _7986_/A3 (sky130_fd_sc_hd__o311ai_1)
     3    0.01    1.83    1.88   20.00 ^ _7986_/Y (sky130_fd_sc_hd__o311ai_1)
                                         _3656_ (net)
                  1.83    0.00   20.00 ^ _7988_/A3 (sky130_fd_sc_hd__a31oi_1)
     2    0.01    0.34    1.09   21.09 v _7988_/Y (sky130_fd_sc_hd__a31oi_1)
                                         _3658_ (net)
                  0.34    0.00   21.09 v _7990_/A2 (sky130_fd_sc_hd__o21bai_1)
     3    0.01    0.71    0.86   21.96 ^ _7990_/Y (sky130_fd_sc_hd__o21bai_1)
                                         _3660_ (net)
                  0.71    0.00   21.96 ^ _7993_/A2 (sky130_fd_sc_hd__a211o_1)
     3    0.01    0.22    0.69   22.64 ^ _7993_/X (sky130_fd_sc_hd__a211o_1)
                                         _3663_ (net)
                  0.22    0.00   22.64 ^ _7995_/A3 (sky130_fd_sc_hd__a31oi_1)
     3    0.01    0.35    0.42   23.06 v _7995_/Y (sky130_fd_sc_hd__a31oi_1)
                                         _3665_ (net)
                  0.35    0.00   23.06 v _8000_/A2 (sky130_fd_sc_hd__a211o_1)
     4    0.01    0.20    1.51   24.57 v _8000_/X (sky130_fd_sc_hd__a211o_1)
                                         _3670_ (net)
                  0.20    0.00   24.57 v _8001_/B (sky130_fd_sc_hd__nor2_1)
     2    0.01    0.48    0.53   25.10 ^ _8001_/Y (sky130_fd_sc_hd__nor2_1)
                                         _3671_ (net)
                  0.48    0.00   25.10 ^ _8003_/A2 (sky130_fd_sc_hd__a21o_1)
     2    0.00    0.16    0.52   25.62 ^ _8003_/X (sky130_fd_sc_hd__a21o_1)
                                         _3673_ (net)
                  0.16    0.00   25.62 ^ _8004_/B (sky130_fd_sc_hd__and2_1)
     4    0.01    0.45    0.61   26.23 ^ _8004_/X (sky130_fd_sc_hd__and2_1)
                                         _3674_ (net)
                  0.45    0.00   26.23 ^ _8006_/A3 (sky130_fd_sc_hd__a31o_1)
     2    0.01    0.33    0.71   26.94 ^ _8006_/X (sky130_fd_sc_hd__a31o_1)
                                         _3676_ (net)
                  0.33    0.00   26.94 ^ _8008_/A (sky130_fd_sc_hd__nand2_1)
     2    0.00    0.13    0.27   27.20 v _8008_/Y (sky130_fd_sc_hd__nand2_1)
                                         _3678_ (net)
                  0.13    0.00   27.20 v _8009_/B1 (sky130_fd_sc_hd__o21ai_1)
     2    0.01    1.11    0.64   27.84 ^ _8009_/Y (sky130_fd_sc_hd__o21ai_1)
                                         _3679_ (net)
                  1.11    0.00   27.84 ^ _8011_/A (sky130_fd_sc_hd__xnor2_1)
     1    0.00    0.46    0.78   28.62 ^ _8011_/Y (sky130_fd_sc_hd__xnor2_1)
                                         _3681_ (net)
                  0.46    0.00   28.62 ^ _8031_/A2 (sky130_fd_sc_hd__o22ai_1)
     1    0.00    0.30    0.33   28.95 v _8031_/Y (sky130_fd_sc_hd__o22ai_1)
                                         _3701_ (net)
                  0.30    0.00   28.95 v _8033_/A2 (sky130_fd_sc_hd__o21ai_0)
     1    0.00    0.37    0.57   29.53 ^ _8033_/Y (sky130_fd_sc_hd__o21ai_0)
                                         _0151_ (net)
                  0.37    0.00   29.53 ^ cpu/reg_next_pc[30]$_SDFFE_PN0P_/D (sky130_fd_sc_hd__dfxtp_1)
                                 29.53   data arrival time
-----------------------------------------------------------------------------
(Path is unconstrained)


Startpoint: cpu/decoder_trigger$_DFF_P_ (rising edge-triggered flip-flop)
Endpoint: cpu/count_instr[59]$_SDFFE_PN0P_ (rising edge-triggered flip-flop)
Path Group: unconstrained
Path Type: max
Corner: slow

Fanout     Cap    Slew   Delay    Time   Description
-----------------------------------------------------------------------------
                  4.29    0.00    0.00 ^ cpu/decoder_trigger$_DFF_P_/CLK (sky130_fd_sc_hd__dfxtp_1)
    35    0.15    4.74    6.50    6.50 ^ cpu/decoder_trigger$_DFF_P_/Q (sky130_fd_sc_hd__dfxtp_1)
                                         _3425_ (net)
                  4.74    0.00    6.50 ^ _8620_/D (sky130_fd_sc_hd__and4_1)
     4    0.01    0.37    2.50    9.00 ^ _8620_/X (sky130_fd_sc_hd__and4_1)
                                         _4149_ (net)
                  0.37    0.00    9.00 ^ _8621_/D (sky130_fd_sc_hd__and4_1)
     5    0.01    0.40    0.90    9.89 ^ _8621_/X (sky130_fd_sc_hd__and4_1)
                                         _4150_ (net)
                  0.40    0.00    9.89 ^ _8622_/D (sky130_fd_sc_hd__and4_1)
     5    0.01    0.43    0.93   10.82 ^ _8622_/X (sky130_fd_sc_hd__and4_1)
                                         _4151_ (net)
                  0.43    0.00   10.82 ^ _8623_/D (sky130_fd_sc_hd__and4_1)
     5    0.01    0.45    0.96   11.78 ^ _8623_/X (sky130_fd_sc_hd__and4_1)
                                         _4152_ (net)
                  0.45    0.00   11.78 ^ _8624_/D (sky130_fd_sc_hd__and4_1)
     5    0.01    0.44    0.96   12.74 ^ _8624_/X (sky130_fd_sc_hd__and4_1)
                                         _4153_ (net)
                  0.44    0.00   12.75 ^ _8625_/D (sky130_fd_sc_hd__and4_1)
     4    0.01    0.36    0.90   13.64 ^ _8625_/X (sky130_fd_sc_hd__and4_1)
                                         _4154_ (net)
                  0.36    0.00   13.64 ^ _8626_/D (sky130_fd_sc_hd__and4_1)
     5    0.01    0.40    0.89   14.53 ^ _8626_/X (sky130_fd_sc_hd__and4_1)
                                         _4155_ (net)
                  0.40    0.00   14.53 ^ _8627_/D (sky130_fd_sc_hd__and4_1)
     5    0.01    0.39    0.90   15.44 ^ _8627_/X (sky130_fd_sc_hd__and4_1)
                                         _4156_ (net)
                  0.39    0.00   15.44 ^ _8628_/D (sky130_fd_sc_hd__and4_1)
     5    0.01    0.44    0.94   16.37 ^ _8628_/X (sky130_fd_sc_hd__and4_1)
                                         _4157_ (net)
                  0.44    0.00   16.37 ^ _8629_/D (sky130_fd_sc_hd__and4_1)
     5    0.01    0.42    0.94   17.31 ^ _8629_/X (sky130_fd_sc_hd__and4_1)
                                         _4158_ (net)
                  0.42    0.00   17.31 ^ _8630_/D (sky130_fd_sc_hd__and4_1)
     5    0.01    0.45    0.96   18.27 ^ _8630_/X (sky130_fd_sc_hd__and4_1)
                                         _4159_ (net)
                  0.45    0.00   18.27 ^ _8631_/D (sky130_fd_sc_hd__and4_1)
     5    0.01    0.43    0.96   19.23 ^ _8631_/X (sky130_fd_sc_hd__and4_1)
                                         _4160_ (net)
                  0.43    0.00   19.23 ^ _8632_/D (sky130_fd_sc_hd__and4_1)
     5    0.01    0.50    1.00   20.23 ^ _8632_/X (sky130_fd_sc_hd__and4_1)
                                         _4161_ (net)
                  0.50    0.00   20.23 ^ _8633_/D (sky130_fd_sc_hd__nand4_1)
     2    0.01    0.30    0.53   20.76 v _8633_/Y (sky130_fd_sc_hd__nand4_1)
                                         _4162_ (net)
                  0.30    0.00   20.76 v _8634_/D (sky130_fd_sc_hd__nor4_2)
     5    0.01    1.57    1.45   22.21 ^ _8634_/Y (sky130_fd_sc_hd__nor4_2)
                                         _4163_ (net)
                  1.57    0.00   22.21 ^ _8635_/D (sky130_fd_sc_hd__nand4_1)
     5    0.01    0.49    1.12   23.32 v _8635_/Y (sky130_fd_sc_hd__nand4_1)
                                         _4164_ (net)
                  0.49    0.00   23.32 v _8636_/D (sky130_fd_sc_hd__nor4_1)
     4    0.01    1.91    1.83   25.15 ^ _8636_/Y (sky130_fd_sc_hd__nor4_1)
                                         _4165_ (net)
                  1.91    0.00   25.15 ^ _8637_/C (sky130_fd_sc_hd__and3_1)
     5    0.01    0.37    1.41   26.57 ^ _8637_/X (sky130_fd_sc_hd__and3_1)
                                         _4166_ (net)
                  0.37    0.00   26.57 ^ _8638_/D (sky130_fd_sc_hd__and4_1)
     6    0.01    0.53    1.00   27.56 ^ _8638_/X (sky130_fd_sc_hd__and4_1)
                                         _4167_ (net)
                  0.53    0.00   27.56 ^ _8639_/D (sky130_fd_sc_hd__and4_1)
     6    0.01    0.51    1.05   28.62 ^ _8639_/X (sky130_fd_sc_hd__and4_1)
                                         _4168_ (net)
                  0.51    0.00   28.62 ^ _8646_/C (sky130_fd_sc_hd__and3_1)
     2    0.00    0.21    0.70   29.31 ^ _8646_/X (sky130_fd_sc_hd__and3_1)
                                         _4173_ (net)
                  0.21    0.00   29.31 ^ _8650_/B (sky130_fd_sc_hd__nor3_1)
     1    0.00    0.32    0.15   29.47 v _8650_/Y (sky130_fd_sc_hd__nor3_1)
                                         _0296_ (net)
                  0.32    0.00   29.47 v cpu/count_instr[59]$_SDFFE_PN0P_/D (sky130_fd_sc_hd__dfxtp_1)
                                 29.47   data arrival time
-----------------------------------------------------------------------------
(Path is unconstrained)


Startpoint: cpu/decoder_trigger$_DFF_P_ (rising edge-triggered flip-flop)
Endpoint: cpu/count_instr[58]$_SDFFE_PN0P_ (rising edge-triggered flip-flop)
Path Group: unconstrained
Path Type: max
Corner: slow

Fanout     Cap    Slew   Delay    Time   Description
-----------------------------------------------------------------------------
                  4.29    0.00    0.00 ^ cpu/decoder_trigger$_DFF_P_/CLK (sky130_fd_sc_hd__dfxtp_1)
    35    0.15    4.74    6.50    6.50 ^ cpu/decoder_trigger$_DFF_P_/Q (sky130_fd_sc_hd__dfxtp_1)
                                         _3425_ (net)
                  4.74    0.00    6.50 ^ _8620_/D (sky130_fd_sc_hd__and4_1)
     4    0.01    0.37    2.50    9.00 ^ _8620_/X (sky130_fd_sc_hd__and4_1)
                                         _4149_ (net)
                  0.37    0.00    9.00 ^ _8621_/D (sky130_fd_sc_hd__and4_1)
     5    0.01    0.40    0.90    9.89 ^ _8621_/X (sky130_fd_sc_hd__and4_1)
                                         _4150_ (net)
                  0.40    0.00    9.89 ^ _8622_/D (sky130_fd_sc_hd__and4_1)
     5    0.01    0.43    0.93   10.82 ^ _8622_/X (sky130_fd_sc_hd__and4_1)
                                         _4151_ (net)
                  0.43    0.00   10.82 ^ _8623_/D (sky130_fd_sc_hd__and4_1)
     5    0.01    0.45    0.96   11.78 ^ _8623_/X (sky130_fd_sc_hd__and4_1)
                                         _4152_ (net)
                  0.45    0.00   11.78 ^ _8624_/D (sky130_fd_sc_hd__and4_1)
     5    0.01    0.44    0.96   12.74 ^ _8624_/X (sky130_fd_sc_hd__and4_1)
                                         _4153_ (net)
                  0.44    0.00   12.75 ^ _8625_/D (sky130_fd_sc_hd__and4_1)
     4    0.01    0.36    0.90   13.64 ^ _8625_/X (sky130_fd_sc_hd__and4_1)
                                         _4154_ (net)
                  0.36    0.00   13.64 ^ _8626_/D (sky130_fd_sc_hd__and4_1)
     5    0.01    0.40    0.89   14.53 ^ _8626_/X (sky130_fd_sc_hd__and4_1)
                                         _4155_ (net)
                  0.40    0.00   14.53 ^ _8627_/D (sky130_fd_sc_hd__and4_1)
     5    0.01    0.39    0.90   15.44 ^ _8627_/X (sky130_fd_sc_hd__and4_1)
                                         _4156_ (net)
                  0.39    0.00   15.44 ^ _8628_/D (sky130_fd_sc_hd__and4_1)
     5    0.01    0.44    0.94   16.37 ^ _8628_/X (sky130_fd_sc_hd__and4_1)
                                         _4157_ (net)
                  0.44    0.00   16.37 ^ _8629_/D (sky130_fd_sc_hd__and4_1)
     5    0.01    0.42    0.94   17.31 ^ _8629_/X (sky130_fd_sc_hd__and4_1)
                                         _4158_ (net)
                  0.42    0.00   17.31 ^ _8630_/D (sky130_fd_sc_hd__and4_1)
     5    0.01    0.45    0.96   18.27 ^ _8630_/X (sky130_fd_sc_hd__and4_1)
                                         _4159_ (net)
                  0.45    0.00   18.27 ^ _8631_/D (sky130_fd_sc_hd__and4_1)
     5    0.01    0.43    0.96   19.23 ^ _8631_/X (sky130_fd_sc_hd__and4_1)
                                         _4160_ (net)
                  0.43    0.00   19.23 ^ _8632_/D (sky130_fd_sc_hd__and4_1)
     5    0.01    0.50    1.00   20.23 ^ _8632_/X (sky130_fd_sc_hd__and4_1)
                                         _4161_ (net)
                  0.50    0.00   20.23 ^ _8633_/D (sky130_fd_sc_hd__nand4_1)
     2    0.01    0.30    0.53   20.76 v _8633_/Y (sky130_fd_sc_hd__nand4_1)
                                         _4162_ (net)
                  0.30    0.00   20.76 v _8634_/D (sky130_fd_sc_hd__nor4_2)
     5    0.01    1.57    1.45   22.21 ^ _8634_/Y (sky130_fd_sc_hd__nor4_2)
                                         _4163_ (net)
                  1.57    0.00   22.21 ^ _8635_/D (sky130_fd_sc_hd__nand4_1)
     5    0.01    0.49    1.12   23.32 v _8635_/Y (sky130_fd_sc_hd__nand4_1)
                                         _4164_ (net)
                  0.49    0.00   23.32 v _8636_/D (sky130_fd_sc_hd__nor4_1)
     4    0.01    1.91    1.83   25.15 ^ _8636_/Y (sky130_fd_sc_hd__nor4_1)
                                         _4165_ (net)
                  1.91    0.00   25.15 ^ _8637_/C (sky130_fd_sc_hd__and3_1)
     5    0.01    0.37    1.41   26.57 ^ _8637_/X (sky130_fd_sc_hd__and3_1)
                                         _4166_ (net)
                  0.37    0.00   26.57 ^ _8638_/D (sky130_fd_sc_hd__and4_1)
     6    0.01    0.53    1.00   27.56 ^ _8638_/X (sky130_fd_sc_hd__and4_1)
                                         _4167_ (net)
                  0.53    0.00   27.56 ^ _8639_/D (sky130_fd_sc_hd__and4_1)
     6    0.01    0.51    1.05   28.62 ^ _8639_/X (sky130_fd_sc_hd__and4_1)
                                         _4168_ (net)
                  0.51    0.00   28.62 ^ _8654_/A2 (sky130_fd_sc_hd__o21ai_0)
     1    0.00    0.14    0.37   28.98 v _8654_/Y (sky130_fd_sc_hd__o21ai_0)
                                         _4178_ (net)
                  0.14    0.00   28.98 v _8655_/B1 (sky130_fd_sc_hd__a21oi_1)
     1    0.00    0.31    0.40   29.38 ^ _8655_/Y (sky130_fd_sc_hd__a21oi_1)
                                         _0298_ (net)
                  0.31    0.00   29.38 ^ cpu/count_instr[58]$_SDFFE_PN0P_/D (sky130_fd_sc_hd__dfxtp_1)
                                 29.38   data arrival time
-----------------------------------------------------------------------------
(Path is unconstrained)


Startpoint: cpu/latched_stalu$_SDFFE_PN0P_ (rising edge-triggered flip-flop)
Endpoint: cpu/reg_next_pc[28]$_SDFFE_PN0P_ (rising edge-triggered flip-flop)
Path Group: unconstrained
Path Type: max
Corner: slow

Fanout     Cap    Slew   Delay    Time   Description
-----------------------------------------------------------------------------
                  4.29    0.00    0.00 ^ cpu/latched_stalu$_SDFFE_PN0P_/CLK (sky130_fd_sc_hd__dfxtp_1)
     3    0.01    0.46    3.35    3.35 ^ cpu/latched_stalu$_SDFFE_PN0P_/Q (sky130_fd_sc_hd__dfxtp_1)
                                         _2675_ (net)
                  0.46    0.00    3.35 ^ place238/A (sky130_fd_sc_hd__buf_4)
    31    0.20    2.09    1.96    5.31 ^ place238/X (sky130_fd_sc_hd__buf_4)
                                         net238 (net)
                  2.09    0.00    5.31 ^ _6975_/S (sky130_fd_sc_hd__mux2_2)
     2    0.01    0.19    2.39    7.70 v _6975_/X (sky130_fd_sc_hd__mux2_2)
                                         _2791_ (net)
                  0.19    0.00    7.70 v _7887_/A1 (sky130_fd_sc_hd__mux2i_1)
     5    0.02    1.78    1.63    9.33 ^ _7887_/Y (sky130_fd_sc_hd__mux2i_1)
                                         _3562_ (net)
                  1.78    0.00    9.33 ^ _7962_/B (sky130_fd_sc_hd__xnor2_1)
     2    0.00    0.62    1.07   10.40 ^ _7962_/Y (sky130_fd_sc_hd__xnor2_1)
                                         _3632_ (net)
                  0.62    0.00   10.40 ^ _7963_/A (sky130_fd_sc_hd__inv_1)
     2    0.01    0.13    0.38   10.78 v _7963_/Y (sky130_fd_sc_hd__inv_1)
                                         _3633_ (net)
                  0.13    0.00   10.78 v _7974_/A1 (sky130_fd_sc_hd__o311ai_1)
     3    0.01    1.97    2.04   12.82 ^ _7974_/Y (sky130_fd_sc_hd__o311ai_1)
                                         _3644_ (net)
                  1.97    0.00   12.82 ^ _7977_/A3 (sky130_fd_sc_hd__a311oi_1)
     3    0.01    0.46    1.27   14.09 v _7977_/Y (sky130_fd_sc_hd__a311oi_1)
                                         _3647_ (net)
                  0.46    0.00   14.09 v _7980_/A3 (sky130_fd_sc_hd__o311ai_1)
     4    0.02    2.73    2.69   16.78 ^ _7980_/Y (sky130_fd_sc_hd__o311ai_1)
                                         _3650_ (net)
                  2.73    0.00   16.78 ^ _7983_/A3 (sky130_fd_sc_hd__a311oi_2)
     3    0.01    0.31    1.34   18.12 v _7983_/Y (sky130_fd_sc_hd__a311oi_2)
                                         _3653_ (net)
                  0.31    0.00   18.12 v _7986_/A3 (sky130_fd_sc_hd__o311ai_1)
     3    0.01    1.83    1.88   20.00 ^ _7986_/Y (sky130_fd_sc_hd__o311ai_1)
                                         _3656_ (net)
                  1.83    0.00   20.00 ^ _7988_/A3 (sky130_fd_sc_hd__a31oi_1)
     2    0.01    0.34    1.09   21.09 v _7988_/Y (sky130_fd_sc_hd__a31oi_1)
                                         _3658_ (net)
                  0.34    0.00   21.09 v _7990_/A2 (sky130_fd_sc_hd__o21bai_1)
     3    0.01    0.71    0.86   21.96 ^ _7990_/Y (sky130_fd_sc_hd__o21bai_1)
                                         _3660_ (net)
                  0.71    0.00   21.96 ^ _7993_/A2 (sky130_fd_sc_hd__a211o_1)
     3    0.01    0.22    0.69   22.64 ^ _7993_/X (sky130_fd_sc_hd__a211o_1)
                                         _3663_ (net)
                  0.22    0.00   22.64 ^ _7995_/A3 (sky130_fd_sc_hd__a31oi_1)
     3    0.01    0.35    0.42   23.06 v _7995_/Y (sky130_fd_sc_hd__a31oi_1)
                                         _3665_ (net)
                  0.35    0.00   23.06 v _8000_/A2 (sky130_fd_sc_hd__a211o_1)
     4    0.01    0.20    1.51   24.57 v _8000_/X (sky130_fd_sc_hd__a211o_1)
                                         _3670_ (net)
                  0.20    0.00   24.57 v _8001_/B (sky130_fd_sc_hd__nor2_1)
     2    0.01    0.48    0.53   25.10 ^ _8001_/Y (sky130_fd_sc_hd__nor2_1)
                                         _3671_ (net)
                  0.48    0.00   25.10 ^ _8003_/A2 (sky130_fd_sc_hd__a21o_1)
     2    0.00    0.16    0.52   25.62 ^ _8003_/X (sky130_fd_sc_hd__a21o_1)
                                         _3673_ (net)
                  0.16    0.00   25.62 ^ _8004_/B (sky130_fd_sc_hd__and2_1)
     4    0.01    0.45    0.61   26.23 ^ _8004_/X (sky130_fd_sc_hd__and2_1)
                                         _3674_ (net)
                  0.45    0.00   26.23 ^ _8054_/A2 (sky130_fd_sc_hd__a21oi_1)
     2    0.00    0.16    0.34   26.57 v _8054_/Y (sky130_fd_sc_hd__a21oi_1)
                                         _3722_ (net)
                  0.16    0.00   26.57 v _8055_/B (sky130_fd_sc_hd__nor2_1)
     3    0.01    0.59    0.59   27.17 ^ _8055_/Y (sky130_fd_sc_hd__nor2_1)
                                         _3723_ (net)
                  0.59    0.00   27.17 ^ _8056_/C (sky130_fd_sc_hd__nor3_1)
     1    0.00    0.13    0.32   27.49 v _8056_/Y (sky130_fd_sc_hd__nor3_1)
                                         _3724_ (net)
                  0.13    0.00   27.49 v _8060_/A1 (sky130_fd_sc_hd__o221ai_1)
     1    0.00    0.59    0.75   28.24 ^ _8060_/Y (sky130_fd_sc_hd__o221ai_1)
                                         _3728_ (net)
                  0.59    0.00   28.24 ^ _8061_/B1 (sky130_fd_sc_hd__o21ai_0)
     1    0.00    0.35    0.42   28.66 v _8061_/Y (sky130_fd_sc_hd__o21ai_0)
                                         _3729_ (net)
                  0.35    0.00   28.66 v _8062_/B (sky130_fd_sc_hd__nand2_1)
     1    0.00    0.12    0.34   29.00 ^ _8062_/Y (sky130_fd_sc_hd__nand2_1)
                                         _0153_ (net)
                  0.12    0.00   29.00 ^ cpu/reg_next_pc[28]$_SDFFE_PN0P_/D (sky130_fd_sc_hd__dfxtp_1)
                                 29.00   data arrival time
-----------------------------------------------------------------------------
(Path is unconstrained)


Startpoint: cpu/decoder_trigger$_DFF_P_ (rising edge-triggered flip-flop)
Endpoint: cpu/count_instr[57]$_SDFFE_PN0P_ (rising edge-triggered flip-flop)
Path Group: unconstrained
Path Type: max
Corner: slow

Fanout     Cap    Slew   Delay    Time   Description
-----------------------------------------------------------------------------
                  4.29    0.00    0.00 ^ cpu/decoder_trigger$_DFF_P_/CLK (sky130_fd_sc_hd__dfxtp_1)
    35    0.15    4.74    6.50    6.50 ^ cpu/decoder_trigger$_DFF_P_/Q (sky130_fd_sc_hd__dfxtp_1)
                                         _3425_ (net)
                  4.74    0.00    6.50 ^ _8620_/D (sky130_fd_sc_hd__and4_1)
     4    0.01    0.37    2.50    9.00 ^ _8620_/X (sky130_fd_sc_hd__and4_1)
                                         _4149_ (net)
                  0.37    0.00    9.00 ^ _8621_/D (sky130_fd_sc_hd__and4_1)
     5    0.01    0.40    0.90    9.89 ^ _8621_/X (sky130_fd_sc_hd__and4_1)
                                         _4150_ (net)
                  0.40    0.00    9.89 ^ _8622_/D (sky130_fd_sc_hd__and4_1)
     5    0.01    0.43    0.93   10.82 ^ _8622_/X (sky130_fd_sc_hd__and4_1)
                                         _4151_ (net)
                  0.43    0.00   10.82 ^ _8623_/D (sky130_fd_sc_hd__and4_1)
     5    0.01    0.45    0.96   11.78 ^ _8623_/X (sky130_fd_sc_hd__and4_1)
                                         _4152_ (net)
                  0.45    0.00   11.78 ^ _8624_/D (sky130_fd_sc_hd__and4_1)
     5    0.01    0.44    0.96   12.74 ^ _8624_/X (sky130_fd_sc_hd__and4_1)
                                         _4153_ (net)
                  0.44    0.00   12.75 ^ _8625_/D (sky130_fd_sc_hd__and4_1)
     4    0.01    0.36    0.90   13.64 ^ _8625_/X (sky130_fd_sc_hd__and4_1)
                                         _4154_ (net)
                  0.36    0.00   13.64 ^ _8626_/D (sky130_fd_sc_hd__and4_1)
     5    0.01    0.40    0.89   14.53 ^ _8626_/X (sky130_fd_sc_hd__and4_1)
                                         _4155_ (net)
                  0.40    0.00   14.53 ^ _8627_/D (sky130_fd_sc_hd__and4_1)
     5    0.01    0.39    0.90   15.44 ^ _8627_/X (sky130_fd_sc_hd__and4_1)
                                         _4156_ (net)
                  0.39    0.00   15.44 ^ _8628_/D (sky130_fd_sc_hd__and4_1)
     5    0.01    0.44    0.94   16.37 ^ _8628_/X (sky130_fd_sc_hd__and4_1)
                                         _4157_ (net)
                  0.44    0.00   16.37 ^ _8629_/D (sky130_fd_sc_hd__and4_1)
     5    0.01    0.42    0.94   17.31 ^ _8629_/X (sky130_fd_sc_hd__and4_1)
                                         _4158_ (net)
                  0.42    0.00   17.31 ^ _8630_/D (sky130_fd_sc_hd__and4_1)
     5    0.01    0.45    0.96   18.27 ^ _8630_/X (sky130_fd_sc_hd__and4_1)
                                         _4159_ (net)
                  0.45    0.00   18.27 ^ _8631_/D (sky130_fd_sc_hd__and4_1)
     5    0.01    0.43    0.96   19.23 ^ _8631_/X (sky130_fd_sc_hd__and4_1)
                                         _4160_ (net)
                  0.43    0.00   19.23 ^ _8632_/D (sky130_fd_sc_hd__and4_1)
     5    0.01    0.50    1.00   20.23 ^ _8632_/X (sky130_fd_sc_hd__and4_1)
                                         _4161_ (net)
                  0.50    0.00   20.23 ^ _8633_/D (sky130_fd_sc_hd__nand4_1)
     2    0.01    0.30    0.53   20.76 v _8633_/Y (sky130_fd_sc_hd__nand4_1)
                                         _4162_ (net)
                  0.30    0.00   20.76 v _8634_/D (sky130_fd_sc_hd__nor4_2)
     5    0.01    1.57    1.45   22.21 ^ _8634_/Y (sky130_fd_sc_hd__nor4_2)
                                         _4163_ (net)
                  1.57    0.00   22.21 ^ _8635_/D (sky130_fd_sc_hd__nand4_1)
     5    0.01    0.49    1.12   23.32 v _8635_/Y (sky130_fd_sc_hd__nand4_1)
                                         _4164_ (net)
                  0.49    0.00   23.32 v _8636_/D (sky130_fd_sc_hd__nor4_1)
     4    0.01    1.91    1.83   25.15 ^ _8636_/Y (sky130_fd_sc_hd__nor4_1)
                                         _4165_ (net)
                  1.91    0.00   25.15 ^ _8637_/C (sky130_fd_sc_hd__and3_1)
     5    0.01    0.37    1.41   26.57 ^ _8637_/X (sky130_fd_sc_hd__and3_1)
                                         _4166_ (net)
                  0.37    0.00   26.57 ^ _8638_/D (sky130_fd_sc_hd__and4_1)
     6    0.01    0.53    1.00   27.56 ^ _8638_/X (sky130_fd_sc_hd__and4_1)
                                         _4167_ (net)
                  0.53    0.00   27.56 ^ _8639_/D (sky130_fd_sc_hd__and4_1)
     6    0.01    0.51    1.05   28.62 ^ _8639_/X (sky130_fd_sc_hd__and4_1)
                                         _4168_ (net)
                  0.51    0.00   28.62 ^ _8658_/A (sky130_fd_sc_hd__nor2_1)
     1    0.00    0.08    0.28   28.90 v _8658_/Y (sky130_fd_sc_hd__nor2_1)
                                         _0299_ (net)
                  0.08    0.00   28.90 v cpu/count_instr[57]$_SDFFE_PN0P_/D (sky130_fd_sc_hd__dfxtp_1)
                                 28.90   data arrival time
-----------------------------------------------------------------------------
(Path is unconstrained)


